May 24 17:46:34 localhost kernel: Linux version 5.14.0-70.13.1.el9_0.x86_64 (mockbuild@x86-vm-08.build.eng.bos.redhat.com) (gcc (GCC) 11.2.1 20220127 (Red Hat 11.2.1-9), GNU ld version 2.35.2-17.el9) #1 SMP PREEMPT Thu Apr 14 12:42:38 EDT 2022
May 24 17:46:34 localhost kernel: The list of certified hardware and cloud instances for Red Hat Enterprise Linux 9 can be viewed at the Red Hat Ecosystem Catalog, https://catalog.redhat.com.
May 24 17:46:34 localhost kernel: Command line: BOOT_IMAGE=vmlinuz initrd=initrd.img inst.stage2=hd:LABEL=RHEL-9-0-0-BaseOS-x86_64 quiet
May 24 17:46:34 localhost kernel: x86/fpu: Supporting XSAVE feature 0x001: 'x87 floating point registers'
May 24 17:46:34 localhost kernel: x86/fpu: Supporting XSAVE feature 0x002: 'SSE registers'
May 24 17:46:34 localhost kernel: x86/fpu: Supporting XSAVE feature 0x004: 'AVX registers'
May 24 17:46:34 localhost kernel: x86/fpu: xstate_offset[2]:  576, xstate_sizes[2]:  256
May 24 17:46:34 localhost kernel: x86/fpu: Enabled xstate features 0x7, context size is 832 bytes, using 'standard' format.
May 24 17:46:34 localhost kernel: signal: max sigframe size: 1776
May 24 17:46:34 localhost kernel: BIOS-provided physical RAM map:
May 24 17:46:34 localhost kernel: BIOS-e820: [mem 0x0000000000000000-0x000000000009fbff] usable
May 24 17:46:34 localhost kernel: BIOS-e820: [mem 0x000000000009fc00-0x000000000009ffff] reserved
May 24 17:46:34 localhost kernel: BIOS-e820: [mem 0x00000000000f0000-0x00000000000fffff] reserved
May 24 17:46:34 localhost kernel: BIOS-e820: [mem 0x0000000000100000-0x000000007ffdbfff] usable
May 24 17:46:34 localhost kernel: BIOS-e820: [mem 0x000000007ffdc000-0x000000007fffffff] reserved
May 24 17:46:34 localhost kernel: BIOS-e820: [mem 0x00000000b0000000-0x00000000bfffffff] reserved
May 24 17:46:34 localhost kernel: BIOS-e820: [mem 0x00000000fed1c000-0x00000000fed1ffff] reserved
May 24 17:46:34 localhost kernel: BIOS-e820: [mem 0x00000000feffc000-0x00000000feffffff] reserved
May 24 17:46:34 localhost kernel: BIOS-e820: [mem 0x00000000fffc0000-0x00000000ffffffff] reserved
May 24 17:46:34 localhost kernel: NX (Execute Disable) protection: active
May 24 17:46:34 localhost kernel: SMBIOS 2.8 present.
May 24 17:46:34 localhost kernel: DMI: QEMU Standard PC (Q35 + ICH9, 2009), BIOS 1.16.1-2.fc36 04/01/2014
May 24 17:46:34 localhost kernel: Hypervisor detected: KVM
May 24 17:46:34 localhost kernel: kvm-clock: Using msrs 4b564d01 and 4b564d00
May 24 17:46:34 localhost kernel: kvm-clock: cpu 0, msr 42801001, primary cpu clock
May 24 17:46:34 localhost kernel: kvm-clock: using sched offset of 5557117282 cycles
May 24 17:46:34 localhost kernel: clocksource: kvm-clock: mask: 0xffffffffffffffff max_cycles: 0x1cd42e4dffb, max_idle_ns: 881590591483 ns
May 24 17:46:34 localhost kernel: tsc: Detected 3500.082 MHz processor
May 24 17:46:34 localhost kernel: e820: update [mem 0x00000000-0x00000fff] usable ==> reserved
May 24 17:46:34 localhost kernel: e820: remove [mem 0x000a0000-0x000fffff] usable
May 24 17:46:34 localhost kernel: last_pfn = 0x7ffdc max_arch_pfn = 0x400000000
May 24 17:46:34 localhost kernel: x86/PAT: Configuration [0-7]: WB  WC  UC- UC  WB  WP  UC- WT  
May 24 17:46:34 localhost kernel: found SMP MP-table at [mem 0x000f5ba0-0x000f5baf]
May 24 17:46:34 localhost kernel: Using GB pages for direct mapping
May 24 17:46:34 localhost kernel: RAMDISK: [mem 0x7b1cf000-0x7ffdbfff]
May 24 17:46:34 localhost kernel: ACPI: Early table checksum verification disabled
May 24 17:46:34 localhost kernel: ACPI: RSDP 0x00000000000F59B0 000014 (v00 BOCHS )
May 24 17:46:34 localhost kernel: ACPI: RSDT 0x000000007FFE2055 000034 (v01 BOCHS  BXPC     00000001 BXPC 00000001)
May 24 17:46:34 localhost kernel: ACPI: FACP 0x000000007FFE1E7D 0000F4 (v03 BOCHS  BXPC     00000001 BXPC 00000001)
May 24 17:46:34 localhost kernel: ACPI: DSDT 0x000000007FFE0040 001E3D (v01 BOCHS  BXPC     00000001 BXPC 00000001)
May 24 17:46:34 localhost kernel: ACPI: FACS 0x000000007FFE0000 000040
May 24 17:46:34 localhost kernel: ACPI: APIC 0x000000007FFE1F71 000080 (v01 BOCHS  BXPC     00000001 BXPC 00000001)
May 24 17:46:34 localhost kernel: ACPI: MCFG 0x000000007FFE1FF1 00003C (v01 BOCHS  BXPC     00000001 BXPC 00000001)
May 24 17:46:34 localhost kernel: ACPI: WAET 0x000000007FFE202D 000028 (v01 BOCHS  BXPC     00000001 BXPC 00000001)
May 24 17:46:34 localhost kernel: ACPI: Reserving FACP table memory at [mem 0x7ffe1e7d-0x7ffe1f70]
May 24 17:46:34 localhost kernel: ACPI: Reserving DSDT table memory at [mem 0x7ffe0040-0x7ffe1e7c]
May 24 17:46:34 localhost kernel: ACPI: Reserving FACS table memory at [mem 0x7ffe0000-0x7ffe003f]
May 24 17:46:34 localhost kernel: ACPI: Reserving APIC table memory at [mem 0x7ffe1f71-0x7ffe1ff0]
May 24 17:46:34 localhost kernel: ACPI: Reserving MCFG table memory at [mem 0x7ffe1ff1-0x7ffe202c]
May 24 17:46:34 localhost kernel: ACPI: Reserving WAET table memory at [mem 0x7ffe202d-0x7ffe2054]
May 24 17:46:34 localhost kernel: No NUMA configuration found
May 24 17:46:34 localhost kernel: Faking a node at [mem 0x0000000000000000-0x000000007ffdbfff]
May 24 17:46:34 localhost kernel: NODE_DATA(0) allocated [mem 0x7b1a4000-0x7b1cefff]
May 24 17:46:34 localhost kernel: Zone ranges:
May 24 17:46:34 localhost kernel:   DMA      [mem 0x0000000000001000-0x0000000000ffffff]
May 24 17:46:34 localhost kernel:   DMA32    [mem 0x0000000001000000-0x000000007ffdbfff]
May 24 17:46:34 localhost kernel:   Normal   empty
May 24 17:46:34 localhost kernel:   Device   empty
May 24 17:46:34 localhost kernel: Movable zone start for each node
May 24 17:46:34 localhost kernel: Early memory node ranges
May 24 17:46:34 localhost kernel:   node   0: [mem 0x0000000000001000-0x000000000009efff]
May 24 17:46:34 localhost kernel:   node   0: [mem 0x0000000000100000-0x000000007ffdbfff]
May 24 17:46:34 localhost kernel: Initmem setup node 0 [mem 0x0000000000001000-0x000000007ffdbfff]
May 24 17:46:34 localhost kernel: On node 0, zone DMA: 1 pages in unavailable ranges
May 24 17:46:34 localhost kernel: On node 0, zone DMA: 97 pages in unavailable ranges
May 24 17:46:34 localhost kernel: On node 0, zone DMA32: 36 pages in unavailable ranges
May 24 17:46:34 localhost kernel: ACPI: PM-Timer IO Port: 0x608
May 24 17:46:34 localhost kernel: ACPI: LAPIC_NMI (acpi_id[0xff] dfl dfl lint[0x1])
May 24 17:46:34 localhost kernel: IOAPIC[0]: apic_id 0, version 17, address 0xfec00000, GSI 0-23
May 24 17:46:34 localhost kernel: ACPI: INT_SRC_OVR (bus 0 bus_irq 0 global_irq 2 dfl dfl)
May 24 17:46:34 localhost kernel: ACPI: INT_SRC_OVR (bus 0 bus_irq 5 global_irq 5 high level)
May 24 17:46:34 localhost kernel: ACPI: INT_SRC_OVR (bus 0 bus_irq 9 global_irq 9 high level)
May 24 17:46:34 localhost kernel: ACPI: INT_SRC_OVR (bus 0 bus_irq 10 global_irq 10 high level)
May 24 17:46:34 localhost kernel: ACPI: INT_SRC_OVR (bus 0 bus_irq 11 global_irq 11 high level)
May 24 17:46:34 localhost kernel: ACPI: Using ACPI (MADT) for SMP configuration information
May 24 17:46:34 localhost kernel: TSC deadline timer available
May 24 17:46:34 localhost kernel: smpboot: Allowing 2 CPUs, 0 hotplug CPUs
May 24 17:46:34 localhost kernel: PM: hibernation: Registered nosave memory: [mem 0x00000000-0x00000fff]
May 24 17:46:34 localhost kernel: PM: hibernation: Registered nosave memory: [mem 0x0009f000-0x0009ffff]
May 24 17:46:34 localhost kernel: PM: hibernation: Registered nosave memory: [mem 0x000a0000-0x000effff]
May 24 17:46:34 localhost kernel: PM: hibernation: Registered nosave memory: [mem 0x000f0000-0x000fffff]
May 24 17:46:34 localhost kernel: [mem 0xc0000000-0xfed1bfff] available for PCI devices
May 24 17:46:34 localhost kernel: Booting paravirtualized kernel on KVM
May 24 17:46:34 localhost kernel: clocksource: refined-jiffies: mask: 0xffffffff max_cycles: 0xffffffff, max_idle_ns: 1910969940391419 ns
May 24 17:46:34 localhost kernel: setup_percpu: NR_CPUS:8192 nr_cpumask_bits:2 nr_cpu_ids:2 nr_node_ids:1
May 24 17:46:34 localhost kernel: percpu: Embedded 53 pages/cpu s180224 r8192 d28672 u1048576
May 24 17:46:34 localhost kernel: pcpu-alloc: s180224 r8192 d28672 u1048576 alloc=1*2097152
May 24 17:46:34 localhost kernel: pcpu-alloc: [0] 0 1 
May 24 17:46:34 localhost kernel: kvm-guest: stealtime: cpu 0, msr 78e2b080
May 24 17:46:34 localhost kernel: kvm-guest: PV spinlocks disabled, no host support
May 24 17:46:34 localhost kernel: Built 1 zonelists, mobility grouping on.  Total pages: 515804
May 24 17:46:34 localhost kernel: Policy zone: DMA32
May 24 17:46:34 localhost kernel: Kernel command line: BOOT_IMAGE=vmlinuz initrd=initrd.img inst.stage2=hd:LABEL=RHEL-9-0-0-BaseOS-x86_64 quiet
May 24 17:46:34 localhost kernel: Unknown kernel command line parameters "BOOT_IMAGE=vmlinuz", will be passed to user space.
May 24 17:46:34 localhost kernel: Dentry cache hash table entries: 262144 (order: 9, 2097152 bytes, linear)
May 24 17:46:34 localhost kernel: Inode-cache hash table entries: 131072 (order: 8, 1048576 bytes, linear)
May 24 17:46:34 localhost kernel: mem auto-init: stack:off, heap alloc:off, heap free:off
May 24 17:46:34 localhost kernel: Memory: 260860K/2096616K available (14345K kernel code, 5945K rwdata, 9052K rodata, 2548K init, 5460K bss, 170376K reserved, 0K cma-reserved)
May 24 17:46:34 localhost kernel: random: get_random_u64 called from kmem_cache_open+0x1e/0x2d0 with crng_init=0
May 24 17:46:34 localhost kernel: SLUB: HWalign=64, Order=0-3, MinObjects=0, CPUs=2, Nodes=1
May 24 17:46:34 localhost kernel: ftrace: allocating 43166 entries in 169 pages
May 24 17:46:34 localhost kernel: ftrace: allocated 169 pages with 4 groups
May 24 17:46:34 localhost kernel: Dynamic Preempt: voluntary
May 24 17:46:34 localhost kernel: rcu: Preemptible hierarchical RCU implementation.
May 24 17:46:34 localhost kernel: rcu:         RCU restricting CPUs from NR_CPUS=8192 to nr_cpu_ids=2.
May 24 17:46:34 localhost kernel:         Trampoline variant of Tasks RCU enabled.
May 24 17:46:34 localhost kernel:         Rude variant of Tasks RCU enabled.
May 24 17:46:34 localhost kernel:         Tracing variant of Tasks RCU enabled.
May 24 17:46:34 localhost kernel: rcu: RCU calculated value of scheduler-enlistment delay is 100 jiffies.
May 24 17:46:34 localhost kernel: rcu: Adjusting geometry for rcu_fanout_leaf=16, nr_cpu_ids=2
May 24 17:46:34 localhost kernel: NR_IRQS: 524544, nr_irqs: 440, preallocated irqs: 16
May 24 17:46:34 localhost kernel: random: crng done (trusting CPU's manufacturer)
May 24 17:46:34 localhost kernel: Console: colour VGA+ 80x25
May 24 17:46:34 localhost kernel: printk: console [tty0] enabled
May 24 17:46:34 localhost kernel: ACPI: Core revision 20210604
May 24 17:46:34 localhost kernel: APIC: Switch to symmetric I/O mode setup
May 24 17:46:34 localhost kernel: x2apic enabled
May 24 17:46:34 localhost kernel: Switched APIC routing to physical x2apic.
May 24 17:46:34 localhost kernel: tsc: Marking TSC unstable due to TSCs unsynchronized
May 24 17:46:34 localhost kernel: Calibrating delay loop (skipped) preset value.. 7000.16 BogoMIPS (lpj=3500082)
May 24 17:46:34 localhost kernel: pid_max: default: 32768 minimum: 301
May 24 17:46:34 localhost kernel: LSM: Security Framework initializing
May 24 17:46:34 localhost kernel: Yama: becoming mindful.
May 24 17:46:34 localhost kernel: SELinux:  Initializing.
May 24 17:46:34 localhost kernel: LSM support for eBPF active
May 24 17:46:34 localhost kernel: Mount-cache hash table entries: 4096 (order: 3, 32768 bytes, linear)
May 24 17:46:34 localhost kernel: Mountpoint-cache hash table entries: 4096 (order: 3, 32768 bytes, linear)
May 24 17:46:34 localhost kernel: x86/cpu: User Mode Instruction Prevention (UMIP) activated
May 24 17:46:34 localhost kernel: Last level iTLB entries: 4KB 512, 2MB 255, 4MB 127
May 24 17:46:34 localhost kernel: Last level dTLB entries: 4KB 512, 2MB 255, 4MB 127, 1GB 0
May 24 17:46:34 localhost kernel: Spectre V1 : Mitigation: usercopy/swapgs barriers and __user pointer sanitization
May 24 17:46:34 localhost kernel: Spectre V2 : Mitigation: Retpolines
May 24 17:46:34 localhost kernel: Spectre V2 : Spectre v2 / SpectreRSB mitigation: Filling RSB on context switch
May 24 17:46:34 localhost kernel: Spectre V2 : mitigation: Enabling conditional Indirect Branch Prediction Barrier
May 24 17:46:34 localhost kernel: Speculative Store Bypass: Mitigation: Speculative Store Bypass disabled via prctl
May 24 17:46:34 localhost kernel: Freeing SMP alternatives memory: 36K
May 24 17:46:34 localhost kernel: smpboot: CPU0: AMD EPYC-Rome Processor (family: 0x17, model: 0x31, stepping: 0x0)
May 24 17:46:34 localhost kernel: Performance Events: Fam17h+ core perfctr, AMD PMU driver.
May 24 17:46:34 localhost kernel: ... version:                0
May 24 17:46:34 localhost kernel: ... bit width:              48
May 24 17:46:34 localhost kernel: ... generic registers:      6
May 24 17:46:34 localhost kernel: ... value mask:             0000ffffffffffff
May 24 17:46:34 localhost kernel: ... max period:             00007fffffffffff
May 24 17:46:34 localhost kernel: ... fixed-purpose events:   0
May 24 17:46:34 localhost kernel: ... event mask:             000000000000003f
May 24 17:46:34 localhost kernel: rcu: Hierarchical SRCU implementation.
May 24 17:46:34 localhost kernel: smp: Bringing up secondary CPUs ...
May 24 17:46:34 localhost kernel: x86: Booting SMP configuration:
May 24 17:46:34 localhost kernel: .... node  #0, CPUs:      #1
May 24 17:46:34 localhost kernel: kvm-clock: cpu 1, msr 42801041, secondary cpu clock
May 24 17:46:34 localhost kernel: kvm-guest: stealtime: cpu 1, msr 78f2b080
May 24 17:46:34 localhost kernel: smp: Brought up 1 node, 2 CPUs
May 24 17:46:34 localhost kernel: smpboot: Max logical packages: 2
May 24 17:46:34 localhost kernel: smpboot: Total of 2 processors activated (14000.32 BogoMIPS)
May 24 17:46:34 localhost kernel: node 0 deferred pages initialised in 3ms
May 24 17:46:34 localhost kernel: devtmpfs: initialized
May 24 17:46:34 localhost kernel: x86/mm: Memory block size: 128MB
May 24 17:46:34 localhost kernel: clocksource: jiffies: mask: 0xffffffff max_cycles: 0xffffffff, max_idle_ns: 1911260446275000 ns
May 24 17:46:34 localhost kernel: futex hash table entries: 512 (order: 3, 32768 bytes, linear)
May 24 17:46:34 localhost kernel: pinctrl core: initialized pinctrl subsystem
May 24 17:46:34 localhost kernel: NET: Registered PF_NETLINK/PF_ROUTE protocol family
May 24 17:46:34 localhost kernel: DMA: preallocated 256 KiB GFP_KERNEL pool for atomic allocations
May 24 17:46:34 localhost kernel: DMA: preallocated 256 KiB GFP_KERNEL|GFP_DMA pool for atomic allocations
May 24 17:46:34 localhost kernel: DMA: preallocated 256 KiB GFP_KERNEL|GFP_DMA32 pool for atomic allocations
May 24 17:46:34 localhost kernel: audit: initializing netlink subsys (disabled)
May 24 17:46:34 localhost kernel: audit: type=2000 audit(1684950391.802:1): state=initialized audit_enabled=0 res=1
May 24 17:46:34 localhost kernel: thermal_sys: Registered thermal governor 'fair_share'
May 24 17:46:34 localhost kernel: thermal_sys: Registered thermal governor 'step_wise'
May 24 17:46:34 localhost kernel: thermal_sys: Registered thermal governor 'user_space'
May 24 17:46:34 localhost kernel: cpuidle: using governor menu
May 24 17:46:34 localhost kernel: ACPI: bus type PCI registered
May 24 17:46:34 localhost kernel: acpiphp: ACPI Hot Plug PCI Controller Driver version: 0.5
May 24 17:46:34 localhost kernel: PCI: MMCONFIG for dohost1 0000 [bus 00-ff] at [mem 0xb0000000-0xbfffffff] (base 0xb0000000)
May 24 17:46:34 localhost kernel: PCI: MMCONFIG at [mem 0xb0000000-0xbfffffff] reserved in E820
May 24 17:46:34 localhost kernel: PCI: Using configuration type 1 for base access
May 24 17:46:34 localhost kernel: Kprobes globally optimized
May 24 17:46:34 localhost kernel: HugeTLB registered 1.00 GiB page size, pre-allocated 0 pages
May 24 17:46:34 localhost kernel: HugeTLB registered 2.00 MiB page size, pre-allocated 0 pages
May 24 17:46:34 localhost kernel: cryptd: max_cpu_qlen set to 1000
May 24 17:46:34 localhost kernel: ACPI: PRMT not present
May 24 17:46:34 localhost kernel: ACPI: Added _OSI(Module Device)
May 24 17:46:34 localhost kernel: ACPI: Added _OSI(Processor Device)
May 24 17:46:34 localhost kernel: ACPI: Added _OSI(3.0 _SCP Extensions)
May 24 17:46:34 localhost kernel: ACPI: Added _OSI(Processor Aggregator Device)
May 24 17:46:34 localhost kernel: ACPI: Added _OSI(Linux-Dell-Video)
May 24 17:46:34 localhost kernel: ACPI: Added _OSI(Linux-Lenovo-NV-HDMI-Audio)
May 24 17:46:34 localhost kernel: ACPI: Added _OSI(Linux-HPI-Hybrid-Graphics)
May 24 17:46:34 localhost kernel: ACPI: 1 ACPI AML tables successfully acquired and loaded
May 24 17:46:34 localhost kernel: ACPI: Interpreter enabled
May 24 17:46:34 localhost kernel: ACPI: PM: (supports S0 S5)
May 24 17:46:34 localhost kernel: ACPI: Using IOAPIC for interrupt routing
May 24 17:46:34 localhost kernel: PCI: Using host bridge windows from ACPI; if necessary, use "pci=nocrs" and report a bug
May 24 17:46:34 localhost kernel: ACPI: Enabled 1 GPEs in block 00 to 3F
May 24 17:46:34 localhost kernel: ACPI: PCI Root Bridge [PCI0] (dohost1 0000 [bus 00-ff])
May 24 17:46:34 localhost kernel: acpi PNP0A08:00: _OSC: OS supports [ExtendedConfig ASPM ClockPM Segments MSI EDR HPX-Type3]
May 24 17:46:34 localhost kernel: acpi PNP0A08:00: _OSC: platform does not support [LTR DPC]
May 24 17:46:34 localhost kernel: acpi PNP0A08:00: _OSC: OS now controls [PCIeHotplug SHPCHotplug PME AER PCIeCapability]
May 24 17:46:34 localhost kernel: PCI host bridge to bus 0000:00
May 24 17:46:34 localhost kernel: pci_bus 0000:00: root bus resource [io  0x0000-0x0cf7 window]
May 24 17:46:34 localhost kernel: pci_bus 0000:00: root bus resource [io  0x0d00-0xffff window]
May 24 17:46:34 localhost kernel: pci_bus 0000:00: root bus resource [mem 0x000a0000-0x000bffff window]
May 24 17:46:34 localhost kernel: pci_bus 0000:00: root bus resource [mem 0x80000000-0xafffffff window]
May 24 17:46:34 localhost kernel: pci_bus 0000:00: root bus resource [mem 0xc0000000-0xfebfffff window]
May 24 17:46:34 localhost kernel: pci_bus 0000:00: root bus resource [mem 0x100000000-0x8ffffffff window]
May 24 17:46:34 localhost kernel: pci_bus 0000:00: root bus resource [bus 00-ff]
May 24 17:46:34 localhost kernel: pci 0000:00:00.0: [8086:29c0] type 00 class 0x060000
May 24 17:46:34 localhost kernel: pci 0000:00:01.0: [1b36:0100] type 00 class 0x030000
May 24 17:46:34 localhost kernel: pci 0000:00:01.0: reg 0x10: [mem 0xf4000000-0xf7ffffff]
May 24 17:46:34 localhost kernel: pci 0000:00:01.0: reg 0x14: [mem 0xf8000000-0xfbffffff]
May 24 17:46:34 localhost kernel: pci 0000:00:01.0: reg 0x18: [mem 0xfce10000-0xfce11fff]
May 24 17:46:34 localhost kernel: pci 0000:00:01.0: reg 0x1c: [io  0xc040-0xc05f]
May 24 17:46:34 localhost kernel: pci 0000:00:01.0: reg 0x30: [mem 0xfce00000-0xfce0ffff pref]
May 24 17:46:34 localhost kernel: pci 0000:00:02.0: [1b36:000c] type 01 class 0x060400
May 24 17:46:34 localhost kernel: pci 0000:00:02.0: reg 0x10: [mem 0xfce12000-0xfce12fff]
May 24 17:46:34 localhost kernel: pci 0000:00:02.1: [1b36:000c] type 01 class 0x060400
May 24 17:46:34 localhost kernel: pci 0000:00:02.1: reg 0x10: [mem 0xfce13000-0xfce13fff]
May 24 17:46:34 localhost kernel: pci 0000:00:02.2: [1b36:000c] type 01 class 0x060400
May 24 17:46:34 localhost kernel: pci 0000:00:02.2: reg 0x10: [mem 0xfce14000-0xfce14fff]
May 24 17:46:34 localhost kernel: pci 0000:00:02.3: [1b36:000c] type 01 class 0x060400
May 24 17:46:34 localhost kernel: pci 0000:00:02.3: reg 0x10: [mem 0xfce15000-0xfce15fff]
May 24 17:46:34 localhost kernel: pci 0000:00:02.4: [1b36:000c] type 01 class 0x060400
May 24 17:46:34 localhost kernel: pci 0000:00:02.4: reg 0x10: [mem 0xfce16000-0xfce16fff]
May 24 17:46:34 localhost kernel: pci 0000:00:02.5: [1b36:000c] type 01 class 0x060400
May 24 17:46:34 localhost kernel: pci 0000:00:02.5: reg 0x10: [mem 0xfce17000-0xfce17fff]
May 24 17:46:34 localhost kernel: pci 0000:00:02.6: [1b36:000c] type 01 class 0x060400
May 24 17:46:34 localhost kernel: pci 0000:00:02.6: reg 0x10: [mem 0xfce18000-0xfce18fff]
May 24 17:46:34 localhost kernel: pci 0000:00:1f.0: [8086:2918] type 00 class 0x060100
May 24 17:46:34 localhost kernel: pci 0000:00:1f.0: quirk: [io  0x0600-0x067f] claimed by ICH6 ACPI/GPIO/TCO
May 24 17:46:34 localhost kernel: pci 0000:00:1f.2: [8086:2922] type 00 class 0x010601
May 24 17:46:34 localhost kernel: pci 0000:00:1f.2: reg 0x20: [io  0xc060-0xc07f]
May 24 17:46:34 localhost kernel: pci 0000:00:1f.2: reg 0x24: [mem 0xfce19000-0xfce19fff]
May 24 17:46:34 localhost kernel: pci 0000:00:1f.3: [8086:2930] type 00 class 0x0c0500
May 24 17:46:34 localhost kernel: pci 0000:00:1f.3: reg 0x20: [io  0x0700-0x073f]
May 24 17:46:34 localhost kernel: pci 0000:01:00.0: [1af4:1041] type 00 class 0x020000
May 24 17:46:34 localhost kernel: pci 0000:01:00.0: reg 0x14: [mem 0xfcc40000-0xfcc40fff]
May 24 17:46:34 localhost kernel: pci 0000:01:00.0: reg 0x20: [mem 0xfea00000-0xfea03fff 64bit pref]
May 24 17:46:34 localhost kernel: pci 0000:01:00.0: reg 0x30: [mem 0xfcc00000-0xfcc3ffff pref]
May 24 17:46:34 localhost kernel: pci 0000:00:02.0: PCI bridge to [bus 01]
May 24 17:46:34 localhost kernel: pci 0000:00:02.0:   bridge window [mem 0xfcc00000-0xfcdfffff]
May 24 17:46:34 localhost kernel: pci 0000:00:02.0:   bridge window [mem 0xfea00000-0xfebfffff 64bit pref]
May 24 17:46:34 localhost kernel: pci 0000:02:00.0: [1b36:000d] type 00 class 0x0c0330
May 24 17:46:34 localhost kernel: pci 0000:02:00.0: reg 0x10: [mem 0xfca00000-0xfca03fff 64bit]
May 24 17:46:34 localhost kernel: pci 0000:00:02.1: PCI bridge to [bus 02]
May 24 17:46:34 localhost kernel: pci 0000:00:02.1:   bridge window [mem 0xfca00000-0xfcbfffff]
May 24 17:46:34 localhost kernel: pci 0000:00:02.1:   bridge window [mem 0xfe800000-0xfe9fffff 64bit pref]
May 24 17:46:34 localhost kernel: pci 0000:03:00.0: [1af4:1043] type 00 class 0x078000
May 24 17:46:34 localhost kernel: pci 0000:03:00.0: reg 0x14: [mem 0xfc800000-0xfc800fff]
May 24 17:46:34 localhost kernel: pci 0000:03:00.0: reg 0x20: [mem 0xfe600000-0xfe603fff 64bit pref]
May 24 17:46:34 localhost kernel: pci 0000:00:02.2: PCI bridge to [bus 03]
May 24 17:46:34 localhost kernel: pci 0000:00:02.2:   bridge window [mem 0xfc800000-0xfc9fffff]
May 24 17:46:34 localhost kernel: pci 0000:00:02.2:   bridge window [mem 0xfe600000-0xfe7fffff 64bit pref]
May 24 17:46:34 localhost kernel: pci 0000:04:00.0: [1af4:1042] type 00 class 0x010000
May 24 17:46:34 localhost kernel: pci 0000:04:00.0: reg 0x14: [mem 0xfc600000-0xfc600fff]
May 24 17:46:34 localhost kernel: pci 0000:04:00.0: reg 0x20: [mem 0xfe400000-0xfe403fff 64bit pref]
May 24 17:46:34 localhost kernel: pci 0000:00:02.3: PCI bridge to [bus 04]
May 24 17:46:34 localhost kernel: pci 0000:00:02.3:   bridge window [mem 0xfc600000-0xfc7fffff]
May 24 17:46:34 localhost kernel: pci 0000:00:02.3:   bridge window [mem 0xfe400000-0xfe5fffff 64bit pref]
May 24 17:46:34 localhost kernel: pci 0000:05:00.0: [1af4:1045] type 00 class 0x00ff00
May 24 17:46:34 localhost kernel: pci 0000:05:00.0: reg 0x20: [mem 0xfe200000-0xfe203fff 64bit pref]
May 24 17:46:34 localhost kernel: pci 0000:00:02.4: PCI bridge to [bus 05]
May 24 17:46:34 localhost kernel: pci 0000:00:02.4:   bridge window [mem 0xfc400000-0xfc5fffff]
May 24 17:46:34 localhost kernel: pci 0000:00:02.4:   bridge window [mem 0xfe200000-0xfe3fffff 64bit pref]
May 24 17:46:34 localhost kernel: pci 0000:06:00.0: [1af4:1044] type 00 class 0x00ff00
May 24 17:46:34 localhost kernel: pci 0000:06:00.0: reg 0x20: [mem 0xfe000000-0xfe003fff 64bit pref]
May 24 17:46:34 localhost kernel: pci 0000:00:02.5: PCI bridge to [bus 06]
May 24 17:46:34 localhost kernel: pci 0000:00:02.5:   bridge window [mem 0xfc200000-0xfc3fffff]
May 24 17:46:34 localhost kernel: pci 0000:00:02.5:   bridge window [mem 0xfe000000-0xfe1fffff 64bit pref]
May 24 17:46:34 localhost kernel: pci 0000:00:02.6: PCI bridge to [bus 07]
May 24 17:46:34 localhost kernel: pci 0000:00:02.6:   bridge window [mem 0xfc000000-0xfc1fffff]
May 24 17:46:34 localhost kernel: pci 0000:00:02.6:   bridge window [mem 0xfde00000-0xfdffffff 64bit pref]
May 24 17:46:34 localhost kernel: ACPI: PCI: Interrupt link LNKA configured for IRQ 10
May 24 17:46:34 localhost kernel: ACPI: PCI: Interrupt link LNKB configured for IRQ 10
May 24 17:46:34 localhost kernel: ACPI: PCI: Interrupt link LNKC configured for IRQ 11
May 24 17:46:34 localhost kernel: ACPI: PCI: Interrupt link LNKD configured for IRQ 11
May 24 17:46:34 localhost kernel: ACPI: PCI: Interrupt link LNKE configured for IRQ 10
May 24 17:46:34 localhost kernel: ACPI: PCI: Interrupt link LNKF configured for IRQ 10
May 24 17:46:34 localhost kernel: ACPI: PCI: Interrupt link LNKG configured for IRQ 11
May 24 17:46:34 localhost kernel: ACPI: PCI: Interrupt link LNKH configured for IRQ 11
May 24 17:46:34 localhost kernel: ACPI: PCI: Interrupt link GSIA configured for IRQ 16
May 24 17:46:34 localhost kernel: ACPI: PCI: Interrupt link GSIB configured for IRQ 17
May 24 17:46:34 localhost kernel: ACPI: PCI: Interrupt link GSIC configured for IRQ 18
May 24 17:46:34 localhost kernel: ACPI: PCI: Interrupt link GSID configured for IRQ 19
May 24 17:46:34 localhost kernel: ACPI: PCI: Interrupt link GSIE configured for IRQ 20
May 24 17:46:34 localhost kernel: ACPI: PCI: Interrupt link GSIF configured for IRQ 21
May 24 17:46:34 localhost kernel: ACPI: PCI: Interrupt link GSIG configured for IRQ 22
May 24 17:46:34 localhost kernel: ACPI: PCI: Interrupt link GSIH configured for IRQ 23
May 24 17:46:34 localhost kernel: iommu: Default dohost1 type: Translated 
May 24 17:46:34 localhost kernel: iommu: DMA dohost1 TLB invalidation policy: lazy mode 
May 24 17:46:34 localhost kernel: pci 0000:00:01.0: vgaarb: setting as boot VGA device
May 24 17:46:34 localhost kernel: pci 0000:00:01.0: vgaarb: VGA device added: decodes=io+mem,owns=io+mem,locks=none
May 24 17:46:34 localhost kernel: pci 0000:00:01.0: vgaarb: bridge control possible
May 24 17:46:34 localhost kernel: vgaarb: loaded
May 24 17:46:34 localhost kernel: SCSI subsystem initialized
May 24 17:46:34 localhost kernel: ACPI: bus type USB registered
May 24 17:46:34 localhost kernel: usbcore: registered new interface driver usbfs
May 24 17:46:34 localhost kernel: usbcore: registered new interface driver hub
May 24 17:46:34 localhost kernel: usbcore: registered new device driver usb
May 24 17:46:34 localhost kernel: pps_core: LinuxPPS API ver. 1 registered
May 24 17:46:34 localhost kernel: pps_core: Software ver. 5.3.6 - Copyright 2005-2007 Rodolfo Giometti <giometti@linux.it>
May 24 17:46:34 localhost kernel: PTP clock support registered
May 24 17:46:34 localhost kernel: EDAC MC: Ver: 3.0.0
May 24 17:46:34 localhost kernel: NetLabel: Initializing
May 24 17:46:34 localhost kernel: NetLabel:  dohost1 hash size = 128
May 24 17:46:34 localhost kernel: NetLabel:  protocols = UNLABELED CIPSOv4 CALIPSO
May 24 17:46:34 localhost kernel: NetLabel:  unlabeled traffic allowed by default
May 24 17:46:34 localhost kernel: PCI: Using ACPI for IRQ routing
May 24 17:46:34 localhost kernel: PCI: pci_cache_line_size set to 64 bytes
May 24 17:46:34 localhost kernel: e820: reserve RAM buffer [mem 0x0009fc00-0x0009ffff]
May 24 17:46:34 localhost kernel: e820: reserve RAM buffer [mem 0x7ffdc000-0x7fffffff]
May 24 17:46:34 localhost kernel: clocksource: Switched to clocksource kvm-clock
May 24 17:46:34 localhost kernel: VFS: Disk quotas dquot_6.6.0
May 24 17:46:34 localhost kernel: VFS: Dquot-cache hash table entries: 512 (order 0, 4096 bytes)
May 24 17:46:34 localhost kernel: pnp: PnP ACPI init
May 24 17:46:34 localhost kernel: system 00:04: [mem 0xb0000000-0xbfffffff window] has been reserved
May 24 17:46:34 localhost kernel: pnp: PnP ACPI: found 5 devices
May 24 17:46:34 localhost kernel: clocksource: acpi_pm: mask: 0xffffff max_cycles: 0xffffff, max_idle_ns: 2085701024 ns
May 24 17:46:34 localhost kernel: NET: Registered PF_INET protocol family
May 24 17:46:34 localhost kernel: IP idents hash table entries: 32768 (order: 6, 262144 bytes, linear)
May 24 17:46:34 localhost kernel: tcp_listen_portaddr_hash hash table entries: 1024 (order: 2, 16384 bytes, linear)
May 24 17:46:34 localhost kernel: TCP established hash table entries: 16384 (order: 5, 131072 bytes, linear)
May 24 17:46:34 localhost kernel: TCP bind hash table entries: 16384 (order: 6, 262144 bytes, linear)
May 24 17:46:34 localhost kernel: TCP: Hash tables configured (established 16384 bind 16384)
May 24 17:46:34 localhost kernel: MPTCP token hash table entries: 2048 (order: 3, 49152 bytes, linear)
May 24 17:46:34 localhost kernel: UDP hash table entries: 1024 (order: 3, 32768 bytes, linear)
May 24 17:46:34 localhost kernel: UDP-Lite hash table entries: 1024 (order: 3, 32768 bytes, linear)
May 24 17:46:34 localhost kernel: NET: Registered PF_UNIX/PF_LOCAL protocol family
May 24 17:46:34 localhost kernel: NET: Registered PF_XDP protocol family
May 24 17:46:34 localhost kernel: pci 0000:00:02.0: bridge window [io  0x1000-0x0fff] to [bus 01] add_size 1000
May 24 17:46:34 localhost kernel: pci 0000:00:02.1: bridge window [io  0x1000-0x0fff] to [bus 02] add_size 1000
May 24 17:46:34 localhost kernel: pci 0000:00:02.2: bridge window [io  0x1000-0x0fff] to [bus 03] add_size 1000
May 24 17:46:34 localhost kernel: pci 0000:00:02.3: bridge window [io  0x1000-0x0fff] to [bus 04] add_size 1000
May 24 17:46:34 localhost kernel: pci 0000:00:02.4: bridge window [io  0x1000-0x0fff] to [bus 05] add_size 1000
May 24 17:46:34 localhost kernel: pci 0000:00:02.5: bridge window [io  0x1000-0x0fff] to [bus 06] add_size 1000
May 24 17:46:34 localhost kernel: pci 0000:00:02.6: bridge window [io  0x1000-0x0fff] to [bus 07] add_size 1000
May 24 17:46:34 localhost kernel: pci 0000:00:02.0: BAR 13: assigned [io  0x1000-0x1fff]
May 24 17:46:34 localhost kernel: pci 0000:00:02.1: BAR 13: assigned [io  0x2000-0x2fff]
May 24 17:46:34 localhost kernel: pci 0000:00:02.2: BAR 13: assigned [io  0x3000-0x3fff]
May 24 17:46:34 localhost kernel: pci 0000:00:02.3: BAR 13: assigned [io  0x4000-0x4fff]
May 24 17:46:34 localhost kernel: pci 0000:00:02.4: BAR 13: assigned [io  0x5000-0x5fff]
May 24 17:46:34 localhost kernel: pci 0000:00:02.5: BAR 13: assigned [io  0x6000-0x6fff]
May 24 17:46:34 localhost kernel: pci 0000:00:02.6: BAR 13: assigned [io  0x7000-0x7fff]
May 24 17:46:34 localhost kernel: pci 0000:00:02.0: PCI bridge to [bus 01]
May 24 17:46:34 localhost kernel: pci 0000:00:02.0:   bridge window [io  0x1000-0x1fff]
May 24 17:46:34 localhost kernel: pci 0000:00:02.0:   bridge window [mem 0xfcc00000-0xfcdfffff]
May 24 17:46:34 localhost kernel: pci 0000:00:02.0:   bridge window [mem 0xfea00000-0xfebfffff 64bit pref]
May 24 17:46:34 localhost kernel: pci 0000:00:02.1: PCI bridge to [bus 02]
May 24 17:46:34 localhost kernel: pci 0000:00:02.1:   bridge window [io  0x2000-0x2fff]
May 24 17:46:34 localhost kernel: pci 0000:00:02.1:   bridge window [mem 0xfca00000-0xfcbfffff]
May 24 17:46:34 localhost kernel: pci 0000:00:02.1:   bridge window [mem 0xfe800000-0xfe9fffff 64bit pref]
May 24 17:46:34 localhost kernel: pci 0000:00:02.2: PCI bridge to [bus 03]
May 24 17:46:34 localhost kernel: pci 0000:00:02.2:   bridge window [io  0x3000-0x3fff]
May 24 17:46:34 localhost kernel: pci 0000:00:02.2:   bridge window [mem 0xfc800000-0xfc9fffff]
May 24 17:46:34 localhost kernel: pci 0000:00:02.2:   bridge window [mem 0xfe600000-0xfe7fffff 64bit pref]
May 24 17:46:34 localhost kernel: pci 0000:00:02.3: PCI bridge to [bus 04]
May 24 17:46:34 localhost kernel: pci 0000:00:02.3:   bridge window [io  0x4000-0x4fff]
May 24 17:46:34 localhost kernel: pci 0000:00:02.3:   bridge window [mem 0xfc600000-0xfc7fffff]
May 24 17:46:34 localhost kernel: pci 0000:00:02.3:   bridge window [mem 0xfe400000-0xfe5fffff 64bit pref]
May 24 17:46:34 localhost kernel: pci 0000:00:02.4: PCI bridge to [bus 05]
May 24 17:46:34 localhost kernel: pci 0000:00:02.4:   bridge window [io  0x5000-0x5fff]
May 24 17:46:34 localhost kernel: pci 0000:00:02.4:   bridge window [mem 0xfc400000-0xfc5fffff]
May 24 17:46:34 localhost kernel: pci 0000:00:02.4:   bridge window [mem 0xfe200000-0xfe3fffff 64bit pref]
May 24 17:46:34 localhost kernel: pci 0000:00:02.5: PCI bridge to [bus 06]
May 24 17:46:34 localhost kernel: pci 0000:00:02.5:   bridge window [io  0x6000-0x6fff]
May 24 17:46:34 localhost kernel: pci 0000:00:02.5:   bridge window [mem 0xfc200000-0xfc3fffff]
May 24 17:46:34 localhost kernel: pci 0000:00:02.5:   bridge window [mem 0xfe000000-0xfe1fffff 64bit pref]
May 24 17:46:34 localhost kernel: pci 0000:00:02.6: PCI bridge to [bus 07]
May 24 17:46:34 localhost kernel: pci 0000:00:02.6:   bridge window [io  0x7000-0x7fff]
May 24 17:46:34 localhost kernel: pci 0000:00:02.6:   bridge window [mem 0xfc000000-0xfc1fffff]
May 24 17:46:34 localhost kernel: pci 0000:00:02.6:   bridge window [mem 0xfde00000-0xfdffffff 64bit pref]
May 24 17:46:34 localhost kernel: pci_bus 0000:00: resource 4 [io  0x0000-0x0cf7 window]
May 24 17:46:34 localhost kernel: pci_bus 0000:00: resource 5 [io  0x0d00-0xffff window]
May 24 17:46:34 localhost kernel: pci_bus 0000:00: resource 6 [mem 0x000a0000-0x000bffff window]
May 24 17:46:34 localhost kernel: pci_bus 0000:00: resource 7 [mem 0x80000000-0xafffffff window]
May 24 17:46:34 localhost kernel: pci_bus 0000:00: resource 8 [mem 0xc0000000-0xfebfffff window]
May 24 17:46:34 localhost kernel: pci_bus 0000:00: resource 9 [mem 0x100000000-0x8ffffffff window]
May 24 17:46:34 localhost kernel: pci_bus 0000:01: resource 0 [io  0x1000-0x1fff]
May 24 17:46:34 localhost kernel: pci_bus 0000:01: resource 1 [mem 0xfcc00000-0xfcdfffff]
May 24 17:46:34 localhost kernel: pci_bus 0000:01: resource 2 [mem 0xfea00000-0xfebfffff 64bit pref]
May 24 17:46:34 localhost kernel: pci_bus 0000:02: resource 0 [io  0x2000-0x2fff]
May 24 17:46:34 localhost kernel: pci_bus 0000:02: resource 1 [mem 0xfca00000-0xfcbfffff]
May 24 17:46:34 localhost kernel: pci_bus 0000:02: resource 2 [mem 0xfe800000-0xfe9fffff 64bit pref]
May 24 17:46:34 localhost kernel: pci_bus 0000:03: resource 0 [io  0x3000-0x3fff]
May 24 17:46:34 localhost kernel: pci_bus 0000:03: resource 1 [mem 0xfc800000-0xfc9fffff]
May 24 17:46:34 localhost kernel: pci_bus 0000:03: resource 2 [mem 0xfe600000-0xfe7fffff 64bit pref]
May 24 17:46:34 localhost kernel: pci_bus 0000:04: resource 0 [io  0x4000-0x4fff]
May 24 17:46:34 localhost kernel: pci_bus 0000:04: resource 1 [mem 0xfc600000-0xfc7fffff]
May 24 17:46:34 localhost kernel: pci_bus 0000:04: resource 2 [mem 0xfe400000-0xfe5fffff 64bit pref]
May 24 17:46:34 localhost kernel: pci_bus 0000:05: resource 0 [io  0x5000-0x5fff]
May 24 17:46:34 localhost kernel: pci_bus 0000:05: resource 1 [mem 0xfc400000-0xfc5fffff]
May 24 17:46:34 localhost kernel: pci_bus 0000:05: resource 2 [mem 0xfe200000-0xfe3fffff 64bit pref]
May 24 17:46:34 localhost kernel: pci_bus 0000:06: resource 0 [io  0x6000-0x6fff]
May 24 17:46:34 localhost kernel: pci_bus 0000:06: resource 1 [mem 0xfc200000-0xfc3fffff]
May 24 17:46:34 localhost kernel: pci_bus 0000:06: resource 2 [mem 0xfe000000-0xfe1fffff 64bit pref]
May 24 17:46:34 localhost kernel: pci_bus 0000:07: resource 0 [io  0x7000-0x7fff]
May 24 17:46:34 localhost kernel: pci_bus 0000:07: resource 1 [mem 0xfc000000-0xfc1fffff]
May 24 17:46:34 localhost kernel: pci_bus 0000:07: resource 2 [mem 0xfde00000-0xfdffffff 64bit pref]
May 24 17:46:34 localhost kernel: pci 0000:00:01.0: Video device with shadowed ROM at [mem 0x000c0000-0x000dffff]
May 24 17:46:34 localhost kernel: ACPI: \_SB_.GSIG: Enabled at IRQ 22
May 24 17:46:34 localhost kernel: PCI: CLS 0 bytes, default 64
May 24 17:46:34 localhost kernel: Trying to unpack rootfs image as initramfs...
May 24 17:46:34 localhost kernel: ACPI: bus type thunderbolt registered
May 24 17:46:34 localhost kernel: Initialise system trusted keyrings
May 24 17:46:34 localhost kernel: Key type blacklist registered
May 24 17:46:34 localhost kernel: workingset: timestamp_bits=36 max_order=19 bucket_order=0
May 24 17:46:34 localhost kernel: zbud: loaded
May 24 17:46:34 localhost kernel: integrity: Platform Keyring initialized
May 24 17:46:34 localhost kernel: NET: Registered PF_ALG protocol family
May 24 17:46:34 localhost kernel: Key type asymmetric registered
May 24 17:46:34 localhost kernel: Asymmetric key parser 'x509' registered
May 24 17:46:34 localhost kernel: Block layer SCSI generic (bsg) driver version 0.4 loaded (major 246)
May 24 17:46:34 localhost kernel: io scheduler mq-deadline registered
May 24 17:46:34 localhost kernel: io scheduler kyber registered
May 24 17:46:34 localhost kernel: io scheduler bfq registered
May 24 17:46:34 localhost kernel: atomic64_test: passed for x86-64 platform with CX8 and with SSE
May 24 17:46:34 localhost kernel: pcieport 0000:00:02.0: PME: Signaling with IRQ 24
May 24 17:46:34 localhost kernel: pcieport 0000:00:02.0: AER: enabled with IRQ 24
May 24 17:46:34 localhost kernel: pcieport 0000:00:02.0: pciehp: Slot #0 AttnBtn+ PwrCtrl+ MRL- AttnInd+ PwrInd+ HotPlug+ Surprise+ Interlock+ NoCompl- IbPresDis- LLActRep+
May 24 17:46:34 localhost kernel: pcieport 0000:00:02.1: PME: Signaling with IRQ 25
May 24 17:46:34 localhost kernel: pcieport 0000:00:02.1: AER: enabled with IRQ 25
May 24 17:46:34 localhost kernel: pcieport 0000:00:02.1: pciehp: Slot #0 AttnBtn+ PwrCtrl+ MRL- AttnInd+ PwrInd+ HotPlug+ Surprise+ Interlock+ NoCompl- IbPresDis- LLActRep+
May 24 17:46:34 localhost kernel: pcieport 0000:00:02.2: PME: Signaling with IRQ 26
May 24 17:46:34 localhost kernel: pcieport 0000:00:02.2: AER: enabled with IRQ 26
May 24 17:46:34 localhost kernel: pcieport 0000:00:02.2: pciehp: Slot #0 AttnBtn+ PwrCtrl+ MRL- AttnInd+ PwrInd+ HotPlug+ Surprise+ Interlock+ NoCompl- IbPresDis- LLActRep+
May 24 17:46:34 localhost kernel: pcieport 0000:00:02.3: PME: Signaling with IRQ 27
May 24 17:46:34 localhost kernel: pcieport 0000:00:02.3: AER: enabled with IRQ 27
May 24 17:46:34 localhost kernel: pcieport 0000:00:02.3: pciehp: Slot #0 AttnBtn+ PwrCtrl+ MRL- AttnInd+ PwrInd+ HotPlug+ Surprise+ Interlock+ NoCompl- IbPresDis- LLActRep+
May 24 17:46:34 localhost kernel: pcieport 0000:00:02.4: PME: Signaling with IRQ 28
May 24 17:46:34 localhost kernel: pcieport 0000:00:02.4: AER: enabled with IRQ 28
May 24 17:46:34 localhost kernel: pcieport 0000:00:02.4: pciehp: Slot #0 AttnBtn+ PwrCtrl+ MRL- AttnInd+ PwrInd+ HotPlug+ Surprise+ Interlock+ NoCompl- IbPresDis- LLActRep+
May 24 17:46:34 localhost kernel: pcieport 0000:00:02.5: PME: Signaling with IRQ 29
May 24 17:46:34 localhost kernel: pcieport 0000:00:02.5: AER: enabled with IRQ 29
May 24 17:46:34 localhost kernel: pcieport 0000:00:02.5: pciehp: Slot #0 AttnBtn+ PwrCtrl+ MRL- AttnInd+ PwrInd+ HotPlug+ Surprise+ Interlock+ NoCompl- IbPresDis- LLActRep+
May 24 17:46:34 localhost kernel: pcieport 0000:00:02.6: PME: Signaling with IRQ 30
May 24 17:46:34 localhost kernel: pcieport 0000:00:02.6: AER: enabled with IRQ 30
May 24 17:46:34 localhost kernel: pcieport 0000:00:02.6: pciehp: Slot #0 AttnBtn+ PwrCtrl+ MRL- AttnInd+ PwrInd+ HotPlug+ Surprise+ Interlock+ NoCompl- IbPresDis- LLActRep+
May 24 17:46:34 localhost kernel: shpchp: Standard Hot Plug PCI Controller Driver version: 0.4
May 24 17:46:34 localhost kernel: input: Power Button as /devices/LNXSYSTM:00/LNXPWRBN:00/input/input0
May 24 17:46:34 localhost kernel: ACPI: button: Power Button [PWRF]
May 24 17:46:34 localhost kernel: Serial: 8250/16550 driver, 4 ports, IRQ sharing enabled
May 24 17:46:34 localhost kernel: 00:00: ttyS0 at I/O 0x3f8 (irq = 4, base_baud = 115200) is a 16550A
May 24 17:46:34 localhost kernel: Non-volatile memory driver v1.3
May 24 17:46:34 localhost kernel: rdac: device handler registered
May 24 17:46:34 localhost kernel: hp_sw: device handler registered
May 24 17:46:34 localhost kernel: emc: device handler registered
May 24 17:46:34 localhost kernel: alua: device handler registered
May 24 17:46:34 localhost kernel: libphy: Fixed MDIO Bus: probed
May 24 17:46:34 localhost kernel: ehci_hcd: USB 2.0 'Enhanced' Host Controller (EHCI) Driver
May 24 17:46:34 localhost kernel: ehci-pci: EHCI PCI platform driver
May 24 17:46:34 localhost kernel: ohci_hcd: USB 1.1 'Open' Host Controller (OHCI) Driver
May 24 17:46:34 localhost kernel: ohci-pci: OHCI PCI platform driver
May 24 17:46:34 localhost kernel: uhci_hcd: USB Universal Host Controller Interface driver
May 24 17:46:34 localhost kernel: xhci_hcd 0000:02:00.0: xHCI Host Controller
May 24 17:46:34 localhost kernel: xhci_hcd 0000:02:00.0: new USB bus registered, assigned bus number 1
May 24 17:46:34 localhost kernel: xhci_hcd 0000:02:00.0: hcc params 0x00087001 hci version 0x100 quirks 0x0000000000000010
May 24 17:46:34 localhost kernel: usb usb1: New USB device found, idVendor=1d6b, idProduct=0002, bcdDevice= 5.14
May 24 17:46:34 localhost kernel: usb usb1: New USB device strings: Mfr=3, Product=2, SerialNumber=1
May 24 17:46:34 localhost kernel: usb usb1: Product: xHCI Host Controller
May 24 17:46:34 localhost kernel: usb usb1: Manufacturer: Linux 5.14.0-70.13.1.el9_0.x86_64 xhci-hcd
May 24 17:46:34 localhost kernel: usb usb1: SerialNumber: 0000:02:00.0
May 24 17:46:34 localhost kernel: hub 1-0:1.0: USB hub found
May 24 17:46:34 localhost kernel: hub 1-0:1.0: 15 ports detected
May 24 17:46:34 localhost kernel: xhci_hcd 0000:02:00.0: xHCI Host Controller
May 24 17:46:34 localhost kernel: xhci_hcd 0000:02:00.0: new USB bus registered, assigned bus number 2
May 24 17:46:34 localhost kernel: xhci_hcd 0000:02:00.0: Host supports USB 3.0 SuperSpeed
May 24 17:46:34 localhost kernel: usb usb2: We don't know the algorithms for LPM for this host, disabling LPM.
May 24 17:46:34 localhost kernel: usb usb2: New USB device found, idVendor=1d6b, idProduct=0003, bcdDevice= 5.14
May 24 17:46:34 localhost kernel: usb usb2: New USB device strings: Mfr=3, Product=2, SerialNumber=1
May 24 17:46:34 localhost kernel: usb usb2: Product: xHCI Host Controller
May 24 17:46:34 localhost kernel: usb usb2: Manufacturer: Linux 5.14.0-70.13.1.el9_0.x86_64 xhci-hcd
May 24 17:46:34 localhost kernel: usb usb2: SerialNumber: 0000:02:00.0
May 24 17:46:34 localhost kernel: hub 2-0:1.0: USB hub found
May 24 17:46:34 localhost kernel: hub 2-0:1.0: 15 ports detected
May 24 17:46:34 localhost kernel: usbcore: registered new interface driver usbserial_generic
May 24 17:46:34 localhost kernel: usbserial: USB Serial support registered for generic
May 24 17:46:34 localhost kernel: i8042: PNP: PS/2 Controller [PNP0303:KBD,PNP0f13:MOU] at 0x60,0x64 irq 1,12
May 24 17:46:34 localhost kernel: serio: i8042 KBD port at 0x60,0x64 irq 1
May 24 17:46:34 localhost kernel: serio: i8042 AUX port at 0x60,0x64 irq 12
May 24 17:46:34 localhost kernel: mousedev: PS/2 mouse device common for all mice
May 24 17:46:34 localhost kernel: rtc_cmos 00:03: RTC can wake from S4
May 24 17:46:34 localhost kernel: input: AT Translated Set 2 keyboard as /devices/platform/i8042/serio0/input/input1
May 24 17:46:34 localhost kernel: rtc_cmos 00:03: registered as rtc0
May 24 17:46:34 localhost kernel: rtc_cmos 00:03: setting system clock to 2023-05-24T17:46:31 UTC (1684950391)
May 24 17:46:34 localhost kernel: rtc_cmos 00:03: alarms up to one day, y3k, 242 bytes nvram
May 24 17:46:34 localhost kernel: hid: raw HID events driver (C) Jiri Kosina
May 24 17:46:34 localhost kernel: usbcore: registered new interface driver usbhid
May 24 17:46:34 localhost kernel: usbhid: USB HID core driver
May 24 17:46:34 localhost kernel: drop_monitor: Initializing network drop monitor service
May 24 17:46:34 localhost kernel: Initializing XFRM netlink socket
May 24 17:46:34 localhost kernel: NET: Registered PF_INET6 protocol family
May 24 17:46:34 localhost kernel: Segment Routing with IPv6
May 24 17:46:34 localhost kernel: NET: Registered PF_PACKET protocol family
May 24 17:46:34 localhost kernel: mpls_gso: MPLS GSO support
May 24 17:46:34 localhost kernel: IPI shorthand broadcast: enabled
May 24 17:46:34 localhost kernel: AVX2 version of gcm_enc/dec engaged.
May 24 17:46:34 localhost kernel: AES CTR mode by8 optimization enabled
May 24 17:46:34 localhost kernel: sched_clock: Marking stable (213671943, 7432663)->(237943717, -16839111)
May 24 17:46:34 localhost kernel: registered taskstats version 1
May 24 17:46:34 localhost kernel: Loading compiled-in X.509 certificates
May 24 17:46:34 localhost kernel: Loaded X.509 cert 'Red Hat Enterprise Linux kernel signing key: 4a42bf06d7f543339f9a48b8a4aeebd6448623d0'
May 24 17:46:34 localhost kernel: Loaded X.509 cert 'Red Hat Enterprise Linux Driver Update Program (key 3): bf57f3e87362bc7229d9f465321773dfd1f77a80'
May 24 17:46:34 localhost kernel: Loaded X.509 cert 'Red Hat Enterprise Linux kpatch signing key: 4d38fd864ebe18c5f0b72e3852e2014c3a676fc8'
May 24 17:46:34 localhost kernel: zswap: loaded using pool lzo/zbud
May 24 17:46:34 localhost kernel: page_owner is disabled
May 24 17:46:34 localhost kernel: Key type big_key registered
May 24 17:46:34 localhost kernel: usb 1-1: new high-speed USB device number 2 using xhci_hcd
May 24 17:46:34 localhost kernel: usb 1-1: New USB device found, idVendor=0627, idProduct=0001, bcdDevice= 0.00
May 24 17:46:34 localhost kernel: usb 1-1: New USB device strings: Mfr=1, Product=3, SerialNumber=10
May 24 17:46:34 localhost kernel: usb 1-1: Product: QEMU USB Tablet
May 24 17:46:34 localhost kernel: usb 1-1: Manufacturer: QEMU
May 24 17:46:34 localhost kernel: usb 1-1: SerialNumber: 28754-0000:00:02.1:00.0-1
May 24 17:46:34 localhost kernel: input: QEMU QEMU USB Tablet as /devices/pci0000:00/0000:00:02.1/0000:02:00.0/usb1/1-1/1-1:1.0/0003:0627:0001.0001/input/input4
May 24 17:46:34 localhost kernel: hid-generic 0003:0627:0001.0001: input,hidraw0: USB HID v0.01 Mouse [QEMU QEMU USB Tablet] on usb-0000:02:00.0-1/input0
May 24 17:46:34 localhost kernel: input: ImExPS/2 Generic Explorer Mouse as /devices/platform/i8042/serio1/input/input3
May 24 17:46:34 localhost kernel: Freeing initrd memory: 79924K
May 24 17:46:34 localhost kernel: Key type encrypted registered
May 24 17:46:34 localhost kernel: ima: No TPM chip found, activating TPM-bypass!
May 24 17:46:34 localhost kernel: Loading compiled-in module X.509 certificates
May 24 17:46:34 localhost kernel: Loaded X.509 cert 'Red Hat Enterprise Linux kernel signing key: 4a42bf06d7f543339f9a48b8a4aeebd6448623d0'
May 24 17:46:34 localhost kernel: ima: Allocated hash algorithm: sha256
May 24 17:46:34 localhost kernel: ima: No architecture policies found
May 24 17:46:34 localhost kernel: evm: Initialising EVM extended attributes:
May 24 17:46:34 localhost kernel: evm: security.selinux
May 24 17:46:34 localhost kernel: evm: security.SMACK64 (disabled)
May 24 17:46:34 localhost kernel: evm: security.SMACK64EXEC (disabled)
May 24 17:46:34 localhost kernel: evm: security.SMACK64TRANSMUTE (disabled)
May 24 17:46:34 localhost kernel: evm: security.SMACK64MMAP (disabled)
May 24 17:46:34 localhost kernel: evm: security.apparmor (disabled)
May 24 17:46:34 localhost kernel: evm: security.ima
May 24 17:46:34 localhost kernel: evm: security.capability
May 24 17:46:34 localhost kernel: evm: HMAC attrs: 0x1
May 24 17:46:34 localhost kernel: Freeing unused decrypted memory: 2036K
May 24 17:46:34 localhost kernel: Freeing unused kernel image (initmem) memory: 2548K
May 24 17:46:34 localhost kernel: Write protecting the kernel read-only data: 26624k
May 24 17:46:34 localhost kernel: Freeing unused kernel image (text/rodata gap) memory: 2036K
May 24 17:46:34 localhost kernel: Freeing unused kernel image (rodata/data gap) memory: 1188K
May 24 17:46:34 localhost kernel: x86/mm: Checked W+X mappings: passed, no W+X pages found.
May 24 17:46:34 localhost kernel: Run /init as init process
May 24 17:46:34 localhost kernel:   with arguments:
May 24 17:46:34 localhost kernel:     /init
May 24 17:46:34 localhost kernel:   with environment:
May 24 17:46:34 localhost kernel:     HOME=/
May 24 17:46:34 localhost kernel:     TERM=linux
May 24 17:46:34 localhost kernel:     BOOT_IMAGE=vmlinuz
May 24 17:46:34 localhost systemd[1]: systemd 250-6.el9_0 running in system mode (+PAM +AUDIT +SELINUX -APPARMOR +IMA +SMACK +SECCOMP +GCRYPT +GNUTLS +OPENSSL +ACL +BLKID +CURL +ELFUTILS -FIDO2 +IDN2 -IDN -IPTC +KMOD +LIBCRYPTSETUP +LIBFDISK +PCRE2 -PWQUALITY +P11KIT -QRENCODE +BZIP2 +LZ4 +XZ +ZLIB +ZSTD -BPF_FRAMEWORK +XKBCOMMON +UTMP +SYSVINIT default-hierarchy=unified)
May 24 17:46:34 localhost systemd[1]: Detected virtualization kvm.
May 24 17:46:34 localhost systemd[1]: Detected architecture x86-64.
May 24 17:46:34 localhost systemd[1]: Running in initial RAM disk.
May 24 17:46:34 localhost systemd[1]: No hostname configured, using default hostname.
May 24 17:46:34 localhost systemd[1]: Hostname set to <localhost>.
May 24 17:46:34 localhost systemd[1]: Initializing machine ID from VM UUID.
May 24 17:46:34 localhost systemd[1]: Queued start job for default target Initrd Default Target.
May 24 17:46:34 localhost systemd[1]: Reached target Initrd Root Device.
May 24 17:46:34 localhost systemd[1]: Reached target Initrd /usr File System.
May 24 17:46:34 localhost systemd[1]: Reached target Slice Units.
May 24 17:46:34 localhost systemd[1]: Reached target Swaps.
May 24 17:46:34 localhost systemd[1]: Reached target Timer Units.
May 24 17:46:34 localhost systemd[1]: Listening on D-Bus System Message Bus Socket.
May 24 17:46:34 localhost systemd[1]: Listening on Open-iSCSI iscsid Socket.
May 24 17:46:34 localhost systemd[1]: Listening on Open-iSCSI iscsiuio Socket.
May 24 17:46:34 localhost systemd[1]: Listening on Journal Socket (/dev/log).
May 24 17:46:34 localhost systemd[1]: Listening on Journal Socket.
May 24 17:46:34 localhost systemd[1]: Listening on udev Control Socket.
May 24 17:46:34 localhost systemd[1]: Listening on udev Kernel Socket.
May 24 17:46:34 localhost systemd[1]: Reached target Socket Units.
May 24 17:46:34 localhost systemd[1]: Starting Create List of Static Device Nodes...
May 24 17:46:34 localhost systemd[1]: Starting Journal Service...
May 24 17:46:34 localhost systemd[1]: Starting Load Kernel Modules...
May 24 17:46:34 localhost systemd[1]: Create System Users was skipped because of a failed condition check (ConditionNeedsUpdate=/etc).
May 24 17:46:34 localhost systemd[1]: Starting Setup Virtual Console...
May 24 17:46:34 localhost systemd[1]: Finished Create List of Static Device Nodes.
May 24 17:46:34 localhost systemd[1]: Starting Create Static Device Nodes in /dev...
May 24 17:46:34 localhost kernel: IPMI message handler: version 39.2
May 24 17:46:34 localhost kernel: ipmi device interface
May 24 17:46:34 localhost systemd[1]: Finished Load Kernel Modules.
May 24 17:46:34 localhost systemd[1]: Finished Create Static Device Nodes in /dev.
May 24 17:46:34 localhost systemd[1]: Starting Apply Kernel Variables...
May 24 17:46:34 localhost systemd[1]: Finished Apply Kernel Variables.
May 24 17:46:34 localhost systemd-journald[266]: Journal started
May 24 17:46:34 localhost systemd-journald[266]: Runtime Journal (/run/log/journal/6aa96ced2c3045ba807e4a7dacd97b6a) is 4.9M, max 39.3M, 34.4M free.
May 24 17:46:34 localhost systemd[1]: Started Journal Service.
May 24 17:46:34 localhost systemd-modules-load[267]: Module 'msr' is built in
May 24 17:46:34 localhost systemd-modules-load[267]: Inserted module 'ipmi_devintf'
May 24 17:46:34 localhost systemd[1]: Starting Create Volatile Files and Directories...
May 24 17:46:34 localhost systemd[1]: Finished Create Volatile Files and Directories.
May 24 17:46:34 localhost systemd[1]: Finished Setup Virtual Console.
May 24 17:46:34 localhost systemd[1]: dracut ask for additional cmdline parameters was skipped because all trigger condition checks failed.
May 24 17:46:34 localhost systemd[1]: Starting dracut cmdline hook...
May 24 17:46:34 localhost dracut-cmdline[276]: dracut-9.0 (Plow) dracut-055-45.git20220404.el9_0
May 24 17:46:34 localhost dracut-cmdline[276]: Using kernel command line parameters:    BOOT_IMAGE=vmlinuz initrd=initrd.img inst.stage2=hd:LABEL=RHEL-9-0-0-BaseOS-x86_64 quiet
May 24 17:46:34 localhost kernel: BIOS EDD facility v0.16 2004-Jun-25, 1 devices found
May 24 17:46:34 localhost dracut-cmdline[276]: Loading Red Hat Enterprise Linux 9.0 x86_64 installer...
May 24 17:46:34 localhost kernel: Loading iSCSI transport class v2.0-870.
May 24 17:46:34 localhost kernel: iscsi: registered transport (tcp)
May 24 17:46:34 localhost kernel: iscsi: registered transport (qla4xxx)
May 24 17:46:34 localhost kernel: QLogic iSCSI HBA Driver
May 24 17:46:34 localhost kernel: libcxgbi:libcxgbi_init_module: Chelsio iSCSI driver library libcxgbi v0.9.1-ko (Apr. 2015)
May 24 17:46:34 localhost kernel: Chelsio T4-T6 iSCSI Driver cxgb4i v0.9.5-ko (Apr. 2015)
May 24 17:46:34 localhost kernel: iscsi: registered transport (cxgb4i)
May 24 17:46:34 localhost kernel: cnic: QLogic cnicDriver v2.5.22 (July 20, 2015)
May 24 17:46:34 localhost kernel: QLogic NetXtreme II iSCSI Driver bnx2i v35.54.88.61 (Jul 16, 2014)
May 24 17:46:34 localhost kernel: iscsi: registered transport (bnx2i)
May 24 17:46:34 localhost kernel: iscsi: registered transport (be2iscsi)
May 24 17:46:34 localhost kernel: In beiscsi_module_init, tt=00000000f429aab0
May 24 17:46:34 localhost systemd[1]: Finished dracut cmdline hook.
May 24 17:46:34 localhost systemd[1]: Starting dracut pre-udev hook...
May 24 17:46:34 localhost dracut-pre-udev[594]: anaconda-modprobe: Module cramfs not found
May 24 17:46:34 localhost kernel: squashfs: version 4.0 (2009/01/31) Phillip Lougher
May 24 17:46:34 localhost dracut-pre-udev[594]: anaconda-modprobe: Module floppy not found
May 24 17:46:34 localhost kernel: No iBFT detected.
May 24 17:46:34 localhost kernel: raid6: skip pq benchmark and using algorithm avx2x4
May 24 17:46:34 localhost kernel: raid6: using avx2x2 recovery algorithm
May 24 17:46:34 localhost kernel: async_tx: api initialized (async)
May 24 17:46:34 localhost kernel: xor: automatically using best checksumming function   avx       
May 24 17:46:34 localhost kernel: device-mapper: core: CONFIG_IMA_DISABLE_HTABLE is disabled. Duplicate IMA measurements will not be recorded in the IMA log.
May 24 17:46:34 localhost kernel: device-mapper: uevent: version 1.0.3
May 24 17:46:34 localhost kernel: device-mapper: ioctl: 4.45.0-ioctl (2021-03-22) initialised: dm-devel@redhat.com
May 24 17:46:34 localhost kernel: device-mapper: multipath round-robin: version 1.2.0 loaded
May 24 17:46:34 localhost dracut-pre-udev[594]: anaconda-modprobe: Module sha256 not found
May 24 17:46:34 localhost kernel: RPC: Registered named UNIX socket transport module.
May 24 17:46:34 localhost kernel: RPC: Registered udp transport module.
May 24 17:46:34 localhost kernel: RPC: Registered tcp transport module.
May 24 17:46:34 localhost kernel: RPC: Registered tcp NFSv4.1 backchannel transport module.
May 24 17:46:34 localhost rpc.statd[872]: Version 2.5.4 starting
May 24 17:46:34 localhost rpc.statd[872]: Initializing NSM state
May 24 17:46:35 localhost rpc.idmapd[876]: Setting log level to 0
May 24 17:46:35 localhost systemd[1]: Finished dracut pre-udev hook.
May 24 17:46:35 localhost systemd[1]: Starting Rule-based Manager for Device Events and Files...
May 24 17:46:35 localhost systemd-udevd[890]: /usr/lib/udev/rules.d/50-udev-default.rules:43 Unknown group 'sgx', ignoring
May 24 17:46:35 localhost systemd-udevd[890]: /usr/lib/udev/rules.d/50-udev-default.rules:44 Unknown group 'sgx', ignoring
May 24 17:46:35 localhost systemd[1]: Started Rule-based Manager for Device Events and Files.
May 24 17:46:35 localhost systemd[1]: Starting dracut pre-trigger hook...
May 24 17:46:35 localhost lldpad[911]: config file failed to load,
May 24 17:46:35 localhost lldpad[911]: create a new file.
May 24 17:46:35 localhost lldpad[911]: bound ctrl iface to /com/intel/lldpad
May 24 17:46:35 localhost dracut-pre-trigger[913]: 912
May 24 17:46:35 localhost dracut-pre-trigger[893]: rd.md=0: removing MD RAID activation
May 24 17:46:35 localhost systemd[1]: Finished dracut pre-trigger hook.
May 24 17:46:35 localhost systemd[1]: Starting Coldplug All udev Devices...
May 24 17:46:35 localhost systemd-udevd[890]: /usr/lib/udev/rules.d/50-udev-default.rules:43 Unknown group 'sgx', ignoring
May 24 17:46:35 localhost systemd-udevd[890]: /usr/lib/udev/rules.d/50-udev-default.rules:44 Unknown group 'sgx', ignoring
May 24 17:46:35 localhost systemd[1]: Finished Coldplug All udev Devices.
May 24 17:46:35 localhost systemd[1]: nm-initrd.service was skipped because of a failed condition check (ConditionPathExists=/run/NetworkManager/initrd/neednet).
May 24 17:46:35 localhost systemd[1]: nm-wait-online-initrd.service was skipped because of a failed condition check (ConditionPathExists=/run/NetworkManager/initrd/neednet).
May 24 17:46:35 localhost systemd[1]: Starting dracut initqueue hook...
May 24 17:46:35 localhost systemd[1]: Starting Show Plymouth Boot Screen...
May 24 17:46:35 localhost systemd[1]: Starting Wait for udev To Complete Device Initialization...
May 24 17:46:35 localhost systemd[1]: Received SIGRTMIN+20 from PID 992 (plymouthd).
May 24 17:46:35 localhost kernel: virtio_blk virtio2: [vda] 20971520 512-byte logical blocks (10.7 GB/10.0 GiB)
May 24 17:46:35 localhost kernel:  vda: vda1 vda2
May 24 17:46:35 localhost systemd[1]: Started Show Plymouth Boot Screen.
May 24 17:46:35 localhost systemd[1]: Dispatch Password Requests to Console Directory Watch was skipped because of a failed condition check (ConditionPathExists=!/run/plymouth/pid).
May 24 17:46:35 localhost systemd[1]: Started Forward Password Requests to Plymouth Directory Watch.
May 24 17:46:35 localhost systemd[1]: Reached target Local Encrypted Volumes.
May 24 17:46:35 localhost systemd[1]: Reached target Path Units.
May 24 17:46:35 localhost kernel: 8021q: 802.1Q VLAN Support v1.8
May 24 17:46:35 localhost systemd-udevd[973]: Using default interface naming scheme 'rhel-9.0'.
May 24 17:46:35 localhost kernel: virtio_net virtio0 enp1s0: renamed from eth0
May 24 17:46:35 localhost kernel: libata version 3.00 loaded.
May 24 17:46:35 localhost udevadm[993]: systemd-udev-settle.service is deprecated. Please fix multipathd.service, multipathd-configure.service not to pull it in.
May 24 17:46:35 localhost kernel: ahci 0000:00:1f.2: version 3.0
May 24 17:46:35 localhost kernel: ACPI: \_SB_.GSIA: Enabled at IRQ 16
May 24 17:46:35 localhost kernel: ahci 0000:00:1f.2: AHCI 0001.0000 32 slots 6 ports 1.5 Gbps 0x3f impl SATA mode
May 24 17:46:35 localhost kernel: ahci 0000:00:1f.2: flags: 64bit ncq only 
May 24 17:46:35 localhost kernel: scsi host0: ahci
May 24 17:46:35 localhost kernel: scsi host1: ahci
May 24 17:46:35 localhost kernel: scsi host2: ahci
May 24 17:46:35 localhost systemd-udevd[982]: Using default interface naming scheme 'rhel-9.0'.
May 24 17:46:35 localhost kernel: scsi host3: ahci
May 24 17:46:35 localhost kernel: scsi host4: ahci
May 24 17:46:35 localhost kernel: scsi host5: ahci
May 24 17:46:35 localhost kernel: ata1: SATA max UDMA/133 abar m4096@0xfce19000 port 0xfce19100 irq 41
May 24 17:46:35 localhost kernel: ata2: SATA max UDMA/133 abar m4096@0xfce19000 port 0xfce19180 irq 41
May 24 17:46:35 localhost kernel: ata3: SATA max UDMA/133 abar m4096@0xfce19000 port 0xfce19200 irq 41
May 24 17:46:35 localhost kernel: ata4: SATA max UDMA/133 abar m4096@0xfce19000 port 0xfce19280 irq 41
May 24 17:46:35 localhost kernel: ata5: SATA max UDMA/133 abar m4096@0xfce19000 port 0xfce19300 irq 41
May 24 17:46:35 localhost kernel: ata6: SATA max UDMA/133 abar m4096@0xfce19000 port 0xfce19380 irq 41
May 24 17:46:35 localhost systemd[1]: Reloading.
May 24 17:46:35 localhost kernel: ACPI: \_SB_.GSIF: Enabled at IRQ 21
May 24 17:46:35 localhost kernel: qxl 0000:00:01.0: vgaarb: deactivate vga console
May 24 17:46:35 localhost kernel: Console: switching to colour dummy device 80x25
May 24 17:46:35 localhost kernel: [drm] Device Version 0.0
May 24 17:46:35 localhost kernel: [drm] Compression level 0 log level 0
May 24 17:46:35 localhost kernel: [drm] 12286 io pages at offset 0x1000000
May 24 17:46:35 localhost kernel: [drm] 16777216 byte draw area at offset 0x0
May 24 17:46:35 localhost kernel: [drm] RAM header offset: 0x3ffe000
May 24 17:46:35 localhost kernel: [drm] qxl: 16M of VRAM memory size
May 24 17:46:35 localhost kernel: [drm] qxl: 63M of IO pages memory ready (VRAM dohost1)
May 24 17:46:35 localhost kernel: [drm] qxl: 64M of Surface memory size
May 24 17:46:35 localhost kernel: [drm] slot 0 (host1): base 0xf4000000, size 0x03ffe000
May 24 17:46:35 localhost kernel: [drm] slot 1 (surfaces): base 0xf8000000, size 0x04000000
May 24 17:46:35 localhost kernel: [drm] Initialized qxl 0.1.0 20120117 for 0000:00:01.0 on minor 0
May 24 17:46:35 localhost kernel: fbcon: qxl (fb0) is primary device
May 24 17:46:35 localhost kernel: Console: switching to colour frame buffer device 128x48
May 24 17:46:35 localhost kernel: qxl 0000:00:01.0: [drm] fb0: qxl frame buffer device
May 24 17:46:35 localhost kernel: ata4: SATA link down (SStatus 0 SControl 300)
May 24 17:46:35 localhost kernel: ata3: SATA link down (SStatus 0 SControl 300)
May 24 17:46:35 localhost kernel: ata2: SATA link down (SStatus 0 SControl 300)
May 24 17:46:35 localhost kernel: ata6: SATA link down (SStatus 0 SControl 300)
May 24 17:46:35 localhost kernel: ata5: SATA link down (SStatus 0 SControl 300)
May 24 17:46:35 localhost kernel: ata1: SATA link up 1.5 Gbps (SStatus 113 SControl 300)
May 24 17:46:35 localhost kernel: ata1.00: ATAPI: QEMU DVD-ROM, 2.5+, max UDMA/100
May 24 17:46:35 localhost kernel: ata1.00: applying bridge limits
May 24 17:46:35 localhost kernel: ata1.00: configured for UDMA/100
May 24 17:46:35 localhost kernel: scsi 0:0:0:0: CD-ROM            QEMU     QEMU DVD-ROM     2.5+ PQ: 0 ANSI: 5
May 24 17:46:35 localhost kernel: scsi 0:0:0:0: Attached scsi generic sg0 type 5
May 24 17:46:35 localhost kernel: sr 0:0:0:0: [sr0] scsi3-mmc drive: 4x/4x cd/rw xa/form2 tray
May 24 17:46:35 localhost kernel: cdrom: Uniform CD-ROM driver Revision: 3.20
May 24 17:46:35 localhost kernel: sr 0:0:0:0: Attached scsi CD-ROM sr0
May 24 17:46:36 localhost systemd[1]: Finished Wait for udev To Complete Device Initialization.
May 24 17:46:36 localhost systemd[1]: Device-Mapper Multipath Default Configuration was skipped because of a failed condition check (ConditionPathExists=!/etc/multipath.conf).
May 24 17:46:36 localhost systemd[1]: Starting Device-Mapper Multipath Device Controller...
May 24 17:46:36 localhost systemd[1]: Started Device-Mapper Multipath Device Controller.
May 24 17:46:36 localhost systemd[1]: Reached target Preparation for Local File Systems.
May 24 17:46:36 localhost systemd[1]: Reached target Local File Systems.
May 24 17:46:36 localhost systemd[1]: Reached target System Initialization.
May 24 17:46:36 localhost systemd[1]: Reached target Basic System.
May 24 17:46:36 localhost multipathd[1184]: --------start up--------
May 24 17:46:36 localhost multipathd[1184]: read /etc/multipath.conf
May 24 17:46:36 localhost multipathd[1184]: path checkers start up
May 24 17:46:36 localhost dracut-initqueue[1202]: anaconda using disk root at /dev/sr0
May 24 17:46:36 localhost kernel: ISO 9660 Extensions: Microsoft Joliet Level 3
May 24 17:46:36 localhost kernel: ISO 9660 Extensions: RRIP_1991A
May 24 17:46:36 localhost dracut-initqueue[1202]: anaconda: found /run/install/repo//images/install.img
May 24 17:46:36 localhost kernel: loop: module loaded
May 24 17:46:36 localhost kernel: loop0: detected capacity change from 0 to 1355936
May 24 17:46:36 localhost kernel: loop1: detected capacity change from 0 to 6291456
May 24 17:46:36 localhost kernel: loop2: detected capacity change from 0 to 67108864
May 24 17:46:36 localhost systemd[1]: run-initramfs-squashfs.mount: Deactivated successfully.
May 24 17:46:36 localhost dracut-initqueue[1434]:   Configuration node devices/filter not found
May 24 17:46:36 localhost dracut-initqueue[1437]:   Configuration node devices/global_filter not found
May 24 17:46:36 localhost dracut-initqueue[1420]: Scanning devices vda2  for LVM volume groups
May 24 17:46:36 localhost dracut-initqueue[1443]: WARNING: File locking is disabled.
May 24 17:46:36 localhost dracut-initqueue[1443]: Found volume group "root_vg" using metadata type lvm2
May 24 17:46:36 localhost dracut-initqueue[1445]: 2 logical volume(s) in volume group "root_vg" now active
May 24 17:46:36 localhost systemd[1]: Starting D-Bus System Message Bus...
May 24 17:46:36 localhost dbus-broker-launch[1456]: Looking up NSS user entry for 'dbus'...
May 24 17:46:36 localhost dbus-broker-launch[1456]: NSS returned no entry for 'dbus'
May 24 17:46:36 localhost dbus-broker-launch[1456]: Invalid user-name in /usr/share/dbus-1/system.conf +18: <user>dbus</user>
May 24 17:46:36 localhost systemd[1]: Started D-Bus System Message Bus.
May 24 17:46:36 localhost dbus-broker-lau[1456]: Ready
May 24 17:46:36 localhost systemd[1]: Finished dracut initqueue hook.
May 24 17:46:36 localhost systemd[1]: Reached target Preparation for Remote File Systems.
May 24 17:46:36 localhost systemd[1]: Reached target Remote Encrypted Volumes.
May 24 17:46:36 localhost systemd[1]: Reached target Remote File Systems.
May 24 17:46:36 localhost systemd[1]: Starting dracut pre-mount hook...
May 24 17:46:36 localhost systemd[1]: Finished dracut pre-mount hook.
May 24 17:46:36 localhost systemd[1]: Reached target Initrd Root File System.
May 24 17:46:36 localhost systemd[1]: Starting Reload Configuration from the Real Root...
May 24 17:46:36 localhost systemd[1]: Reloading.
May 24 17:46:36 localhost systemd[1]: Stopping Device-Mapper Multipath Device Controller...
May 24 17:46:36 localhost multipathd[1184]: --------shut down-------
May 24 17:46:36 localhost multipathd[1531]: ok
May 24 17:46:36 localhost systemd[1]: initrd-parse-etc.service: Deactivated successfully.
May 24 17:46:36 localhost systemd[1]: Finished Reload Configuration from the Real Root.
May 24 17:46:36 localhost systemd[1]: Reached target Initrd File Systems.
May 24 17:46:36 localhost systemd[1]: Reached target Initrd Default Target.
May 24 17:46:36 localhost systemd[1]: Starting dracut mount hook...
May 24 17:46:36 localhost systemd[1]: multipathd.service: Deactivated successfully.
May 24 17:46:36 localhost systemd[1]: Stopped Device-Mapper Multipath Device Controller.
May 24 17:46:36 localhost kernel: EXT4-fs (dm-0): mounted filesystem with ordered data mode. Quota mode: none.
May 24 17:46:36 localhost systemd[1]: Finished dracut mount hook.
May 24 17:46:36 localhost systemd[1]: Starting dracut pre-pivot and cleanup hook...
May 24 17:46:36 localhost rpc.idmapd[876]: exiting on signal 15
May 24 17:46:36 localhost systemd[1]: var-lib-nfs-rpc_pipefs.mount: Deactivated successfully.
May 24 17:46:36 localhost systemd[1]: Finished dracut pre-pivot and cleanup hook.
May 24 17:46:36 localhost systemd[1]: Starting Cleaning Up and Shutting Down Daemons...
May 24 17:46:36 localhost systemd[1]: Stopped target Remote Encrypted Volumes.
May 24 17:46:36 localhost systemd[1]: Stopped target Timer Units.
May 24 17:46:36 localhost systemd[1]: dracut-pre-pivot.service: Deactivated successfully.
May 24 17:46:36 localhost systemd[1]: Stopped dracut pre-pivot and cleanup hook.
May 24 17:46:36 localhost systemd[1]: Stopped target Initrd Default Target.
May 24 17:46:36 localhost systemd[1]: Stopped target Basic System.
May 24 17:46:36 localhost systemd[1]: Stopped target Initrd Root Device.
May 24 17:46:36 localhost systemd[1]: Stopped target Initrd /usr File System.
May 24 17:46:36 localhost systemd[1]: Stopped target Path Units.
May 24 17:46:36 localhost systemd[1]: Stopped target Remote File Systems.
May 24 17:46:36 localhost systemd[1]: Stopped target Preparation for Remote File Systems.
May 24 17:46:36 localhost systemd[1]: Stopped target Slice Units.
May 24 17:46:36 localhost systemd[1]: Stopped target Socket Units.
May 24 17:46:36 localhost systemd[1]: Stopped target System Initialization.
May 24 17:46:36 localhost systemd[1]: Stopped target Local File Systems.
May 24 17:46:36 localhost systemd[1]: Stopped target Preparation for Local File Systems.
May 24 17:46:36 localhost systemd[1]: Stopped target Swaps.
May 24 17:46:36 localhost systemd[1]: iscsid.socket: Deactivated successfully.
May 24 17:46:36 localhost systemd[1]: Closed Open-iSCSI iscsid Socket.
May 24 17:46:36 localhost systemd[1]: iscsiuio.socket: Deactivated successfully.
May 24 17:46:36 localhost systemd[1]: Closed Open-iSCSI iscsiuio Socket.
May 24 17:46:36 localhost dbus-broker[1457]: Dispatched 656 messages @ 0(2)s / message.
May 24 17:46:36 localhost systemd[1]: Stopping D-Bus System Message Bus...
May 24 17:46:36 localhost systemd[1]: dracut-mount.service: Deactivated successfully.
May 24 17:46:36 localhost systemd[1]: Stopped dracut mount hook.
May 24 17:46:36 localhost systemd[1]: dracut-pre-mount.service: Deactivated successfully.
May 24 17:46:36 localhost systemd[1]: Stopped dracut pre-mount hook.
May 24 17:46:36 localhost systemd[1]: Stopped target Local Encrypted Volumes.
May 24 17:46:36 localhost systemd[1]: dracut-initqueue.service: Deactivated successfully.
May 24 17:46:36 localhost systemd[1]: Stopped dracut initqueue hook.
May 24 17:46:36 localhost systemd[1]: Starting Plymouth switch root service...
May 24 17:46:36 localhost systemd[1]: systemd-sysctl.service: Deactivated successfully.
May 24 17:46:36 localhost systemd[1]: Stopped Apply Kernel Variables.
May 24 17:46:36 localhost systemd[1]: systemd-modules-load.service: Deactivated successfully.
May 24 17:46:36 localhost systemd[1]: Stopped Load Kernel Modules.
May 24 17:46:36 localhost systemd[1]: systemd-udev-settle.service: Deactivated successfully.
May 24 17:46:36 localhost systemd[1]: Stopped Wait for udev To Complete Device Initialization.
May 24 17:46:36 localhost systemd[1]: systemd-udev-trigger.service: Deactivated successfully.
May 24 17:46:36 localhost systemd[1]: Stopped Coldplug All udev Devices.
May 24 17:46:36 localhost systemd[1]: dracut-pre-trigger.service: Deactivated successfully.
May 24 17:46:36 localhost systemd[1]: Stopped dracut pre-trigger hook.
May 24 17:46:36 localhost systemd[1]: Stopping Rule-based Manager for Device Events and Files...
May 24 17:46:36 localhost systemd[1]: initrd-cleanup.service: Deactivated successfully.
May 24 17:46:36 localhost systemd[1]: Finished Cleaning Up and Shutting Down Daemons.
May 24 17:46:36 localhost systemd[1]: dbus-broker.service: Deactivated successfully.
May 24 17:46:36 localhost systemd[1]: Stopped D-Bus System Message Bus.
May 24 17:46:36 localhost systemd[1]: systemd-udevd.service: Deactivated successfully.
May 24 17:46:36 localhost systemd[1]: Stopped Rule-based Manager for Device Events and Files.
May 24 17:46:36 localhost systemd[1]: dbus.socket: Deactivated successfully.
May 24 17:46:36 localhost systemd[1]: Closed D-Bus System Message Bus Socket.
May 24 17:46:36 localhost systemd[1]: systemd-udevd-control.socket: Deactivated successfully.
May 24 17:46:36 localhost systemd[1]: Closed udev Control Socket.
May 24 17:46:36 localhost systemd[1]: systemd-udevd-kernel.socket: Deactivated successfully.
May 24 17:46:36 localhost systemd[1]: Closed udev Kernel Socket.
May 24 17:46:36 localhost systemd[1]: dracut-pre-udev.service: Deactivated successfully.
May 24 17:46:36 localhost systemd[1]: Stopped dracut pre-udev hook.
May 24 17:46:36 localhost systemd[1]: dracut-cmdline.service: Deactivated successfully.
May 24 17:46:36 localhost systemd[1]: Stopped dracut cmdline hook.
May 24 17:46:36 localhost systemd[1]: Starting Cleanup udev Database...
May 24 17:46:36 localhost systemd[1]: systemd-tmpfiles-setup-dev.service: Deactivated successfully.
May 24 17:46:36 localhost systemd[1]: Stopped Create Static Device Nodes in /dev.
May 24 17:46:36 localhost systemd[1]: kmod-static-nodes.service: Deactivated successfully.
May 24 17:46:36 localhost systemd[1]: Stopped Create List of Static Device Nodes.
May 24 17:46:36 localhost systemd[1]: systemd-tmpfiles-setup.service: Deactivated successfully.
May 24 17:46:36 localhost systemd[1]: Stopped Create Volatile Files and Directories.
May 24 17:46:36 localhost systemd[1]: initrd-udevadm-cleanup-db.service: Deactivated successfully.
May 24 17:46:36 localhost systemd[1]: Finished Cleanup udev Database.
May 24 17:46:36 localhost systemd[1]: Reached target Switch Root.
May 24 17:46:36 localhost systemd[1]: Finished Plymouth switch root service.
May 24 17:46:36 localhost systemd[1]: Starting Switch Root...
May 24 17:46:37 localhost systemd[1]: Switching root.
May 24 17:46:37 localhost systemd-journald[266]: Journal stopped
May 24 17:46:39 localhost systemd-journald[266]: Received SIGTERM from PID 1 (systemd).
May 24 17:46:39 localhost kernel: SELinux:  policy capability network_peer_controls=1
May 24 17:46:39 localhost kernel: SELinux:  policy capability open_perms=1
May 24 17:46:39 localhost kernel: SELinux:  policy capability extended_socket_class=1
May 24 17:46:39 localhost kernel: SELinux:  policy capability always_check_network=0
May 24 17:46:39 localhost kernel: SELinux:  policy capability cgroup_seclabel=1
May 24 17:46:39 localhost kernel: SELinux:  policy capability nnp_nosuid_transition=1
May 24 17:46:39 localhost kernel: SELinux:  policy capability genfs_seclabel_symlinks=0
May 24 17:46:39 localhost kernel: audit: type=1403 audit(1684950397.889:2): auid=4294967295 ses=4294967295 lsm=selinux res=1
May 24 17:46:39 localhost systemd[1]: Successfully loaded SELinux policy in 132.114ms.
May 24 17:46:39 localhost systemd[1]: Relabelled /dev, /dev/shm, /run, /sys/fs/cgroup in 18.177ms.
May 24 17:46:39 localhost systemd[1]: systemd 250-6.el9_0 running in system mode (+PAM +AUDIT +SELINUX -APPARMOR +IMA +SMACK +SECCOMP +GCRYPT +GNUTLS +OPENSSL +ACL +BLKID +CURL +ELFUTILS -FIDO2 +IDN2 -IDN -IPTC +KMOD +LIBCRYPTSETUP +LIBFDISK +PCRE2 -PWQUALITY +P11KIT -QRENCODE +BZIP2 +LZ4 +XZ +ZLIB +ZSTD -BPF_FRAMEWORK +XKBCOMMON +UTMP +SYSVINIT default-hierarchy=unified)
May 24 17:46:39 localhost systemd[1]: Detected virtualization kvm.
May 24 17:46:39 localhost systemd[1]: Detected architecture x86-64.
May 24 17:46:39 localhost systemd-rc-local-generator[1628]: /etc/rc.d/rc.local is not marked executable, skipping.
May 24 17:46:39 localhost kernel: zram: Added device: zram0
May 24 17:46:39 localhost systemd[1]: initrd-switch-root.service: Deactivated successfully.
May 24 17:46:39 localhost systemd[1]: Stopped Switch Root.
May 24 17:46:39 localhost systemd[1]: systemd-journald.service: Scheduled restart job, restart counter is at 1.
May 24 17:46:39 localhost systemd[1]: Created slice Slice /system/anaconda-tmux.
May 24 17:46:39 localhost systemd[1]: Created slice Slice /system/modprobe.
May 24 17:46:39 localhost systemd[1]: Created slice Slice /system/sshd-keygen.
May 24 17:46:39 localhost systemd[1]: Created slice Slice /system/systemd-zram-setup.
May 24 17:46:39 localhost systemd[1]: Created slice User and Session Slice.
May 24 17:46:39 localhost systemd[1]: Dispatch Password Requests to Console Directory Watch was skipped because of a failed condition check (ConditionPathExists=!/run/plymouth/pid).
May 24 17:46:39 localhost systemd[1]: Set up automount Arbitrary Executable File Formats File System Automount Point.
May 24 17:46:39 localhost systemd[1]: Reached target Local Encrypted Volumes.
May 24 17:46:39 localhost systemd[1]: Stopped target Switch Root.
May 24 17:46:39 localhost systemd[1]: Stopped target Initrd File Systems.
May 24 17:46:39 localhost systemd[1]: Stopped target Initrd Root File System.
May 24 17:46:39 localhost systemd[1]: Reached target Local Integrity Protected Volumes.
May 24 17:46:39 localhost systemd[1]: Reached target Path Units.
May 24 17:46:39 localhost systemd[1]: Reached target Slice Units.
May 24 17:46:39 localhost systemd[1]: Reached target Local Verity Protected Volumes.
May 24 17:46:39 localhost systemd[1]: Listening on LVM2 poll daemon socket.
May 24 17:46:39 localhost systemd[1]: Listening on multipathd control socket.
May 24 17:46:39 localhost systemd[1]: Listening on Process Core Dump Socket.
May 24 17:46:39 localhost systemd[1]: Listening on initctl Compatibility Named Pipe.
May 24 17:46:39 localhost systemd[1]: Listening on udev Control Socket.
May 24 17:46:39 localhost systemd[1]: Listening on udev Kernel Socket.
May 24 17:46:39 localhost systemd[1]: Mounting Huge Pages File System...
May 24 17:46:39 localhost systemd[1]: Mounting POSIX Message Queue File System...
May 24 17:46:39 localhost systemd[1]: Mounting Kernel Debug File System...
May 24 17:46:39 localhost systemd[1]: Mounting Kernel Trace File System...
May 24 17:46:39 localhost systemd[1]: Starting Create List of Static Device Nodes...
May 24 17:46:39 localhost systemd[1]: Load legacy module configuration was skipped because all trigger condition checks failed.
May 24 17:46:39 localhost systemd[1]: Starting Load Kernel Module configfs...
May 24 17:46:39 localhost systemd[1]: Starting Load Kernel Module drm...
May 24 17:46:39 localhost systemd[1]: Starting Load Kernel Module fuse...
May 24 17:46:39 localhost systemd[1]: Read and set NIS dohost1name from /etc/sysconfig/network was skipped because of a failed condition check (ConditionPathExists=/etc/sysconfig/network).
May 24 17:46:39 localhost systemd[1]: plymouth-switch-root.service: Deactivated successfully.
May 24 17:46:39 localhost systemd[1]: Stopped Plymouth switch root service.
May 24 17:46:39 localhost systemd[1]: Stopped Journal Service.
May 24 17:46:39 localhost systemd[1]: Starting Journal Service...
May 24 17:46:39 localhost systemd[1]: Starting Load Kernel Modules...
May 24 17:46:39 localhost systemd[1]: Starting Generate network units from Kernel command line...
May 24 17:46:39 localhost systemd[1]: Starting Remount Root and Kernel File Systems...
May 24 17:46:39 localhost systemd[1]: Repartition Root Disk was skipped because all trigger condition checks failed.
May 24 17:46:39 localhost systemd[1]: Starting Coldplug All udev Devices...
May 24 17:46:39 localhost systemd[1]: Mounted Huge Pages File System.
May 24 17:46:39 localhost systemd[1]: Mounted POSIX Message Queue File System.
May 24 17:46:39 localhost kernel: fuse: init (API version 7.34)
May 24 17:46:39 localhost systemd[1]: Mounted Kernel Debug File System.
May 24 17:46:39 localhost systemd[1]: Mounted Kernel Trace File System.
May 24 17:46:39 localhost systemd[1]: Finished Create List of Static Device Nodes.
May 24 17:46:39 localhost systemd[1]: modprobe@configfs.service: Deactivated successfully.
May 24 17:46:39 localhost systemd[1]: Finished Load Kernel Module configfs.
May 24 17:46:39 localhost systemd[1]: modprobe@drm.service: Deactivated successfully.
May 24 17:46:39 localhost systemd[1]: Finished Load Kernel Module drm.
May 24 17:46:39 localhost systemd[1]: modprobe@fuse.service: Deactivated successfully.
May 24 17:46:39 localhost systemd[1]: Finished Load Kernel Module fuse.
May 24 17:46:39 localhost systemd[1]: Mounting FUSE Control File System...
May 24 17:46:39 localhost systemd[1]: Mounting Kernel Configuration File System...
May 24 17:46:39 localhost systemd[1]: Mounted FUSE Control File System.
May 24 17:46:39 localhost systemd[1]: Mounted Kernel Configuration File System.
May 24 17:46:39 localhost systemd[1]: Finished Generate network units from Kernel command line.
May 24 17:46:39 localhost systemd[1]: Finished Remount Root and Kernel File Systems.
May 24 17:46:39 localhost systemd[1]: Reached target Preparation for Network.
May 24 17:46:39 localhost systemd[1]: Special handling of early boot iSCSI sessions was skipped because of a failed condition check (ConditionDirectoryNotEmpty=/sys/class/iscsi_session).
May 24 17:46:39 localhost systemd[1]: OSTree Remount OS/ Bind Mounts was skipped because of a failed condition check (ConditionKernelCommandLine=ostree).
May 24 17:46:39 localhost systemd[1]: First Boot Wizard was skipped because of a failed condition check (ConditionFirstBoot=yes).
May 24 17:46:39 localhost systemd-journald[1656]: Journal started
May 24 17:46:39 localhost systemd-journald[1656]: Runtime Journal (/run/log/journal/b4e5bfccd92d423ab3e5c6ee4fd6f553) is 4.9M, max 39.3M, 34.4M free.
May 24 17:46:39 localhost systemd[1]: Queued start job for default target Anaconda System Services.
May 24 17:46:39 localhost systemd[1]: systemd-journald.service: Deactivated successfully.
May 24 17:46:39 localhost systemd-modules-load[1657]: Module 'msr' is built in
May 24 17:46:39 localhost systemd[1]: Starting Rebuild Hardware Database...
May 24 17:46:39 localhost systemd[1]: Starting Load/Save Random Seed...
May 24 17:46:39 localhost systemd[1]: Starting Create System Users...
May 24 17:46:39 localhost systemd[1]: Started Journal Service.
May 24 17:46:39 localhost systemd[1]: Finished Load Kernel Modules.
May 24 17:46:39 localhost systemd[1]: Starting Flush Journal to Persistent Storage...
May 24 17:46:39 localhost systemd[1]: Starting Apply Kernel Variables...
May 24 17:46:39 localhost systemd[1]: Finished Load/Save Random Seed.
May 24 17:46:39 localhost systemd[1]: First Boot Complete was skipped because of a failed condition check (ConditionFirstBoot=yes).
May 24 17:46:39 localhost systemd[1]: Finished Coldplug All udev Devices.
May 24 17:46:39 localhost systemd[1]: Starting Wait for udev To Complete Device Initialization...
May 24 17:46:39 localhost systemd-journald[1656]: Runtime Journal (/run/log/journal/b4e5bfccd92d423ab3e5c6ee4fd6f553) is 4.9M, max 39.3M, 34.4M free.
May 24 17:46:39 localhost systemd-journald[1656]: Received client request to flush runtime journal.
May 24 17:46:39 localhost systemd[1]: Finished Flush Journal to Persistent Storage.
May 24 17:46:39 localhost systemd[1]: Finished Apply Kernel Variables.
May 24 17:46:39 localhost systemd-sysusers[1665]: Creating group 'sgx' with GID 990.
May 24 17:46:39 localhost systemd-sysusers[1665]: Creating group 'systemd-oom' with GID 989.
May 24 17:46:39 localhost systemd-sysusers[1665]: Creating user 'systemd-oom' (systemd Userspace OOM Killer) with UID 989 and GID 989.
May 24 17:46:39 localhost systemd[1]: Finished Create System Users.
May 24 17:46:39 localhost systemd[1]: Starting Create Static Device Nodes in /dev...
May 24 17:46:39 localhost systemd[1]: Finished Create Static Device Nodes in /dev.
May 24 17:46:39 localhost systemd[1]: Finished Rebuild Hardware Database.
May 24 17:46:39 localhost systemd[1]: Starting Rule-based Manager for Device Events and Files...
May 24 17:46:39 localhost systemd[1]: Started Rule-based Manager for Device Events and Files.
May 24 17:46:39 localhost systemd[1]: Starting Load Kernel Module configfs...
May 24 17:46:39 localhost systemd[1]: modprobe@configfs.service: Deactivated successfully.
May 24 17:46:39 localhost systemd[1]: Finished Load Kernel Module configfs.
May 24 17:46:39 localhost kernel: lpc_ich 0000:00:1f.0: I/O space for GPIO uninitialized
May 24 17:46:39 localhost systemd[1]: Dispatch Password Requests to Console Directory Watch was skipped because of a failed condition check (ConditionPathExists=!/run/plymouth/pid).
May 24 17:46:39 localhost systemd[1]: Special handling of early boot iSCSI sessions was skipped because of a failed condition check (ConditionDirectoryNotEmpty=/sys/class/iscsi_session).
May 24 17:46:39 localhost systemd[1]: Load legacy module configuration was skipped because all trigger condition checks failed.
May 24 17:46:39 localhost systemd[1]: Read and set NIS dohost1name from /etc/sysconfig/network was skipped because of a failed condition check (ConditionPathExists=/etc/sysconfig/network).
May 24 17:46:39 localhost systemd[1]: OSTree Remount OS/ Bind Mounts was skipped because of a failed condition check (ConditionKernelCommandLine=ostree).
May 24 17:46:39 localhost systemd[1]: First Boot Wizard was skipped because of a failed condition check (ConditionFirstBoot=yes).
May 24 17:46:39 localhost systemd[1]: First Boot Complete was skipped because of a failed condition check (ConditionFirstBoot=yes).
May 24 17:46:39 localhost systemd[1]: Repartition Root Disk was skipped because all trigger condition checks failed.
May 24 17:46:39 localhost udevadm[1670]: systemd-udev-settle.service is deprecated. Please fix anaconda.target, multipathd.service, anaconda-pre.service, anaconda-direct.service not to pull it in.
May 24 17:46:39 localhost systemd-udevd[1687]: Using default interface naming scheme 'rhel-9.0'.
May 24 17:46:39 localhost systemd[1]: Found device /dev/zram0.
May 24 17:46:39 localhost systemd[1]: Starting Create swap on /dev/zram0...
May 24 17:46:39 localhost kernel: zram0: detected capacity change from 0 to 4026368
May 24 17:46:39 localhost systemd-udevd[1679]: ctx=0x55dbfb9f68b0 path=/lib/modules/5.14.0-70.13.1.el9_0.x86_64/kernel/drivers/edac/edac_mce_amd.ko.xz error=No such file or directory
May 24 17:46:39 localhost systemd-udevd[1677]: ctx=0x55dbfb9f68b0 path=/lib/modules/5.14.0-70.13.1.el9_0.x86_64/kernel/drivers/edac/edac_mce_amd.ko.xz error=No such file or directory
May 24 17:46:39 localhost kernel: input: PC Speaker as /devices/platform/pcspkr/input/input5
May 24 17:46:39 localhost kernel: i801_smbus 0000:00:1f.3: SMBus using PCI interrupt
May 24 17:46:39 localhost kernel: i2c i2c-0: 1/1 memory slots populated (from DMI)
May 24 17:46:39 localhost kernel: i2c i2c-0: Memory type 0x07 not supported yet, not instantiating SPD
May 24 17:46:40 localhost zram-generator[1703]: Setting up swapspace version 1, size = 1.9 GiB (2061496320 bytes)
May 24 17:46:40 localhost zram-generator[1703]: LABEL=zram0, UUID=1953:4f:53:65:60:b6ae29278435
May 24 17:46:40 localhost systemd-makefs[1698]: /dev/zram0 successfully formatted as swap (label "zram0", uuid 1953:4f:53:65:60:b6ae29278435)
May 24 17:46:40 localhost systemd[1]: Finished Create swap on /dev/zram0.
May 24 17:46:40 localhost systemd[1]: Activating swap Compressed Swap on /dev/zram0...
May 24 17:46:40 localhost systemd-udevd[1674]: ctx=0x55dbfb9f68b0 path=/lib/modules/5.14.0-70.13.1.el9_0.x86_64/kernel/drivers/watchdog/iTCO_vendor_support.ko.xz error=No such file or directory
May 24 17:46:40 localhost kernel: Adding 2013180k swap on /dev/zram0.  Priority:100 extents:1 across:2013180k SSFS
May 24 17:46:40 localhost systemd[1]: Activated swap Compressed Swap on /dev/zram0.
May 24 17:46:40 localhost systemd[1]: Reached target Swaps.
May 24 17:46:40 localhost systemd[1]: Mounting Temporary Directory /tmp...
May 24 17:46:40 localhost systemd[1]: Mounted Temporary Directory /tmp.
May 24 17:46:40 localhost lvm[1694]: PV /dev/vda2 online, VG root_vg is complete.
May 24 17:46:40 localhost systemd[1]: Started /usr/sbin/lvm vgchange -aay --autoactivation event root_vg.
May 24 17:46:40 localhost systemd[1]: Finished Wait for udev To Complete Device Initialization.
May 24 17:46:40 localhost systemd[1]: Starting Device-Mapper Multipath Device Controller...
May 24 17:46:40 localhost lvm[1729]:   2 logical volume(s) in volume group "root_vg" now active
May 24 17:46:40 localhost systemd[1]: lvm-activate-root_vg.service: Deactivated successfully.
May 24 17:46:40 localhost multipathd[1732]: --------start up--------
May 24 17:46:40 localhost multipathd[1732]: read /etc/multipath.conf
May 24 17:46:40 localhost multipathd[1732]: path checkers start up
May 24 17:46:40 localhost systemd[1]: Started Device-Mapper Multipath Device Controller.
May 24 17:46:40 localhost systemd[1]: Reached target Preparation for Local File Systems.
May 24 17:46:40 localhost systemd[1]: Reached target Local File Systems.
May 24 17:46:40 localhost systemd[1]: Starting Restore /run/initramfs on shutdown...
May 24 17:46:40 localhost systemd[1]: Starting Import network configuration from initramfs...
May 24 17:46:40 localhost systemd[1]: Starting Rebuild Dynamic Linker Cache...
May 24 17:46:40 localhost systemd[1]: Starting Tell Plymouth To Write Out Runtime Data...
May 24 17:46:40 localhost systemd[1]: Mark the need to relabel after reboot was skipped because of a failed condition check (ConditionSecurity=!selinux).
May 24 17:46:40 localhost systemd[1]: Set Up Additional Binary Formats was skipped because all trigger condition checks failed.
May 24 17:46:40 localhost systemd[1]: Commit a transient machine-id on disk was skipped because of a failed condition check (ConditionPathIsMountPoint=/etc/machine-id).
May 24 17:46:40 localhost systemd[1]: Finished Restore /run/initramfs on shutdown.
May 24 17:46:40 localhost systemd[1]: Received SIGRTMIN+20 from PID 992 (plymouthd).
May 24 17:46:40 localhost systemd[1]: Finished Tell Plymouth To Write Out Runtime Data.
May 24 17:46:40 localhost systemd[1]: Finished Import network configuration from initramfs.
May 24 17:46:40 localhost systemd[1]: Starting Create Volatile Files and Directories...
May 24 17:46:40 localhost systemd[1]: Finished Create Volatile Files and Directories.
May 24 17:46:40 localhost systemd[1]: Starting Rebuild Journal Catalog...
May 24 17:46:40 localhost systemd[1]: Starting Record System Boot/Shutdown in UTMP...
May 24 17:46:40 localhost systemd[1]: Finished Record System Boot/Shutdown in UTMP.
May 24 17:46:40 localhost systemd[1]: Finished Rebuild Journal Catalog.
May 24 17:46:42 localhost systemd[1]: Finished Rebuild Dynamic Linker Cache.
May 24 17:46:42 localhost systemd[1]: Starting Update is Completed...
May 24 17:46:42 localhost systemd[1]: Finished Update is Completed.
May 24 17:46:42 localhost systemd[1]: Reached target System Initialization.
May 24 17:46:42 localhost systemd[1]: Started Daily Cleanup of Temporary Directories.
May 24 17:46:42 localhost systemd[1]: Reached target Timer Units.
May 24 17:46:42 localhost systemd[1]: Listening on D-Bus System Message Bus Socket.
May 24 17:46:42 localhost systemd[1]: Listening on Open-iSCSI iscsid Socket.
May 24 17:46:42 localhost systemd[1]: Listening on Open-iSCSI iscsiuio Socket.
May 24 17:46:42 localhost systemd[1]: Listening on Activation socket for spice guest agent daemon.
May 24 17:46:42 localhost systemd[1]: Reached target Socket Units.
May 24 17:46:42 localhost systemd[1]: Reached target Basic System.
May 24 17:46:42 localhost systemd[1]: Anaconda FIPS service was skipped because of a failed condition check (ConditionKernelCommandLine=fips=1).
May 24 17:46:42 localhost systemd[1]: Starting Anaconda NetworkManager configuration...
May 24 17:46:42 localhost systemd[1]: NetworkManager autoconnections configuration for Anaconda installation environment was skipped because all trigger condition checks failed.
May 24 17:46:42 localhost systemd[1]: Starting pre-anaconda logging service...
May 24 17:46:42 localhost systemd[1]: anaconda performance monitor was skipped because of a failed condition check (ConditionKernelCommandLine=debug).
May 24 17:46:42 localhost systemd[1]: Auto-connect to subsystems on FC-NVME devices found during boot was skipped because of a failed condition check (ConditionPathExists=/sys/class/fc/fc_udev_device/nvme_discovery).
May 24 17:46:42 localhost systemd[1]: Starting Hold until boot process finishes up...
May 24 17:46:42 localhost systemd[1]: Starting Terminate Plymouth Boot Screen...
May 24 17:46:42 localhost systemd[1]: Starting System Logging Service...
May 24 17:46:42 localhost systemd[1]: Starting OpenSSH ecdsa Server Key Generation...
May 24 17:46:42 localhost systemd[1]: Starting OpenSSH ed25519 Server Key Generation...
May 24 17:46:42 localhost systemd[1]: Starting OpenSSH rsa Server Key Generation...
May 24 17:46:42 localhost systemd[1]: Starting User Login Management...
May 24 17:46:42 localhost systemd[1]: Finished Hold until boot process finishes up.
May 24 17:46:42 localhost systemd[1]: Finished Terminate Plymouth Boot Screen.
May 24 17:46:42 localhost systemd[1]: Received SIGRTMIN+21 from PID 992 (n/a).
May 24 17:46:42 localhost systemd[1]: Received SIGRTMIN+21 from PID 992 (n/a).
May 24 17:46:42 localhost systemd[1]: anaconda-nm-config.service: Deactivated successfully.
May 24 17:46:42 localhost systemd[1]: Finished Anaconda NetworkManager configuration.
May 24 17:46:42 localhost systemd[1]: Starting Network Manager...
May 24 17:46:42 localhost systemd[1]: anaconda-pre.service: Deactivated successfully.
May 24 17:46:42 localhost systemd[1]: Finished pre-anaconda logging service.
May 24 17:46:42 localhost systemd-logind[1775]: New seat seat0.
May 24 17:46:42 localhost systemd[1]: Starting D-Bus System Message Bus...
May 24 17:46:42 localhost systemd-logind[1775]: Watching system buttons on /dev/input/event0 (Power Button)
May 24 17:46:42 localhost systemd-logind[1775]: Watching system buttons on /dev/input/event1 (AT Translated Set 2 keyboard)
May 24 17:46:42 localhost rsyslogd[1767]: warning: ~ action is deprecated, consider using the 'stop' statement instead [v8.2102.0-101.el9 try https://www.rsyslog.com/e/2307 ]
May 24 17:46:42 localhost systemd[1]: Started System Logging Service.
May 24 17:46:42 localhost rsyslogd[1767]: imfile: no working or state file directory set, imfile will create state files in the current working directory (probably the root dir). Use global(workDirectory="/some/path") to set the working directory [v8.2102.0-101.el9 try https://www.rsyslog.com/e/2450 ]
May 24 17:46:42 localhost rsyslogd[1767]: imfile: on startup file '/tmp/X.log' does not exist but is configured in static file monitor - this may indicate a misconfiguration. If the file appears at a later time, it will automatically be processed. Reason: No such file or directory [v8.2102.0-101.el9]
May 24 17:46:42 localhost rsyslogd[1767]: imfile: on startup file '/tmp/anaconda-tb-all.log' does not exist but is configured in static file monitor - this may indicate a misconfiguration. If the file appears at a later time, it will automatically be processed. Reason: No such file or directory [v8.2102.0-101.el9]
May 24 17:46:42 localhost rsyslogd[1767]: [origin software="rsyslogd" swVersion="8.2102.0-101.el9" x-pid="1767" x-info="https://www.rsyslog.com"] start
May 24 17:46:42 localhost rsyslogd[1767]: imjournal: No statefile exists, /imjournal.state will be created (ignore if this is first run): No such file or directory [v8.2102.0-101.el9 try https://www.rsyslog.com/e/2040 ]
May 24 17:46:42 localhost rsyslogd[1767]: imjournal: journal files changed, reloading...  [v8.2102.0-101.el9 try https://www.rsyslog.com/e/0 ]
May 24 17:46:42 localhost systemd[1]: sshd-keygen@ecdsa.service: Deactivated successfully.
May 24 17:46:42 localhost systemd[1]: Finished OpenSSH ecdsa Server Key Generation.
May 24 17:46:42 localhost systemd[1]: sshd-keygen@ed25519.service: Deactivated successfully.
May 24 17:46:42 localhost systemd[1]: Finished OpenSSH ed25519 Server Key Generation.
May 24 17:46:42 localhost systemd[1]: Started D-Bus System Message Bus.
May 24 17:46:42 localhost dbus-broker-lau[1784]: Ready
May 24 17:46:42 localhost systemd[1]: Started User Login Management.
May 24 17:46:42 localhost NetworkManager[1776]: <debug> [1684950402.8922] monotonic timestamp started counting 1.596555504 seconds ago with an offset of 10.0 seconds to CLOCK_BOOTTIME (local time is 2023-05-24 17:46:42)
May 24 17:46:42 localhost NetworkManager[1776]: <info>  [1684950402.8922] NetworkManager (version 1.36.0-4.el9_0) is starting... (for the first time)
May 24 17:46:42 localhost NetworkManager[1776]: <info>  [1684950402.8922] Read config: /etc/NetworkManager/NetworkManager.conf (etc: 80-anaconda-no-ibft.conf, 91-anaconda-autoconnect-slaves.conf, 92-anaconda-loglevel-debug.conf)
May 24 17:46:42 localhost NetworkManager[1776]: <debug> [1684950402.8922] CONFIG: config-data[0x55db70337020]: 3 groups
May 24 17:46:42 localhost NetworkManager[1776]: <debug> [1684950402.8922] CONFIG: 
May 24 17:46:42 localhost NetworkManager[1776]: <debug> [1684950402.8922] CONFIG: [host1]
May 24 17:46:42 localhost NetworkManager[1776]: <debug> [1684950402.8922] CONFIG:   plugins=keyfile,ifcfg-rh,no-ibft
May 24 17:46:42 localhost NetworkManager[1776]: <debug> [1684950402.8922] CONFIG:   configure-and-quit=no
May 24 17:46:42 localhost NetworkManager[1776]: <debug> [1684950402.8922] CONFIG: 
May 24 17:46:42 localhost NetworkManager[1776]: <debug> [1684950402.8922] CONFIG: [logging]
May 24 17:46:42 localhost NetworkManager[1776]: <debug> [1684950402.8922] CONFIG:   level=DEBUG
May 24 17:46:42 localhost NetworkManager[1776]: <debug> [1684950402.8922] CONFIG: 
May 24 17:46:42 localhost NetworkManager[1776]: <debug> [1684950402.8922] CONFIG: [connection]
May 24 17:46:42 localhost NetworkManager[1776]: <debug> [1684950402.8923] CONFIG:   connection.autoconnect-slaves=1
May 24 17:46:42 localhost NetworkManager[1776]: <debug> [1684950402.8923] CONFIG: 
May 24 17:46:42 localhost NetworkManager[1776]: <debug> [1684950402.8923] CONFIG: # no-auto-default file "/var/lib/NetworkManager/no-auto-default.state"
May 24 17:46:42 localhost NetworkManager[1776]: <debug> [1684950402.8923] config: state: missing state file "/var/lib/NetworkManager/NetworkManager.state": No such file or directory
May 24 17:46:42 localhost NetworkManager[1776]: <debug> [1684950402.8923] WEXT support is disabled
May 24 17:46:42 localhost NetworkManager[1776]: <debug> [1684950402.8964] create NMDBusManager singleton (6848eb45f4a5f363)
May 24 17:46:42 localhost systemd[1]: Started Network Manager.
May 24 17:46:42 localhost systemd[1]: Reached target Network.
May 24 17:46:42 localhost systemd[1]: Starting RHSM dbus service...
May 24 17:46:42 localhost NetworkManager[1776]: <info>  [1684950402.9002] bus-manager: acquired D-Bus service "org.freedesktop.NetworkManager"
May 24 17:46:42 localhost NetworkManager[1776]: <debug> [1684950402.9038] netns[0x55db7034cca0]: new netns (net:8, mnt:9)
May 24 17:46:42 localhost NetworkManager[1776]: <debug> [1684950402.9110] platform-linux: create (ignore netns, initial netns, use udev, no tc-cache)
May 24 17:46:42 localhost NetworkManager[1776]: <debug> [1684950402.9112] platform-linux: Netlink socket for events established: port=1776, fd=12
May 24 17:46:42 localhost NetworkManager[1776]: <debug> [1684950402.9112] platform-linux: populate platform cache
May 24 17:46:42 localhost NetworkManager[1776]: <debug> [1684950402.9456] platform: (lo) signal: link   added: 1: lo <UP,LOWER_UP;loopback,up,running,lowerup> mtu 65536 arp 772 loopback? not-init addrgenmode eui64 addr 00:00:00:00:00:00 brd 00:00:00:00:00:00 driver unknown rx:6,416 tx:6,416
May 24 17:46:42 localhost NetworkManager[1776]: <debug> [1684950402.9457] platform: kernel-support for IFLA_PERM_ADDRESS (IFLA_PERM_ADDRESS netlink attribute) detected: supported
May 24 17:46:42 localhost NetworkManager[1776]: <debug> [1684950402.9458] platform: (enp1s0) signal: link   added: 2: enp1s0 <DOWN;broadcast,multicast> mtu 1500 arp 1 ethernet? not-init addrgenmode eui64 addr 53:4f:53:4f:77:8c permaddr 53:4f:53:4f:77:8c brd ff:ff:ff:ff:ff:ff driver virtio_net rx:0,0 tx:0,0
May 24 17:46:42 localhost NetworkManager[1776]: <debug> [1684950402.9458] platform: (lo) signal: address 4   added: 127.0.0.1/8 brd 0.0.0.0 lft forever pref forever lifetime 1-0[4294967295,4294967295] dev 1 flags permanent src kernel
May 24 17:46:42 localhost NetworkManager[1776]: <debug> [1684950402.9458] platform: (lo) signal: address 6   added: ::1/128 lft forever pref forever lifetime 1-0[4294967295,4294967295] dev 1 flags permanent src kernel
May 24 17:46:42 localhost NetworkManager[1776]: <debug> [1684950402.9458] platform: (lo) signal: route   4   added: type local table 255 127.0.0.0/8 dev 1 metric 0 mss 0 rt-src rt-kernel scope host pref-src 127.0.0.1
May 24 17:46:42 localhost NetworkManager[1776]: <debug> [1684950402.9458] platform: (lo) signal: route   4   added: type local table 255 127.0.0.1/32 dev 1 metric 0 mss 0 rt-src rt-kernel scope host pref-src 127.0.0.1
May 24 17:46:42 localhost NetworkManager[1776]: <debug> [1684950402.9458] platform: (lo) signal: route   6   added: type unicast ::1/128 dev 1 metric 256 mss 0 rt-src rt-kernel
