May  7 17:20:52 host0 dnf[2053]: Metadata cache created.
May  7 17:20:53 host0 systemd[1]: dnf-makecache.service: Deactivated successfully.
May  7 17:20:53 host0 systemd[1]: Finished dnf makecache.
May  7 17:20:53 host0 systemd[1]: dnf-makecache.service: Consumed 1.710s CPU time.
May  8 08:12:01 host0 kernel: Linux version 5.14.0-362.8.1.el9_3.x86_64 (mockbuild@x86-vm-07.build.eng.bos.redhat.com) (gcc (GCC) 11.4.1 20230605 (Red Hat 11.4.1-2), GNU ld version 2.35.2-42.el9) #1 SMP PREEMPT_DYNAMIC Tue Oct 3 11:12:36 EDT 2023
May  8 08:12:01 host0 kernel: The list of certified hardware and cloud instances for Red Hat Enterprise Linux 9 can be viewed at the Red Hat Ecosystem Catalog, https://catalog.redhat.com.
May  8 08:12:01 host0 kernel: Command line: BOOT_IMAGE=(hd0,msdos1)/vmlinuz-5.14.0-362.8.1.el9_3.x86_64 root=/dev/mapper/root_vg-lv_root ro crashkernel=1G-4G:192M,4G-64G:256M,64G-:512M resume=/dev/mapper/root_vg-lv_swap rd.lvm.lv=root_vg/lv_root rd.lvm.lv=root_vg/lv_swap rhgb quiet
May  8 08:12:01 host0 kernel: x86/fpu: Supporting XSAVE feature 0x001: 'x87 floating point registers'
May  8 08:12:01 host0 kernel: x86/fpu: Supporting XSAVE feature 0x002: 'SSE registers'
May  8 08:12:01 host0 kernel: x86/fpu: Supporting XSAVE feature 0x004: 'AVX registers'
May  8 08:12:01 host0 kernel: x86/fpu: xstate_offset[2]:  576, xstate_sizes[2]:  256
May  8 08:12:01 host0 kernel: x86/fpu: Enabled xstate features 0x7, context size is 832 bytes, using 'compacted' format.
May  8 08:12:01 host0 kernel: signal: max sigframe size: 1776
May  8 08:12:01 host0 kernel: BIOS-provided physical RAM map:
May  8 08:12:01 host0 kernel: BIOS-e820: [mem 0x0000000000000000-0x000000000009fbff] usable
May  8 08:12:01 host0 kernel: BIOS-e820: [mem 0x000000000009fc00-0x000000000009ffff] reserved
May  8 08:12:01 host0 kernel: BIOS-e820: [mem 0x00000000000f0000-0x00000000000fffff] reserved
May  8 08:12:01 host0 kernel: BIOS-e820: [mem 0x0000000000100000-0x000000007ffdbfff] usable
May  8 08:12:01 host0 kernel: BIOS-e820: [mem 0x000000007ffdc000-0x000000007fffffff] reserved
May  8 08:12:01 host0 kernel: BIOS-e820: [mem 0x00000000b0000000-0x00000000bfffffff] reserved
May  8 08:12:01 host0 kernel: BIOS-e820: [mem 0x00000000fed1c000-0x00000000fed1ffff] reserved
May  8 08:12:01 host0 kernel: BIOS-e820: [mem 0x00000000feffc000-0x00000000feffffff] reserved
May  8 08:12:01 host0 kernel: BIOS-e820: [mem 0x00000000fffc0000-0x00000000ffffffff] reserved
May  8 08:12:01 host0 kernel: BIOS-e820: [mem 0x0000000100000000-0x000000027fffffff] usable
May  8 08:12:01 host0 kernel: NX (Execute Disable) protection: active
May  8 08:12:01 host0 kernel: SMBIOS 2.8 present.
May  8 08:12:01 host0 kernel: DMI: QEMU Standard PC (Q35 + ICH9, 2009), BIOS 1.16.2-1.fc38 04/01/2014
May  8 08:12:01 host0 kernel: Hypervisor detected: KVM
May  8 08:12:01 host0 kernel: kvm-clock: Using msrs 4b564d01 and 4b564d00
May  8 08:12:01 host0 kernel: kvm-clock: using sched offset of 8668043657 cycles
May  8 08:12:01 host0 kernel: clocksource: kvm-clock: mask: 0xffffffffffffffff max_cycles: 0x1cd42e4dffb, max_idle_ns: 881590591483 ns
May  8 08:12:01 host0 kernel: tsc: Detected 3500.082 MHz processor
May  8 08:12:01 host0 kernel: last_pfn = 0x280000 max_arch_pfn = 0x400000000
May  8 08:12:01 host0 kernel: x86/PAT: Configuration [0-7]: WB  WC  UC- UC  WB  WP  UC- WT  
May  8 08:12:01 host0 kernel: last_pfn = 0x7ffdc max_arch_pfn = 0x400000000
May  8 08:12:01 host0 kernel: found SMP MP-table at [mem 0x000f5b40-0x000f5b4f]
May  8 08:12:01 host0 kernel: Using GB pages for direct mapping
May  8 08:12:01 host0 kernel: RAMDISK: [mem 0x33e00000-0x35ef7fff]
May  8 08:12:01 host0 kernel: ACPI: Early table checksum verification disabled
May  8 08:12:01 host0 kernel: ACPI: RSDP 0x00000000000F5920 000014 (v00 BOCHS )
May  8 08:12:01 host0 kernel: ACPI: RSDT 0x000000007FFE201B 000034 (v01 BOCHS  BXPC     00000001 BXPC 00000001)
May  8 08:12:01 host0 kernel: ACPI: FACP 0x000000007FFE1E43 0000F4 (v03 BOCHS  BXPC     00000001 BXPC 00000001)
May  8 08:12:01 host0 kernel: ACPI: DSDT 0x000000007FFE0040 001E03 (v01 BOCHS  BXPC     00000001 BXPC 00000001)
May  8 08:12:01 host0 kernel: ACPI: FACS 0x000000007FFE0000 000040
May  8 08:12:01 host0 kernel: ACPI: APIC 0x000000007FFE1F37 000080 (v01 BOCHS  BXPC     00000001 BXPC 00000001)
May  8 08:12:01 host0 kernel: ACPI: MCFG 0x000000007FFE1FB7 00003C (v01 BOCHS  BXPC     00000001 BXPC 00000001)
May  8 08:12:01 host0 kernel: ACPI: WAET 0x000000007FFE1FF3 000028 (v01 BOCHS  BXPC     00000001 BXPC 00000001)
May  8 08:12:01 host0 kernel: ACPI: Reserving FACP table memory at [mem 0x7ffe1e43-0x7ffe1f36]
May  8 08:12:01 host0 kernel: ACPI: Reserving DSDT table memory at [mem 0x7ffe0040-0x7ffe1e42]
May  8 08:12:01 host0 kernel: ACPI: Reserving FACS table memory at [mem 0x7ffe0000-0x7ffe003f]
May  8 08:12:01 host0 kernel: ACPI: Reserving APIC table memory at [mem 0x7ffe1f37-0x7ffe1fb6]
May  8 08:12:01 host0 kernel: ACPI: Reserving MCFG table memory at [mem 0x7ffe1fb7-0x7ffe1ff2]
May  8 08:12:01 host0 kernel: ACPI: Reserving WAET table memory at [mem 0x7ffe1ff3-0x7ffe201a]
May  8 08:12:01 host0 kernel: No NUMA configuration found
May  8 08:12:01 host0 kernel: Faking a node at [mem 0x0000000000000000-0x000000027fffffff]
May  8 08:12:01 host0 kernel: NODE_DATA(0) allocated [mem 0x27ffd5000-0x27fffffff]
May  8 08:12:01 host0 kernel: Reserving 256MB of memory at 1776MB for crashkernel (System RAM: 8191MB)
May  8 08:12:01 host0 kernel: Zone ranges:
May  8 08:12:01 host0 kernel:  DMA      [mem 0x0000000000001000-0x0000000000ffffff]
May  8 08:12:01 host0 kernel:  DMA32    [mem 0x0000000001000000-0x00000000ffffffff]
May  8 08:12:01 host0 kernel:  Normal   [mem 0x0000000100000000-0x000000027fffffff]
May  8 08:12:01 host0 kernel:  Device   empty
May  8 08:12:01 host0 kernel: Movable zone start for each node
May  8 08:12:01 host0 kernel: Early memory node ranges
May  8 08:12:01 host0 kernel:  node   0: [mem 0x0000000000001000-0x000000000009efff]
May  8 08:12:01 host0 kernel:  node   0: [mem 0x0000000000100000-0x000000007ffdbfff]
May  8 08:12:01 host0 kernel:  node   0: [mem 0x0000000100000000-0x000000027fffffff]
May  8 08:12:01 host0 kernel: Initmem setup node 0 [mem 0x0000000000001000-0x000000027fffffff]
May  8 08:12:01 host0 kernel: On node 0, zone DMA: 1 pages in unavailable ranges
May  8 08:12:01 host0 kernel: On node 0, zone DMA: 97 pages in unavailable ranges
May  8 08:12:01 host0 kernel: On node 0, zone Normal: 36 pages in unavailable ranges
May  8 08:12:01 host0 kernel: ACPI: PM-Timer IO Port: 0x608
May  8 08:12:01 host0 kernel: ACPI: LAPIC_NMI (acpi_id[0xff] dfl dfl lint[0x1])
May  8 08:12:01 host0 kernel: IOAPIC[0]: apic_id 0, version 17, address 0xfec00000, GSI 0-23
May  8 08:12:01 host0 kernel: ACPI: INT_SRC_OVR (bus 0 bus_irq 0 global_irq 2 dfl dfl)
May  8 08:12:01 host0 kernel: ACPI: INT_SRC_OVR (bus 0 bus_irq 5 global_irq 5 high level)
May  8 08:12:01 host0 kernel: ACPI: INT_SRC_OVR (bus 0 bus_irq 9 global_irq 9 high level)
May  8 08:12:01 host0 kernel: ACPI: INT_SRC_OVR (bus 0 bus_irq 10 global_irq 10 high level)
May  8 08:12:01 host0 kernel: ACPI: INT_SRC_OVR (bus 0 bus_irq 11 global_irq 11 high level)
May  8 08:12:01 host0 kernel: ACPI: Using ACPI (MADT) for SMP configuration information
May  8 08:12:01 host0 kernel: TSC deadline timer available
May  8 08:12:01 host0 kernel: smpboot: Allowing 2 CPUs, 0 hotplug CPUs
May  8 08:12:01 host0 kernel: PM: hibernation: Registered nosave memory: [mem 0x00000000-0x00000fff]
May  8 08:12:01 host0 kernel: PM: hibernation: Registered nosave memory: [mem 0x0009f000-0x0009ffff]
May  8 08:12:01 host0 kernel: PM: hibernation: Registered nosave memory: [mem 0x000a0000-0x000effff]
May  8 08:12:01 host0 kernel: PM: hibernation: Registered nosave memory: [mem 0x000f0000-0x000fffff]
May  8 08:12:01 host0 kernel: PM: hibernation: Registered nosave memory: [mem 0x7ffdc000-0x7fffffff]
May  8 08:12:01 host0 kernel: PM: hibernation: Registered nosave memory: [mem 0x80000000-0xafffffff]
May  8 08:12:01 host0 kernel: PM: hibernation: Registered nosave memory: [mem 0xb0000000-0xbfffffff]
May  8 08:12:01 host0 kernel: PM: hibernation: Registered nosave memory: [mem 0xc0000000-0xfed1bfff]
May  8 08:12:01 host0 kernel: PM: hibernation: Registered nosave memory: [mem 0xfed1c000-0xfed1ffff]
May  8 08:12:01 host0 kernel: PM: hibernation: Registered nosave memory: [mem 0xfed20000-0xfeffbfff]
May  8 08:12:01 host0 kernel: PM: hibernation: Registered nosave memory: [mem 0xfeffc000-0xfeffffff]
May  8 08:12:01 host0 kernel: PM: hibernation: Registered nosave memory: [mem 0xff000000-0xfffbffff]
May  8 08:12:01 host0 kernel: PM: hibernation: Registered nosave memory: [mem 0xfffc0000-0xffffffff]
May  8 08:12:01 host0 kernel: [mem 0xc0000000-0xfed1bfff] available for PCI devices
May  8 08:12:01 host0 kernel: Booting paravirtualized kernel on KVM
May  8 08:12:01 host0 kernel: clocksource: refined-jiffies: mask: 0xffffffff max_cycles: 0xffffffff, max_idle_ns: 1910969940391419 ns
May  8 08:12:01 host0 kernel: setup_percpu: NR_CPUS:8192 nr_cpumask_bits:2 nr_cpu_ids:2 nr_node_ids:1
May  8 08:12:01 host0 kernel: percpu: Embedded 62 pages/cpu s217088 r8192 d28672 u1048576
May  8 08:12:01 host0 kernel: kvm-guest: PV spinlocks disabled, no host support
May  8 08:12:01 host0 kernel: Fallback order for Node 0: 0 
May  8 08:12:01 host0 kernel: Built 1 zonelists, mobility grouping on.  Total pages: 2064092
May  8 08:12:01 host0 kernel: Policy zone: Normal
May  8 08:12:01 host0 kernel: Kernel command line: BOOT_IMAGE=(hd0,msdos1)/vmlinuz-5.14.0-362.8.1.el9_3.x86_64 root=/dev/mapper/root_vg-lv_root ro crashkernel=1G-4G:192M,4G-64G:256M,64G-:512M resume=/dev/mapper/root_vg-lv_swap rd.lvm.lv=root_vg/lv_root rd.lvm.lv=root_vg/lv_swap rhgb quiet
May  8 08:12:01 host0 kernel: Unknown kernel command line parameters "rhgb BOOT_IMAGE=(hd0,msdos1)/vmlinuz-5.14.0-362.8.1.el9_3.x86_64", will be passed to user space.
May  8 08:12:01 host0 kernel: Dentry cache hash table entries: 1048576 (order: 11, 8388608 bytes, linear)
May  8 08:12:01 host0 kernel: Inode-cache hash table entries: 524288 (order: 10, 4194304 bytes, linear)
May  8 08:12:01 host0 kernel: mem auto-init: stack:off, heap alloc:off, heap free:off
May  8 08:12:01 host0 kernel: software IO TLB: area num 2.
May  8 08:12:01 host0 kernel: Memory: 1865356K/8388072K available (16384K kernel code, 5596K rwdata, 11440K rodata, 3824K init, 18424K bss, 570504K reserved, 0K cma-reserved)
May  8 08:12:01 host0 kernel: random: get_random_u64 called from kmem_cache_open+0x1e/0x310 with crng_init=0
May  8 08:12:01 host0 kernel: SLUB: HWalign=64, Order=0-3, MinObjects=0, CPUs=2, Nodes=1
May  8 08:12:01 host0 kernel: ftrace: allocating 46193 entries in 181 pages
May  8 08:12:01 host0 kernel: ftrace: allocated 181 pages with 5 groups
May  8 08:12:01 host0 kernel: Dynamic Preempt: voluntary
May  8 08:12:01 host0 kernel: rcu: Preemptible hierarchical RCU implementation.
May  8 08:12:01 host0 kernel: rcu: #011RCU restricting CPUs from NR_CPUS=8192 to nr_cpu_ids=2.
May  8 08:12:01 host0 kernel: #011Trampoline variant of Tasks RCU enabled.
May  8 08:12:01 host0 kernel: #011Rude variant of Tasks RCU enabled.
May  8 08:12:01 host0 kernel: #011Tracing variant of Tasks RCU enabled.
May  8 08:12:01 host0 kernel: rcu: RCU calculated value of scheduler-enlistment delay is 100 jiffies.
May  8 08:12:01 host0 kernel: rcu: Adjusting geometry for rcu_fanout_leaf=16, nr_cpu_ids=2
May  8 08:12:01 host0 kernel: NR_IRQS: 524544, nr_irqs: 440, preallocated irqs: 16
May  8 08:12:01 host0 kernel: rcu: srcu_init: Setting srcu_struct sizes based on contention.
May  8 08:12:01 host0 kernel: kfence: initialized - using 2097152 bytes for 255 objects at 0x(____ptrval____)-0x(____ptrval____)
May  8 08:12:01 host0 kernel: random: crng init done
May  8 08:12:01 host0 kernel: Console: colour VGA+ 80x25
May  8 08:12:01 host0 kernel: printk: console [tty0] enabled
May  8 08:12:01 host0 kernel: ACPI: Core revision 20221020
May  8 08:12:01 host0 kernel: APIC: Switch to symmetric I/O mode setup
May  8 08:12:01 host0 kernel: x2apic enabled
May  8 08:12:01 host0 kernel: Switched APIC routing to physical x2apic.
May  8 08:12:01 host0 kernel: tsc: Marking TSC unstable due to TSCs unsynchronized
May  8 08:12:01 host0 kernel: Calibrating delay loop (skipped) preset value.. 7000.16 BogoMIPS (lpj=3500082)
May  8 08:12:01 host0 kernel: pid_max: default: 32768 minimum: 301
May  8 08:12:01 host0 kernel: LSM: initializing lsm=lockdown,capability,yama,integrity,selinux,bpf
May  8 08:12:01 host0 kernel: Yama: becoming mindful.
May  8 08:12:01 host0 kernel: SELinux:  Initializing.
May  8 08:12:01 host0 kernel: LSM support for eBPF active
May  8 08:12:01 host0 kernel: Mount-cache hash table entries: 16384 (order: 5, 131072 bytes, linear)
May  8 08:12:01 host0 kernel: Mountpoint-cache hash table entries: 16384 (order: 5, 131072 bytes, linear)
May  8 08:12:01 host0 kernel: x86/cpu: User Mode Instruction Prevention (UMIP) activated
May  8 08:12:01 host0 kernel: Last level iTLB entries: 4KB 512, 2MB 255, 4MB 127
May  8 08:12:01 host0 kernel: Last level dTLB entries: 4KB 512, 2MB 255, 4MB 127, 1GB 0
May  8 08:12:01 host0 kernel: Spectre V1 : Mitigation: usercopy/swapgs barriers and __user pointer sanitization
May  8 08:12:01 host0 kernel: Spectre V2 : Mitigation: Retpolines
May  8 08:12:01 host0 kernel: Spectre V2 : Spectre v2 / SpectreRSB mitigation: Filling RSB on context switch
May  8 08:12:01 host0 kernel: Spectre V2 : Spectre v2 / SpectreRSB : Filling RSB on VMEXIT
May  8 08:12:01 host0 kernel: Spectre V2 : Enabling Speculation Barrier for firmware calls
May  8 08:12:01 host0 kernel: RETBleed: Mitigation: untrained return thunk
May  8 08:12:01 host0 kernel: Spectre V2 : mitigation: Enabling conditional Indirect Branch Prediction Barrier
May  8 08:12:01 host0 kernel: Speculative Store Bypass: Mitigation: Speculative Store Bypass disabled via prctl
May  8 08:12:01 host0 kernel: Freeing SMP alternatives memory: 36K
May  8 08:12:01 host0 kernel: smpboot: CPU0: AMD EPYC-Rome Processor (family: 0x17, model: 0x31, stepping: 0x0)
May  8 08:12:01 host0 kernel: cblist_init_generic: Setting adjustable number of callback queues.
May  8 08:12:01 host0 kernel: cblist_init_generic: Setting shift to 1 and lim to 1.
May  8 08:12:01 host0 kernel: cblist_init_generic: Setting shift to 1 and lim to 1.
May  8 08:12:01 host0 kernel: cblist_init_generic: Setting shift to 1 and lim to 1.
May  8 08:12:01 host0 kernel: Performance Events: Fam17h+ core perfctr, AMD PMU driver.
May  8 08:12:01 host0 kernel: ... version:                0
May  8 08:12:01 host0 kernel: ... bit width:              48
May  8 08:12:01 host0 kernel: ... generic registers:      6
May  8 08:12:01 host0 kernel: ... value mask:             0000ffffffffffff
May  8 08:12:01 host0 kernel: ... max period:             00007fffffffffff
May  8 08:12:01 host0 kernel: ... fixed-purpose events:   0
May  8 08:12:01 host0 kernel: ... event mask:             000000000000003f
May  8 08:12:01 host0 kernel: rcu: Hierarchical SRCU implementation.
May  8 08:12:01 host0 kernel: rcu: #011Max phase no-delay instances is 400.
May  8 08:12:01 host0 kernel: printk: console [tty0] printing thread started
May  8 08:12:01 host0 kernel: smp: Bringing up secondary CPUs ...
May  8 08:12:01 host0 kernel: x86: Booting SMP configuration:
May  8 08:12:01 host0 kernel: .... node  #0, CPUs:      #1
May  8 08:12:01 host0 kernel: smp: Brought up 1 node, 2 CPUs
May  8 08:12:01 host0 kernel: smpboot: Max logical packages: 2
May  8 08:12:01 host0 kernel: smpboot: Total of 2 processors activated (14000.32 BogoMIPS)
May  8 08:12:01 host0 kernel: node 0 deferred pages initialised in 12ms
May  8 08:12:01 host0 kernel: devtmpfs: initialized
May  8 08:12:01 host0 kernel: x86/mm: Memory block size: 128MB
May  8 08:12:01 host0 kernel: clocksource: jiffies: mask: 0xffffffff max_cycles: 0xffffffff, max_idle_ns: 1911260446275000 ns
May  8 08:12:01 host0 kernel: futex hash table entries: 512 (order: 3, 32768 bytes, linear)
May  8 08:12:01 host0 kernel: pinctrl core: initialized pinctrl subsystem
May  8 08:12:01 host0 kernel: NET: Registered PF_NETLINK/PF_ROUTE protocol family
May  8 08:12:01 host0 kernel: DMA: preallocated 1024 KiB GFP_KERNEL pool for atomic allocations
May  8 08:12:01 host0 kernel: DMA: preallocated 1024 KiB GFP_KERNEL|GFP_DMA pool for atomic allocations
May  8 08:12:01 host0 kernel: DMA: preallocated 1024 KiB GFP_KERNEL|GFP_DMA32 pool for atomic allocations
May  8 08:12:01 host0 kernel: audit: initializing netlink subsys (disabled)
May  8 08:12:01 host0 kernel: audit: type=2000 audit(1715170320.678:1): state=initialized audit_enabled=0 res=1
May  8 08:12:01 host0 kernel: thermal_sys: Registered thermal governor 'fair_share'
May  8 08:12:01 host0 kernel: thermal_sys: Registered thermal governor 'step_wise'
May  8 08:12:01 host0 kernel: thermal_sys: Registered thermal governor 'user_space'
May  8 08:12:01 host0 kernel: cpuidle: using governor menu
May  8 08:12:01 host0 kernel: acpiphp: ACPI Hot Plug PCI Controller Driver version: 0.5
May  8 08:12:01 host0 kernel: PCI: MMCONFIG for dohost1 0000 [bus 00-ff] at [mem 0xb0000000-0xbfffffff] (base 0xb0000000)
May  8 08:12:01 host0 kernel: PCI: MMCONFIG at [mem 0xb0000000-0xbfffffff] reserved as E820 entry
May  8 08:12:01 host0 kernel: PCI: Using configuration type 1 for base access
May  8 08:12:01 host0 kernel: kprobes: kprobe jump-optimization is enabled. All kprobes are optimized if possible.
May  8 08:12:01 host0 kernel: HugeTLB: registered 1.00 GiB page size, pre-allocated 0 pages
May  8 08:12:01 host0 kernel: HugeTLB: 16380 KiB vmemmap can be freed for a 1.00 GiB page
May  8 08:12:01 host0 kernel: HugeTLB: registered 2.00 MiB page size, pre-allocated 0 pages
May  8 08:12:01 host0 kernel: HugeTLB: 28 KiB vmemmap can be freed for a 2.00 MiB page
May  8 08:12:01 host0 kernel: cryptd: max_cpu_qlen set to 1000
May  8 08:12:01 host0 kernel: ACPI: Added _OSI(Module Device)
May  8 08:12:01 host0 kernel: ACPI: Added _OSI(Processor Device)
May  8 08:12:01 host0 kernel: ACPI: Added _OSI(3.0 _SCP Extensions)
May  8 08:12:01 host0 kernel: ACPI: Added _OSI(Processor Aggregator Device)
May  8 08:12:01 host0 kernel: ACPI: Added _OSI(Linux-Dell-Video)
May  8 08:12:01 host0 kernel: ACPI: Added _OSI(Linux-Lenovo-NV-HDMI-Audio)
May  8 08:12:01 host0 kernel: ACPI: Added _OSI(Linux-HPI-Hybrid-Graphics)
May  8 08:12:01 host0 kernel: ACPI: 1 ACPI AML tables successfully acquired and loaded
May  8 08:12:01 host0 kernel: ACPI: Interpreter enabled
May  8 08:12:01 host0 kernel: ACPI: PM: (supports S0 S5)
May  8 08:12:01 host0 kernel: ACPI: Using IOAPIC for interrupt routing
May  8 08:12:01 host0 kernel: PCI: Using host bridge windows from ACPI; if necessary, use "pci=nocrs" and report a bug
May  8 08:12:01 host0 kernel: PCI: Using E820 reservations for host bridge windows
May  8 08:12:01 host0 kernel: ACPI: Enabled 1 GPEs in block 00 to 3F
May  8 08:12:01 host0 kernel: ACPI: PCI Root Bridge [PCI0] (dohost1 0000 [bus 00-ff])
May  8 08:12:01 host0 kernel: acpi PNP0A08:00: _OSC: OS supports [ExtendedConfig ASPM ClockPM Segments MSI EDR HPX-Type3]
May  8 08:12:01 host0 kernel: acpi PNP0A08:00: _OSC: platform does not support [LTR DPC]
May  8 08:12:01 host0 kernel: acpi PNP0A08:00: _OSC: OS now controls [PCIeHotplug SHPCHotplug PME AER PCIeCapability]
May  8 08:12:01 host0 kernel: PCI host bridge to bus 0000:00
May  8 08:12:01 host0 kernel: pci_bus 0000:00: root bus resource [io  0x0000-0x0cf7 window]
May  8 08:12:01 host0 kernel: pci_bus 0000:00: root bus resource [io  0x0d00-0xffff window]
May  8 08:12:01 host0 kernel: pci_bus 0000:00: root bus resource [mem 0x000a0000-0x000bffff window]
May  8 08:12:01 host0 kernel: pci_bus 0000:00: root bus resource [mem 0x80000000-0xafffffff window]
May  8 08:12:01 host0 kernel: pci_bus 0000:00: root bus resource [mem 0xc0000000-0xfebfffff window]
May  8 08:12:01 host0 kernel: pci_bus 0000:00: root bus resource [mem 0x280000000-0xa7fffffff window]
May  8 08:12:01 host0 kernel: pci_bus 0000:00: root bus resource [bus 00-ff]
May  8 08:12:01 host0 kernel: pci 0000:00:00.0: [8086:29c0] type 00 class 0x060000
May  8 08:12:01 host0 kernel: pci 0000:00:01.0: [1b36:0100] type 00 class 0x030000
May  8 08:12:01 host0 kernel: pci 0000:00:01.0: reg 0x10: [mem 0xf4000000-0xf7ffffff]
May  8 08:12:01 host0 kernel: pci 0000:00:01.0: reg 0x14: [mem 0xf8000000-0xfbffffff]
May  8 08:12:01 host0 kernel: pci 0000:00:01.0: reg 0x18: [mem 0xfd010000-0xfd011fff]
May  8 08:12:01 host0 kernel: pci 0000:00:01.0: reg 0x1c: [io  0xc040-0xc05f]
May  8 08:12:01 host0 kernel: pci 0000:00:01.0: reg 0x30: [mem 0xfd000000-0xfd00ffff pref]
May  8 08:12:01 host0 kernel: pci 0000:00:01.0: Video device with shadowed ROM at [mem 0x000c0000-0x000dffff]
May  8 08:12:01 host0 kernel: pci 0000:00:02.0: [1b36:000c] type 01 class 0x060400
May  8 08:12:01 host0 kernel: pci 0000:00:02.0: reg 0x10: [mem 0xfd012000-0xfd012fff]
May  8 08:12:01 host0 kernel: pci 0000:00:02.1: [1b36:000c] type 01 class 0x060400
May  8 08:12:01 host0 kernel: pci 0000:00:02.1: reg 0x10: [mem 0xfd013000-0xfd013fff]
May  8 08:12:01 host0 kernel: pci 0000:00:02.2: [1b36:000c] type 01 class 0x060400
May  8 08:12:01 host0 kernel: pci 0000:00:02.2: reg 0x10: [mem 0xfd014000-0xfd014fff]
May  8 08:12:01 host0 kernel: pci 0000:00:02.3: [1b36:000c] type 01 class 0x060400
May  8 08:12:01 host0 kernel: pci 0000:00:02.3: reg 0x10: [mem 0xfd015000-0xfd015fff]
May  8 08:12:01 host0 kernel: pci 0000:00:02.4: [1b36:000c] type 01 class 0x060400
May  8 08:12:01 host0 kernel: pci 0000:00:02.4: reg 0x10: [mem 0xfd016000-0xfd016fff]
May  8 08:12:01 host0 kernel: pci 0000:00:02.5: [1b36:000c] type 01 class 0x060400
May  8 08:12:01 host0 kernel: pci 0000:00:02.5: reg 0x10: [mem 0xfd017000-0xfd017fff]
May  8 08:12:01 host0 kernel: pci 0000:00:02.6: [1b36:000c] type 01 class 0x060400
May  8 08:12:01 host0 kernel: pci 0000:00:02.6: reg 0x10: [mem 0xfd018000-0xfd018fff]
May  8 08:12:01 host0 kernel: pci 0000:00:02.7: [1b36:000c] type 01 class 0x060400
May  8 08:12:01 host0 kernel: pci 0000:00:02.7: reg 0x10: [mem 0xfd019000-0xfd019fff]
May  8 08:12:01 host0 kernel: pci 0000:00:1f.0: [8086:2918] type 00 class 0x060100
May  8 08:12:01 host0 kernel: pci 0000:00:1f.0: quirk: [io  0x0600-0x067f] claimed by ICH6 ACPI/GPIO/TCO
May  8 08:12:01 host0 kernel: pci 0000:00:1f.2: [8086:2922] type 00 class 0x010601
May  8 08:12:01 host0 kernel: pci 0000:00:1f.2: reg 0x20: [io  0xc060-0xc07f]
May  8 08:12:01 host0 kernel: pci 0000:00:1f.2: reg 0x24: [mem 0xfd01a000-0xfd01afff]
May  8 08:12:01 host0 kernel: pci 0000:00:1f.3: [8086:2930] type 00 class 0x0c0500
May  8 08:12:01 host0 kernel: pci 0000:00:1f.3: reg 0x20: [io  0x0700-0x073f]
May  8 08:12:01 host0 kernel: pci 0000:01:00.0: [1af4:1041] type 00 class 0x020000
May  8 08:12:01 host0 kernel: pci 0000:01:00.0: reg 0x14: [mem 0xfce40000-0xfce40fff]
May  8 08:12:01 host0 kernel: pci 0000:01:00.0: reg 0x20: [mem 0xfea00000-0xfea03fff 64bit pref]
May  8 08:12:01 host0 kernel: pci 0000:01:00.0: reg 0x30: [mem 0xfce00000-0xfce3ffff pref]
May  8 08:12:01 host0 kernel: pci 0000:00:02.0: PCI bridge to [bus 01]
May  8 08:12:01 host0 kernel: pci 0000:00:02.0:   bridge window [mem 0xfce00000-0xfcffffff]
May  8 08:12:01 host0 kernel: pci 0000:00:02.0:   bridge window [mem 0xfea00000-0xfebfffff 64bit pref]
May  8 08:12:01 host0 kernel: pci 0000:02:00.0: [1b36:000d] type 00 class 0x0c0330
May  8 08:12:01 host0 kernel: pci 0000:02:00.0: reg 0x10: [mem 0xfcc00000-0xfcc03fff 64bit]
May  8 08:12:01 host0 kernel: pci 0000:00:02.1: PCI bridge to [bus 02]
May  8 08:12:01 host0 kernel: pci 0000:00:02.1:   bridge window [mem 0xfcc00000-0xfcdfffff]
May  8 08:12:01 host0 kernel: pci 0000:00:02.1:   bridge window [mem 0xfe800000-0xfe9fffff 64bit pref]
May  8 08:12:01 host0 kernel: pci 0000:03:00.0: [1af4:1043] type 00 class 0x078000
May  8 08:12:01 host0 kernel: pci 0000:03:00.0: reg 0x14: [mem 0xfca00000-0xfca00fff]
May  8 08:12:01 host0 kernel: pci 0000:03:00.0: reg 0x20: [mem 0xfe600000-0xfe603fff 64bit pref]
May  8 08:12:01 host0 kernel: pci 0000:00:02.2: PCI bridge to [bus 03]
May  8 08:12:01 host0 kernel: pci 0000:00:02.2:   bridge window [mem 0xfca00000-0xfcbfffff]
May  8 08:12:01 host0 kernel: pci 0000:00:02.2:   bridge window [mem 0xfe600000-0xfe7fffff 64bit pref]
May  8 08:12:01 host0 kernel: pci 0000:04:00.0: [1af4:1042] type 00 class 0x010000
May  8 08:12:01 host0 kernel: pci 0000:04:00.0: reg 0x14: [mem 0xfc800000-0xfc800fff]
May  8 08:12:01 host0 kernel: pci 0000:04:00.0: reg 0x20: [mem 0xfe400000-0xfe403fff 64bit pref]
May  8 08:12:01 host0 kernel: pci 0000:00:02.3: PCI bridge to [bus 04]
May  8 08:12:01 host0 kernel: pci 0000:00:02.3:   bridge window [mem 0xfc800000-0xfc9fffff]
May  8 08:12:01 host0 kernel: pci 0000:00:02.3:   bridge window [mem 0xfe400000-0xfe5fffff 64bit pref]
May  8 08:12:01 host0 kernel: pci 0000:05:00.0: [1af4:1045] type 00 class 0x00ff00
May  8 08:12:01 host0 kernel: pci 0000:05:00.0: reg 0x20: [mem 0xfe200000-0xfe203fff 64bit pref]
May  8 08:12:01 host0 kernel: pci 0000:00:02.4: PCI bridge to [bus 05]
May  8 08:12:01 host0 kernel: pci 0000:00:02.4:   bridge window [mem 0xfc600000-0xfc7fffff]
May  8 08:12:01 host0 kernel: pci 0000:00:02.4:   bridge window [mem 0xfe200000-0xfe3fffff 64bit pref]
May  8 08:12:01 host0 kernel: pci 0000:06:00.0: [1af4:1044] type 00 class 0x00ff00
May  8 08:12:01 host0 kernel: pci 0000:06:00.0: reg 0x20: [mem 0xfe000000-0xfe003fff 64bit pref]
May  8 08:12:01 host0 kernel: pci 0000:00:02.5: PCI bridge to [bus 06]
May  8 08:12:01 host0 kernel: pci 0000:00:02.5:   bridge window [mem 0xfc400000-0xfc5fffff]
May  8 08:12:01 host0 kernel: pci 0000:00:02.5:   bridge window [mem 0xfe000000-0xfe1fffff 64bit pref]
May  8 08:12:01 host0 kernel: pci 0000:07:00.0: [1af4:1048] type 00 class 0x010000
May  8 08:12:01 host0 kernel: pci 0000:07:00.0: reg 0x14: [mem 0xfc200000-0xfc200fff]
May  8 08:12:01 host0 kernel: pci 0000:07:00.0: reg 0x20: [mem 0xfde00000-0xfde03fff 64bit pref]
May  8 08:12:01 host0 kernel: pci 0000:00:02.6: PCI bridge to [bus 07]
May  8 08:12:01 host0 kernel: pci 0000:00:02.6:   bridge window [mem 0xfc200000-0xfc3fffff]
May  8 08:12:01 host0 kernel: pci 0000:00:02.6:   bridge window [mem 0xfde00000-0xfdffffff 64bit pref]
May  8 08:12:01 host0 kernel: pci 0000:00:02.7: PCI bridge to [bus 08]
May  8 08:12:01 host0 kernel: pci 0000:00:02.7:   bridge window [mem 0xfc000000-0xfc1fffff]
May  8 08:12:01 host0 kernel: pci 0000:00:02.7:   bridge window [mem 0xfdc00000-0xfddfffff 64bit pref]
May  8 08:12:01 host0 kernel: ACPI: PCI: Interrupt link LNKA configured for IRQ 10
May  8 08:12:01 host0 kernel: ACPI: PCI: Interrupt link LNKB configured for IRQ 10
May  8 08:12:01 host0 kernel: ACPI: PCI: Interrupt link LNKC configured for IRQ 11
May  8 08:12:01 host0 kernel: ACPI: PCI: Interrupt link LNKD configured for IRQ 11
May  8 08:12:01 host0 kernel: ACPI: PCI: Interrupt link LNKE configured for IRQ 10
May  8 08:12:01 host0 kernel: ACPI: PCI: Interrupt link LNKF configured for IRQ 10
May  8 08:12:01 host0 kernel: ACPI: PCI: Interrupt link LNKG configured for IRQ 11
May  8 08:12:01 host0 kernel: ACPI: PCI: Interrupt link LNKH configured for IRQ 11
May  8 08:12:01 host0 kernel: ACPI: PCI: Interrupt link GSIA configured for IRQ 16
May  8 08:12:01 host0 kernel: ACPI: PCI: Interrupt link GSIB configured for IRQ 17
May  8 08:12:01 host0 kernel: ACPI: PCI: Interrupt link GSIC configured for IRQ 18
May  8 08:12:01 host0 kernel: ACPI: PCI: Interrupt link GSID configured for IRQ 19
May  8 08:12:01 host0 kernel: ACPI: PCI: Interrupt link GSIE configured for IRQ 20
May  8 08:12:01 host0 kernel: ACPI: PCI: Interrupt link GSIF configured for IRQ 21
May  8 08:12:01 host0 kernel: ACPI: PCI: Interrupt link GSIG configured for IRQ 22
May  8 08:12:01 host0 kernel: ACPI: PCI: Interrupt link GSIH configured for IRQ 23
May  8 08:12:01 host0 kernel: iommu: Default dohost1 type: Translated 
May  8 08:12:01 host0 kernel: iommu: DMA dohost1 TLB invalidation policy: lazy mode 
May  8 08:12:01 host0 kernel: SCSI subsystem initialized
May  8 08:12:01 host0 kernel: ACPI: bus type USB registered
May  8 08:12:01 host0 kernel: usbcore: registered new interface driver usbfs
May  8 08:12:01 host0 kernel: usbcore: registered new interface driver hub
May  8 08:12:01 host0 kernel: usbcore: registered new device driver usb
May  8 08:12:01 host0 kernel: pps_core: LinuxPPS API ver. 1 registered
May  8 08:12:01 host0 kernel: pps_core: Software ver. 5.3.6 - Copyright 2005-2007 Rodolfo Giometti <giometti@linux.it>
May  8 08:12:01 host0 kernel: PTP clock support registered
May  8 08:12:01 host0 kernel: EDAC MC: Ver: 3.0.0
May  8 08:12:01 host0 kernel: NetLabel: Initializing
May  8 08:12:01 host0 kernel: NetLabel:  dohost1 hash size = 128
May  8 08:12:01 host0 kernel: NetLabel:  protocols = UNLABELED CIPSOv4 CALIPSO
May  8 08:12:01 host0 kernel: NetLabel:  unlabeled traffic allowed by default
May  8 08:12:01 host0 kernel: PCI: Using ACPI for IRQ routing
May  8 08:12:01 host0 kernel: pci 0000:00:01.0: vgaarb: setting as boot VGA device
May  8 08:12:01 host0 kernel: pci 0000:00:01.0: vgaarb: bridge control possible
May  8 08:12:01 host0 kernel: pci 0000:00:01.0: vgaarb: VGA device added: decodes=io+mem,owns=io+mem,locks=none
May  8 08:12:01 host0 kernel: vgaarb: loaded
May  8 08:12:01 host0 kernel: clocksource: Switched to clocksource kvm-clock
May  8 08:12:01 host0 kernel: VFS: Disk quotas dquot_6.6.0
May  8 08:12:01 host0 kernel: VFS: Dquot-cache hash table entries: 512 (order 0, 4096 bytes)
May  8 08:12:01 host0 kernel: pnp: PnP ACPI init
May  8 08:12:01 host0 kernel: system 00:04: [mem 0xb0000000-0xbfffffff window] has been reserved
May  8 08:12:01 host0 kernel: pnp: PnP ACPI: found 5 devices
May  8 08:12:01 host0 kernel: clocksource: acpi_pm: mask: 0xffffff max_cycles: 0xffffff, max_idle_ns: 2085701024 ns
May  8 08:12:01 host0 kernel: NET: Registered PF_INET protocol family
May  8 08:12:01 host0 kernel: IP idents hash table entries: 131072 (order: 8, 1048576 bytes, linear)
May  8 08:12:01 host0 kernel: tcp_listen_portaddr_hash hash table entries: 4096 (order: 4, 65536 bytes, linear)
May  8 08:12:01 host0 kernel: Table-perturb hash table entries: 65536 (order: 6, 262144 bytes, linear)
May  8 08:12:01 host0 kernel: TCP established hash table entries: 65536 (order: 7, 524288 bytes, linear)
May  8 08:12:01 host0 kernel: TCP bind hash table entries: 65536 (order: 8, 1048576 bytes, linear)
May  8 08:12:01 host0 kernel: TCP: Hash tables configured (established 65536 bind 65536)
May  8 08:12:01 host0 kernel: MPTCP token hash table entries: 8192 (order: 5, 196608 bytes, linear)
May  8 08:12:01 host0 kernel: UDP hash table entries: 4096 (order: 5, 131072 bytes, linear)
May  8 08:12:01 host0 kernel: UDP-Lite hash table entries: 4096 (order: 5, 131072 bytes, linear)
May  8 08:12:01 host0 kernel: NET: Registered PF_UNIX/PF_LOCAL protocol family
May  8 08:12:01 host0 kernel: NET: Registered PF_XDP protocol family
May  8 08:12:01 host0 kernel: pci 0000:00:02.0: bridge window [io  0x1000-0x0fff] to [bus 01] add_size 1000
May  8 08:12:01 host0 kernel: pci 0000:00:02.1: bridge window [io  0x1000-0x0fff] to [bus 02] add_size 1000
May  8 08:12:01 host0 kernel: pci 0000:00:02.2: bridge window [io  0x1000-0x0fff] to [bus 03] add_size 1000
May  8 08:12:01 host0 kernel: pci 0000:00:02.3: bridge window [io  0x1000-0x0fff] to [bus 04] add_size 1000
May  8 08:12:01 host0 kernel: pci 0000:00:02.4: bridge window [io  0x1000-0x0fff] to [bus 05] add_size 1000
May  8 08:12:01 host0 kernel: pci 0000:00:02.5: bridge window [io  0x1000-0x0fff] to [bus 06] add_size 1000
May  8 08:12:01 host0 kernel: pci 0000:00:02.6: bridge window [io  0x1000-0x0fff] to [bus 07] add_size 1000
May  8 08:12:01 host0 kernel: pci 0000:00:02.7: bridge window [io  0x1000-0x0fff] to [bus 08] add_size 1000
May  8 08:12:01 host0 kernel: pci 0000:00:02.0: BAR 13: assigned [io  0x1000-0x1fff]
May  8 08:12:01 host0 kernel: pci 0000:00:02.1: BAR 13: assigned [io  0x2000-0x2fff]
May  8 08:12:01 host0 kernel: pci 0000:00:02.2: BAR 13: assigned [io  0x3000-0x3fff]
May  8 08:12:01 host0 kernel: pci 0000:00:02.3: BAR 13: assigned [io  0x4000-0x4fff]
May  8 08:12:01 host0 kernel: pci 0000:00:02.4: BAR 13: assigned [io  0x5000-0x5fff]
May  8 08:12:01 host0 kernel: pci 0000:00:02.5: BAR 13: assigned [io  0x6000-0x6fff]
May  8 08:12:01 host0 kernel: pci 0000:00:02.6: BAR 13: assigned [io  0x7000-0x7fff]
May  8 08:12:01 host0 kernel: pci 0000:00:02.7: BAR 13: assigned [io  0x8000-0x8fff]
May  8 08:12:01 host0 kernel: pci 0000:00:02.0: PCI bridge to [bus 01]
May  8 08:12:01 host0 kernel: pci 0000:00:02.0:   bridge window [io  0x1000-0x1fff]
May  8 08:12:01 host0 kernel: pci 0000:00:02.0:   bridge window [mem 0xfce00000-0xfcffffff]
May  8 08:12:01 host0 kernel: pci 0000:00:02.0:   bridge window [mem 0xfea00000-0xfebfffff 64bit pref]
May  8 08:12:01 host0 kernel: pci 0000:00:02.1: PCI bridge to [bus 02]
May  8 08:12:01 host0 kernel: pci 0000:00:02.1:   bridge window [io  0x2000-0x2fff]
May  8 08:12:01 host0 kernel: pci 0000:00:02.1:   bridge window [mem 0xfcc00000-0xfcdfffff]
May  8 08:12:01 host0 kernel: pci 0000:00:02.1:   bridge window [mem 0xfe800000-0xfe9fffff 64bit pref]
May  8 08:12:01 host0 kernel: pci 0000:00:02.2: PCI bridge to [bus 03]
May  8 08:12:01 host0 kernel: pci 0000:00:02.2:   bridge window [io  0x3000-0x3fff]
May  8 08:12:01 host0 kernel: pci 0000:00:02.2:   bridge window [mem 0xfca00000-0xfcbfffff]
May  8 08:12:01 host0 kernel: pci 0000:00:02.2:   bridge window [mem 0xfe600000-0xfe7fffff 64bit pref]
May  8 08:12:01 host0 kernel: pci 0000:00:02.3: PCI bridge to [bus 04]
May  8 08:12:01 host0 kernel: pci 0000:00:02.3:   bridge window [io  0x4000-0x4fff]
May  8 08:12:01 host0 kernel: pci 0000:00:02.3:   bridge window [mem 0xfc800000-0xfc9fffff]
May  8 08:12:01 host0 kernel: pci 0000:00:02.3:   bridge window [mem 0xfe400000-0xfe5fffff 64bit pref]
May  8 08:12:01 host0 kernel: pci 0000:00:02.4: PCI bridge to [bus 05]
May  8 08:12:01 host0 kernel: pci 0000:00:02.4:   bridge window [io  0x5000-0x5fff]
May  8 08:12:01 host0 kernel: pci 0000:00:02.4:   bridge window [mem 0xfc600000-0xfc7fffff]
May  8 08:12:01 host0 kernel: pci 0000:00:02.4:   bridge window [mem 0xfe200000-0xfe3fffff 64bit pref]
May  8 08:12:01 host0 kernel: pci 0000:00:02.5: PCI bridge to [bus 06]
May  8 08:12:01 host0 kernel: pci 0000:00:02.5:   bridge window [io  0x6000-0x6fff]
May  8 08:12:01 host0 kernel: pci 0000:00:02.5:   bridge window [mem 0xfc400000-0xfc5fffff]
May  8 08:12:01 host0 kernel: pci 0000:00:02.5:   bridge window [mem 0xfe000000-0xfe1fffff 64bit pref]
May  8 08:12:01 host0 kernel: pci 0000:00:02.6: PCI bridge to [bus 07]
May  8 08:12:01 host0 kernel: pci 0000:00:02.6:   bridge window [io  0x7000-0x7fff]
May  8 08:12:01 host0 kernel: pci 0000:00:02.6:   bridge window [mem 0xfc200000-0xfc3fffff]
May  8 08:12:01 host0 kernel: pci 0000:00:02.6:   bridge window [mem 0xfde00000-0xfdffffff 64bit pref]
May  8 08:12:01 host0 kernel: pci 0000:00:02.7: PCI bridge to [bus 08]
May  8 08:12:01 host0 kernel: pci 0000:00:02.7:   bridge window [io  0x8000-0x8fff]
May  8 08:12:01 host0 kernel: pci 0000:00:02.7:   bridge window [mem 0xfc000000-0xfc1fffff]
May  8 08:12:01 host0 kernel: pci 0000:00:02.7:   bridge window [mem 0xfdc00000-0xfddfffff 64bit pref]
May  8 08:12:01 host0 kernel: pci_bus 0000:00: resource 4 [io  0x0000-0x0cf7 window]
May  8 08:12:01 host0 kernel: pci_bus 0000:00: resource 5 [io  0x0d00-0xffff window]
May  8 08:12:01 host0 kernel: pci_bus 0000:00: resource 6 [mem 0x000a0000-0x000bffff window]
May  8 08:12:01 host0 kernel: pci_bus 0000:00: resource 7 [mem 0x80000000-0xafffffff window]
May  8 08:12:01 host0 kernel: pci_bus 0000:00: resource 8 [mem 0xc0000000-0xfebfffff window]
May  8 08:12:01 host0 kernel: pci_bus 0000:00: resource 9 [mem 0x280000000-0xa7fffffff window]
May  8 08:12:01 host0 kernel: pci_bus 0000:01: resource 0 [io  0x1000-0x1fff]
May  8 08:12:01 host0 kernel: pci_bus 0000:01: resource 1 [mem 0xfce00000-0xfcffffff]
May  8 08:12:01 host0 kernel: pci_bus 0000:01: resource 2 [mem 0xfea00000-0xfebfffff 64bit pref]
May  8 08:12:01 host0 kernel: pci_bus 0000:02: resource 0 [io  0x2000-0x2fff]
May  8 08:12:01 host0 kernel: pci_bus 0000:02: resource 1 [mem 0xfcc00000-0xfcdfffff]
May  8 08:12:01 host0 kernel: pci_bus 0000:02: resource 2 [mem 0xfe800000-0xfe9fffff 64bit pref]
May  8 08:12:01 host0 kernel: pci_bus 0000:03: resource 0 [io  0x3000-0x3fff]
May  8 08:12:01 host0 kernel: pci_bus 0000:03: resource 1 [mem 0xfca00000-0xfcbfffff]
May  8 08:12:01 host0 kernel: pci_bus 0000:03: resource 2 [mem 0xfe600000-0xfe7fffff 64bit pref]
May  8 08:12:01 host0 kernel: pci_bus 0000:04: resource 0 [io  0x4000-0x4fff]
May  8 08:12:01 host0 kernel: pci_bus 0000:04: resource 1 [mem 0xfc800000-0xfc9fffff]
May  8 08:12:01 host0 kernel: pci_bus 0000:04: resource 2 [mem 0xfe400000-0xfe5fffff 64bit pref]
May  8 08:12:01 host0 kernel: pci_bus 0000:05: resource 0 [io  0x5000-0x5fff]
May  8 08:12:01 host0 kernel: pci_bus 0000:05: resource 1 [mem 0xfc600000-0xfc7fffff]
May  8 08:12:01 host0 kernel: pci_bus 0000:05: resource 2 [mem 0xfe200000-0xfe3fffff 64bit pref]
May  8 08:12:01 host0 kernel: pci_bus 0000:06: resource 0 [io  0x6000-0x6fff]
May  8 08:12:01 host0 kernel: pci_bus 0000:06: resource 1 [mem 0xfc400000-0xfc5fffff]
May  8 08:12:01 host0 kernel: pci_bus 0000:06: resource 2 [mem 0xfe000000-0xfe1fffff 64bit pref]
May  8 08:12:01 host0 kernel: pci_bus 0000:07: resource 0 [io  0x7000-0x7fff]
May  8 08:12:01 host0 kernel: pci_bus 0000:07: resource 1 [mem 0xfc200000-0xfc3fffff]
May  8 08:12:01 host0 kernel: pci_bus 0000:07: resource 2 [mem 0xfde00000-0xfdffffff 64bit pref]
May  8 08:12:01 host0 kernel: pci_bus 0000:08: resource 0 [io  0x8000-0x8fff]
May  8 08:12:01 host0 kernel: pci_bus 0000:08: resource 1 [mem 0xfc000000-0xfc1fffff]
May  8 08:12:01 host0 kernel: pci_bus 0000:08: resource 2 [mem 0xfdc00000-0xfddfffff 64bit pref]
May  8 08:12:01 host0 kernel: ACPI: \_SB_.GSIG: Enabled at IRQ 22
May  8 08:12:01 host0 kernel: PCI: CLS 0 bytes, default 64
May  8 08:12:01 host0 kernel: PCI-DMA: Using software bounce buffering for IO (SWIOTLB)
May  8 08:12:01 host0 kernel: software IO TLB: mapped [mem 0x000000006b000000-0x000000006f000000] (64MB)
May  8 08:12:01 host0 kernel: ACPI: bus type thunderbolt registered
May  8 08:12:01 host0 kernel: Trying to unpack rootfs image as initramfs...
May  8 08:12:01 host0 kernel: Initialise system trusted keyrings
May  8 08:12:01 host0 kernel: Key type blacklist registered
May  8 08:12:01 host0 kernel: workingset: timestamp_bits=36 max_order=21 bucket_order=0
May  8 08:12:01 host0 kernel: zbud: loaded
May  8 08:12:01 host0 kernel: integrity: Platform Keyring initialized
May  8 08:12:01 host0 kernel: integrity: Machine keyring initialized
May  8 08:12:01 host0 kernel: NET: Registered PF_ALG protocol family
May  8 08:12:01 host0 kernel: xor: automatically using best checksumming function   avx       
May  8 08:12:01 host0 kernel: Key type asymmetric registered
May  8 08:12:01 host0 kernel: Asymmetric key parser 'x509' registered
May  8 08:12:01 host0 kernel: Running certificate verification selftests
May  8 08:12:01 host0 kernel: Loaded X.509 cert 'Certificate verification self-testing key: f58703bb33ce1b73ee02eccdee5b8817518fe3db'
May  8 08:12:01 host0 kernel: Block layer SCSI generic (bsg) driver version 0.4 loaded (major 246)
May  8 08:12:01 host0 kernel: io scheduler mq-deadline registered
May  8 08:12:01 host0 kernel: io scheduler kyber registered
May  8 08:12:01 host0 kernel: io scheduler bfq registered
May  8 08:12:01 host0 kernel: atomic64_test: passed for x86-64 platform with CX8 and with SSE
May  8 08:12:01 host0 kernel: pcieport 0000:00:02.0: PME: Signaling with IRQ 24
May  8 08:12:01 host0 kernel: pcieport 0000:00:02.0: AER: enabled with IRQ 24
May  8 08:12:01 host0 kernel: pcieport 0000:00:02.0: pciehp: Slot #0 AttnBtn+ PwrCtrl+ MRL- AttnInd+ PwrInd+ HotPlug+ Surprise+ Interlock+ NoCompl- IbPresDis- LLActRep+
May  8 08:12:01 host0 kernel: pcieport 0000:00:02.1: PME: Signaling with IRQ 25
May  8 08:12:01 host0 kernel: pcieport 0000:00:02.1: AER: enabled with IRQ 25
May  8 08:12:01 host0 kernel: pcieport 0000:00:02.1: pciehp: Slot #0 AttnBtn+ PwrCtrl+ MRL- AttnInd+ PwrInd+ HotPlug+ Surprise+ Interlock+ NoCompl- IbPresDis- LLActRep+
May  8 08:12:01 host0 kernel: pcieport 0000:00:02.2: PME: Signaling with IRQ 26
May  8 08:12:01 host0 kernel: pcieport 0000:00:02.2: AER: enabled with IRQ 26
May  8 08:12:01 host0 kernel: pcieport 0000:00:02.2: pciehp: Slot #0 AttnBtn+ PwrCtrl+ MRL- AttnInd+ PwrInd+ HotPlug+ Surprise+ Interlock+ NoCompl- IbPresDis- LLActRep+
May  8 08:12:01 host0 kernel: pcieport 0000:00:02.3: PME: Signaling with IRQ 27
May  8 08:12:01 host0 kernel: pcieport 0000:00:02.3: AER: enabled with IRQ 27
May  8 08:12:01 host0 kernel: pcieport 0000:00:02.3: pciehp: Slot #0 AttnBtn+ PwrCtrl+ MRL- AttnInd+ PwrInd+ HotPlug+ Surprise+ Interlock+ NoCompl- IbPresDis- LLActRep+
May  8 08:12:01 host0 kernel: pcieport 0000:00:02.4: PME: Signaling with IRQ 28
May  8 08:12:01 host0 kernel: pcieport 0000:00:02.4: AER: enabled with IRQ 28
May  8 08:12:01 host0 kernel: pcieport 0000:00:02.4: pciehp: Slot #0 AttnBtn+ PwrCtrl+ MRL- AttnInd+ PwrInd+ HotPlug+ Surprise+ Interlock+ NoCompl- IbPresDis- LLActRep+
May  8 08:12:01 host0 kernel: pcieport 0000:00:02.5: PME: Signaling with IRQ 29
May  8 08:12:01 host0 kernel: pcieport 0000:00:02.5: AER: enabled with IRQ 29
May  8 08:12:01 host0 kernel: pcieport 0000:00:02.5: pciehp: Slot #0 AttnBtn+ PwrCtrl+ MRL- AttnInd+ PwrInd+ HotPlug+ Surprise+ Interlock+ NoCompl- IbPresDis- LLActRep+
May  8 08:12:01 host0 kernel: pcieport 0000:00:02.6: PME: Signaling with IRQ 30
May  8 08:12:01 host0 kernel: pcieport 0000:00:02.6: AER: enabled with IRQ 30
May  8 08:12:01 host0 kernel: pcieport 0000:00:02.6: pciehp: Slot #0 AttnBtn+ PwrCtrl+ MRL- AttnInd+ PwrInd+ HotPlug+ Surprise+ Interlock+ NoCompl- IbPresDis- LLActRep+
May  8 08:12:01 host0 kernel: pcieport 0000:00:02.7: PME: Signaling with IRQ 31
May  8 08:12:01 host0 kernel: pcieport 0000:00:02.7: AER: enabled with IRQ 31
May  8 08:12:01 host0 kernel: pcieport 0000:00:02.7: pciehp: Slot #0 AttnBtn+ PwrCtrl+ MRL- AttnInd+ PwrInd+ HotPlug+ Surprise+ Interlock+ NoCompl- IbPresDis- LLActRep+
May  8 08:12:01 host0 kernel: shpchp: Standard Hot Plug PCI Controller Driver version: 0.4
May  8 08:12:01 host0 kernel: input: Power Button as /devices/LNXSYSTM:00/LNXPWRBN:00/input/input0
May  8 08:12:01 host0 kernel: ACPI: button: Power Button [PWRF]
May  8 08:12:01 host0 kernel: Serial: 8250/16550 driver, 4 ports, IRQ sharing enabled
May  8 08:12:01 host0 kernel: 00:00: ttyS0 at I/O 0x3f8 (irq = 4, base_baud = 115200) is a 16550A
May  8 08:12:01 host0 kernel: Non-volatile memory driver v1.3
May  8 08:12:01 host0 kernel: rdac: device handler registered
May  8 08:12:01 host0 kernel: hp_sw: device handler registered
May  8 08:12:01 host0 kernel: emc: device handler registered
May  8 08:12:01 host0 kernel: alua: device handler registered
May  8 08:12:01 host0 kernel: libphy: Fixed MDIO Bus: probed
May  8 08:12:01 host0 kernel: xhci_hcd 0000:02:00.0: xHCI Host Controller
May  8 08:12:01 host0 kernel: xhci_hcd 0000:02:00.0: new USB bus registered, assigned bus number 1
May  8 08:12:01 host0 kernel: xhci_hcd 0000:02:00.0: hcc params 0x00087001 hci version 0x100 quirks 0x0000000000000010
May  8 08:12:01 host0 kernel: xhci_hcd 0000:02:00.0: xHCI Host Controller
May  8 08:12:01 host0 kernel: xhci_hcd 0000:02:00.0: new USB bus registered, assigned bus number 2
May  8 08:12:01 host0 kernel: xhci_hcd 0000:02:00.0: Host supports USB 3.0 SuperSpeed
May  8 08:12:01 host0 kernel: usb usb1: New USB device found, idVendor=1d6b, idProduct=0002, bcdDevice= 5.14
May  8 08:12:01 host0 kernel: usb usb1: New USB device strings: Mfr=3, Product=2, SerialNumber=1
May  8 08:12:01 host0 kernel: usb usb1: Product: xHCI Host Controller
May  8 08:12:01 host0 kernel: usb usb1: Manufacturer: Linux 5.14.0-362.8.1.el9_3.x86_64 xhci-hcd
May  8 08:12:01 host0 kernel: usb usb1: SerialNumber: 0000:02:00.0
May  8 08:12:01 host0 kernel: hub 1-0:1.0: USB hub found
May  8 08:12:01 host0 kernel: hub 1-0:1.0: 15 ports detected
May  8 08:12:01 host0 kernel: usb usb2: We don't know the algorithms for LPM for this host, disabling LPM.
May  8 08:12:01 host0 kernel: usb usb2: New USB device found, idVendor=1d6b, idProduct=0003, bcdDevice= 5.14
May  8 08:12:01 host0 kernel: usb usb2: New USB device strings: Mfr=3, Product=2, SerialNumber=1
May  8 08:12:01 host0 kernel: usb usb2: Product: xHCI Host Controller
May  8 08:12:01 host0 kernel: usb usb2: Manufacturer: Linux 5.14.0-362.8.1.el9_3.x86_64 xhci-hcd
May  8 08:12:01 host0 kernel: usb usb2: SerialNumber: 0000:02:00.0
May  8 08:12:01 host0 kernel: hub 2-0:1.0: USB hub found
May  8 08:12:01 host0 kernel: hub 2-0:1.0: 15 ports detected
May  8 08:12:01 host0 kernel: usbcore: registered new interface driver usbserial_generic
May  8 08:12:01 host0 kernel: usbserial: USB Serial support registered for generic
May  8 08:12:01 host0 kernel: i8042: PNP: PS/2 Controller [PNP0303:KBD,PNP0f13:MOU] at 0x60,0x64 irq 1,12
May  8 08:12:01 host0 kernel: serio: i8042 KBD port at 0x60,0x64 irq 1
May  8 08:12:01 host0 kernel: serio: i8042 AUX port at 0x60,0x64 irq 12
May  8 08:12:01 host0 kernel: mousedev: PS/2 mouse device common for all mice
May  8 08:12:01 host0 kernel: input: AT Translated Set 2 keyboard as /devices/platform/i8042/serio0/input/input1
May  8 08:12:01 host0 kernel: rtc_cmos 00:03: RTC can wake from S4
May  8 08:12:01 host0 kernel: rtc_cmos 00:03: registered as rtc0
May  8 08:12:01 host0 kernel: rtc_cmos 00:03: setting system clock to 2024-05-08T12:12:00 UTC (1715170320)
May  8 08:12:01 host0 kernel: rtc_cmos 00:03: alarms up to one day, y3k, 242 bytes nvram
May  8 08:12:01 host0 kernel: amd_pstate: driver load is disabled, boot with specific mode to enable this
May  8 08:12:01 host0 kernel: hid: raw HID events driver (C) Jiri Kosina
May  8 08:12:01 host0 kernel: usbcore: registered new interface driver usbhid
May  8 08:12:01 host0 kernel: usbhid: USB HID core driver
May  8 08:12:01 host0 kernel: drop_monitor: Initializing network drop monitor service
May  8 08:12:01 host0 kernel: Initializing XFRM netlink socket
May  8 08:12:01 host0 kernel: NET: Registered PF_INET6 protocol family
May  8 08:12:01 host0 kernel: usb 1-1: new high-speed USB device number 2 using xhci_hcd
May  8 08:12:01 host0 kernel: Freeing initrd memory: 33760K
May  8 08:12:01 host0 kernel: Segment Routing with IPv6
May  8 08:12:01 host0 kernel: NET: Registered PF_PACKET protocol family
May  8 08:12:01 host0 kernel: mpls_gso: MPLS GSO support
May  8 08:12:01 host0 kernel: IPI shorthand broadcast: enabled
May  8 08:12:01 host0 kernel: AVX2 version of gcm_enc/dec engaged.
May  8 08:12:01 host0 kernel: AES CTR mode by8 optimization enabled
May  8 08:12:01 host0 kernel: sched_clock: Marking stable (562300194, 10845306)->(607392699, -34247199)
May  8 08:12:01 host0 kernel: registered taskstats version 1
May  8 08:12:01 host0 kernel: Loading compiled-in X.509 certificates
May  8 08:12:01 host0 kernel: Loaded X.509 cert 'Red Hat Enterprise Linux kernel signing key: 7abe215eec6907198cbaf2dcd53a124e600c6694'
May  8 08:12:01 host0 kernel: Loaded X.509 cert 'Red Hat Enterprise Linux Driver Update Program (key 3): bf57f3e87362bc7229d9f465321773dfd1f77a80'
May  8 08:12:01 host0 kernel: Loaded X.509 cert 'Red Hat Enterprise Linux kpatch signing key: 4d38fd864ebe18c5f0b72e3852e2014c3a676fc8'
May  8 08:12:01 host0 kernel: Loaded X.509 cert 'RH-IMA-CA: Red Hat IMA CA: fb31825dd0e073685b264e3038963673f753959a'
May  8 08:12:01 host0 kernel: zswap: loaded using pool lzo/zbud
May  8 08:12:01 host0 kernel: page_owner is disabled
May  8 08:12:01 host0 kernel: Key type big_key registered
May  8 08:12:01 host0 kernel: Key type encrypted registered
May  8 08:12:01 host0 kernel: ima: No TPM chip found, activating TPM-bypass!
May  8 08:12:01 host0 kernel: Loading compiled-in module X.509 certificates
May  8 08:12:01 host0 kernel: Loaded X.509 cert 'Red Hat Enterprise Linux kernel signing key: 7abe215eec6907198cbaf2dcd53a124e600c6694'
May  8 08:12:01 host0 kernel: ima: Allocated hash algorithm: sha256
May  8 08:12:01 host0 kernel: ima: No architecture policies found
May  8 08:12:01 host0 kernel: evm: Initialising EVM extended attributes:
May  8 08:12:01 host0 kernel: evm: security.selinux
May  8 08:12:01 host0 kernel: evm: security.SMACK64 (disabled)
May  8 08:12:01 host0 kernel: evm: security.SMACK64EXEC (disabled)
May  8 08:12:01 host0 kernel: evm: security.SMACK64TRANSMUTE (disabled)
May  8 08:12:01 host0 kernel: evm: security.SMACK64MMAP (disabled)
May  8 08:12:01 host0 kernel: evm: security.apparmor (disabled)
May  8 08:12:01 host0 kernel: evm: security.ima
May  8 08:12:01 host0 kernel: evm: security.capability
May  8 08:12:01 host0 kernel: evm: HMAC attrs: 0x1
May  8 08:12:01 host0 kernel: usb 1-1: New USB device found, idVendor=0627, idProduct=0001, bcdDevice= 0.00
May  8 08:12:01 host0 kernel: usb 1-1: New USB device strings: Mfr=1, Product=3, SerialNumber=10
May  8 08:12:01 host0 kernel: usb 1-1: Product: QEMU USB Tablet
May  8 08:12:01 host0 kernel: usb 1-1: Manufacturer: QEMU
May  8 08:12:01 host0 kernel: usb 1-1: SerialNumber: 28754-0000:00:02.1:00.0-1
May  8 08:12:01 host0 kernel: input: QEMU QEMU USB Tablet as /devices/pci0000:00/0000:00:02.1/0000:02:00.0/usb1/1-1/1-1:1.0/0003:0627:0001.0001/input/input4
May  8 08:12:01 host0 kernel: hid-generic 0003:0627:0001.0001: input,hidraw0: USB HID v0.01 Mouse [QEMU QEMU USB Tablet] on usb-0000:02:00.0-1/input0
May  8 08:12:01 host0 kernel: input: ImExPS/2 Generic Explorer Mouse as /devices/platform/i8042/serio1/input/input3
May  8 08:12:01 host0 kernel: Freeing unused decrypted memory: 2036K
May  8 08:12:01 host0 kernel: Freeing unused kernel image (initmem) memory: 3824K
May  8 08:12:01 host0 kernel: Write protecting the kernel read-only data: 28672k
May  8 08:12:01 host0 kernel: Freeing unused kernel image (rodata/data gap) memory: 848K
May  8 08:12:01 host0 kernel: x86/mm: Checked W+X mappings: passed, no W+X pages found.
May  8 08:12:01 host0 kernel: Run /init as init process
May  8 08:12:01 host0 systemd: systemd 252-18.el9 running in system mode (+PAM +AUDIT +SELINUX -APPARMOR +IMA +SMACK +SECCOMP +GCRYPT +GNUTLS +OPENSSL +ACL +BLKID +CURL +ELFUTILS -FIDO2 +IDN2 -IDN -IPTC +KMOD +LIBCRYPTSETUP +LIBFDISK +PCRE2 -PWQUALITY +P11KIT -QRENCODE +TPM2 +BZIP2 +LZ4 +XZ +ZLIB +ZSTD -BPF_FRAMEWORK +XKBCOMMON +UTMP +SYSVINIT default-hierarchy=unified)
May  8 08:12:01 host0 systemd: Detected virtualization kvm.
May  8 08:12:01 host0 systemd: Detected architecture x86-64.
May  8 08:12:01 host0 systemd: Running in initrd.
May  8 08:12:01 host0 systemd: Hostname set to <unknown.obfuscateddohost10.com>.
May  8 08:12:01 host0 systemd: Queued start job for default target Initrd Default Target.
May  8 08:12:01 host0 systemd: Created slice Slice /system/systemd-hibernate-resume.
May  8 08:12:01 host0 systemd: Reached target Initrd /usr File System.
May  8 08:12:01 host0 systemd: Reached target Slice Units.
May  8 08:12:01 host0 systemd: Reached target Swaps.
May  8 08:12:01 host0 systemd: Reached target Timer Units.
May  8 08:12:01 host0 systemd: Listening on D-Bus System Message Bus Socket.
May  8 08:12:01 host0 systemd: Listening on Journal Socket (/dev/log).
May  8 08:12:01 host0 systemd: Listening on Journal Socket.
May  8 08:12:01 host0 systemd: Listening on udev Control Socket.
May  8 08:12:01 host0 systemd: Listening on udev Kernel Socket.
May  8 08:12:01 host0 systemd: Reached target Socket Units.
May  8 08:12:01 host0 systemd: Starting Create List of Static Device Nodes...
May  8 08:12:01 host0 systemd: Starting Journal Service...
May  8 08:12:01 host0 systemd: Starting Load Kernel Modules...
May  8 08:12:01 host0 systemd: Starting Create System Users...
May  8 08:12:01 host0 systemd: Starting Setup Virtual Console...
May  8 08:12:01 host0 systemd: Finished Create List of Static Device Nodes.
May  8 08:12:01 host0 kernel: fuse: init (API version 7.36)
May  8 08:12:01 host0 systemd: Finished Load Kernel Modules.
May  8 08:12:01 host0 systemd: Starting Apply Kernel Variables...
May  8 08:12:01 host0 systemd: Finished Apply Kernel Variables.
May  8 08:12:01 host0 systemd: Finished Create System Users.
May  8 08:12:01 host0 systemd: Starting Create Static Device Nodes in /dev...
May  8 08:12:01 host0 systemd: Finished Create Static Device Nodes in /dev.
May  8 08:12:01 host0 systemd-journald[260]: Journal started
May  8 08:12:01 host0 systemd-journald[260]: Runtime Journal (/run/log/journal/9d450dda0eb545b4851a4dc8aa51f0de) is 8.0M, max 153.4M, 145.4M free.
May  8 08:12:01 host0 systemd-sysusers[262]: Creating group 'nobody' with GID 65534.
May  8 08:12:01 host0 systemd-modules-load[261]: Inserted module 'fuse'
May  8 08:12:01 host0 systemd-sysusers[262]: Creating group 'users' with GID 100.
May  8 08:12:01 host0 systemd-sysusers[262]: Creating group 'dbus' with GID 81.
May  8 08:12:01 host0 systemd-sysusers[262]: Creating user 'dbus' (System Message Bus) with UID 81 and GID 81.
May  8 08:12:01 host0 systemd: Started Journal Service.
May  8 08:12:01 host0 systemd[1]: Starting Create Volatile Files and Directories...
May  8 08:12:01 host0 systemd[1]: Finished Create Volatile Files and Directories.
May  8 08:12:01 host0 systemd[1]: Finished Setup Virtual Console.
May  8 08:12:01 host0 systemd[1]: dracut ask for additional cmdline parameters was skipped because no trigger condition checks were met.
May  8 08:12:01 host0 systemd[1]: Starting dracut cmdline hook...
May  8 08:12:01 host0 dracut-cmdline[276]: dracut-9.3 (Plow) dracut-057-44.git20230822.el9
May  8 08:12:01 host0 dracut-cmdline[276]: Using kernel command line parameters:    BOOT_IMAGE=(hd0,msdos1)/vmlinuz-5.14.0-362.8.1.el9_3.x86_64 root=/dev/mapper/root_vg-lv_root ro crashkernel=1G-4G:192M,4G-64G:256M,64G-:512M resume=/dev/mapper/root_vg-lv_swap rd.lvm.lv=root_vg/lv_root rd.lvm.lv=root_vg/lv_swap rhgb quiet
May  8 08:12:01 host0 systemd[1]: Finished dracut cmdline hook.
May  8 08:12:01 host0 systemd[1]: Starting dracut pre-udev hook...
May  8 08:12:01 host0 kernel: device-mapper: core: CONFIG_IMA_DISABLE_HTABLE is disabled. Duplicate IMA measurements will not be recorded in the IMA log.
May  8 08:12:01 host0 kernel: device-mapper: uevent: version 1.0.3
May  8 08:12:01 host0 kernel: device-mapper: ioctl: 4.48.0-ioctl (2023-03-01) initialised: dm-devel@redhat.com
May  8 08:12:01 host0 systemd[1]: Finished dracut pre-udev hook.
May  8 08:12:01 host0 systemd[1]: Starting Rule-based Manager for Device Events and Files...
May  8 08:12:01 host0 systemd-udevd[388]: Using default interface naming scheme 'rhel-9.0'.
May  8 08:12:01 host0 systemd[1]: Started Rule-based Manager for Device Events and Files.
May  8 08:12:01 host0 systemd[1]: dracut pre-trigger hook was skipped because no trigger condition checks were met.
May  8 08:12:01 host0 systemd[1]: Starting Coldplug All udev Devices...
May  8 08:12:01 host0 systemd[1]: sys-module-fuse.device: Failed to enqueue SYSTEMD_WANTS= job, ignoring: Unit sys-fs-fuse-connections.mount not found.
May  8 08:12:01 host0 systemd[1]: Finished Coldplug All udev Devices.
May  8 08:12:01 host0 systemd[1]: nm-initrd.service was skipped because of an unmet condition check (ConditionPathExists=/run/NetworkManager/initrd/neednet).
May  8 08:12:01 host0 systemd[1]: Reached target Network.
May  8 08:12:01 host0 systemd[1]: nm-wait-online-initrd.service was skipped because of an unmet condition check (ConditionPathExists=/run/NetworkManager/initrd/neednet).
May  8 08:12:01 host0 systemd[1]: Starting dracut initqueue hook...
May  8 08:12:01 host0 systemd[1]: Starting Show Plymouth Boot Screen...
May  8 08:12:01 host0 systemd[1]: Received SIGRTMIN+20 from PID 403 (plymouthd).
May  8 08:12:01 host0 systemd[1]: Started Show Plymouth Boot Screen.
May  8 08:12:01 host0 systemd[1]: Dispatch Password Requests to Console Directory Watch was skipped because of an unmet condition check (ConditionPathExists=!/run/plymouth/pid).
May  8 08:12:01 host0 systemd[1]: Started Forward Password Requests to Plymouth Directory Watch.
May  8 08:12:01 host0 systemd[1]: Reached target Path Units.
May  8 08:12:01 host0 kernel: virtio_blk virtio2: 1/0/0 default/read/poll queues
May  8 08:12:01 host0 kernel: virtio_blk virtio2: [vda] 20971520 512-byte logical blocks (10.7 GB/10.0 GiB)
May  8 08:12:01 host0 kernel: vda: vda1 vda2
May  8 08:12:01 host0 kernel: ACPI: bus type drm_connector registered
May  8 08:12:01 host0 kernel: virtio_net virtio0 enp1s0: renamed from eth0
May  8 08:12:01 host0 kernel: scsi host0: Virtio SCSI HBA
May  8 08:12:01 host0 kernel: ACPI: \_SB_.GSIA: Enabled at IRQ 16
May  8 08:12:01 host0 kernel: ahci 0000:00:1f.2: AHCI 0001.0000 32 slots 6 ports 1.5 Gbps 0x3f impl SATA mode
May  8 08:12:01 host0 kernel: ahci 0000:00:1f.2: flags: 64bit ncq only 
May  8 08:12:01 host0 kernel: ACPI: \_SB_.GSIF: Enabled at IRQ 21
May  8 08:12:01 host0 kernel: qxl 0000:00:01.0: vgaarb: deactivate vga console
May  8 08:12:01 host0 kernel: scsi host1: ahci
May  8 08:12:01 host0 kernel: scsi host2: ahci
May  8 08:12:01 host0 kernel: scsi host3: ahci
May  8 08:12:01 host0 kernel: scsi host4: ahci
May  8 08:12:01 host0 kernel: scsi host5: ahci
May  8 08:12:01 host0 kernel: scsi host6: ahci
May  8 08:12:01 host0 kernel: ata1: SATA max UDMA/133 abar m4096@0xfd01a000 port 0xfd01a100 irq 46
May  8 08:12:01 host0 kernel: ata2: SATA max UDMA/133 abar m4096@0xfd01a000 port 0xfd01a180 irq 46
May  8 08:12:01 host0 kernel: ata3: SATA max UDMA/133 abar m4096@0xfd01a000 port 0xfd01a200 irq 46
May  8 08:12:01 host0 kernel: ata4: SATA max UDMA/133 abar m4096@0xfd01a000 port 0xfd01a280 irq 46
May  8 08:12:01 host0 kernel: ata5: SATA max UDMA/133 abar m4096@0xfd01a000 port 0xfd01a300 irq 46
May  8 08:12:01 host0 kernel: ata6: SATA max UDMA/133 abar m4096@0xfd01a000 port 0xfd01a380 irq 46
May  8 08:12:01 host0 kernel: Console: switching to colour dummy device 80x25
May  8 08:12:01 host0 kernel: [drm] Device Version 0.0
May  8 08:12:01 host0 kernel: [drm] Compression level 0 log level 0
May  8 08:12:01 host0 kernel: [drm] 12286 io pages at offset 0x1000000
May  8 08:12:01 host0 kernel: [drm] 16777216 byte draw area at offset 0x0
May  8 08:12:01 host0 kernel: [drm] RAM header offset: 0x3ffe000
May  8 08:12:01 host0 kernel: [drm] qxl: 16M of VRAM memory size
May  8 08:12:01 host0 kernel: [drm] qxl: 63M of IO pages memory ready (VRAM dohost1)
May  8 08:12:01 host0 kernel: [drm] qxl: 64M of Surface memory size
May  8 08:12:01 host0 kernel: [drm] slot 0 (host1): base 0xf4000000, size 0x03ffe000
May  8 08:12:01 host0 kernel: [drm] slot 1 (surfaces): base 0xf8000000, size 0x04000000
May  8 08:12:01 host0 kernel: [drm] Initialized qxl 0.1.0 20120117 for 0000:00:01.0 on minor 0
May  8 08:12:01 host0 kernel: fbcon: qxldrmfb (fb0) is primary device
May  8 08:12:01 host0 kernel: Console: switching to colour frame buffer device 128x48
May  8 08:12:01 host0 kernel: qxl 0000:00:01.0: [drm] fb0: qxldrmfb frame buffer device
May  8 08:12:02 host0 kernel: ata2: SATA link down (SStatus 0 SControl 300)
May  8 08:12:02 host0 kernel: ata4: SATA link down (SStatus 0 SControl 300)
May  8 08:12:02 host0 kernel: ata1: SATA link up 1.5 Gbps (SStatus 113 SControl 300)
May  8 08:12:02 host0 kernel: ata3: SATA link down (SStatus 0 SControl 300)
May  8 08:12:02 host0 kernel: ata5: SATA link down (SStatus 0 SControl 300)
May  8 08:12:02 host0 kernel: ata6: SATA link down (SStatus 0 SControl 300)
May  8 08:12:02 host0 kernel: ata1.00: ATAPI: QEMU DVD-ROM, 2.5+, max UDMA/100
May  8 08:12:02 host0 kernel: ata1.00: applying bridge limits
May  8 08:12:02 host0 kernel: ata1.00: configured for UDMA/100
May  8 08:12:02 host0 kernel: scsi 1:0:0:0: CD-ROM            QEMU     QEMU DVD-ROM     2.5+ PQ: 0 ANSI: 5
May  8 08:12:02 host0 kernel: scsi 1:0:0:0: Attached scsi generic sg0 type 5
May  8 08:12:02 host0 kernel: sr 1:0:0:0: [sr0] scsi3-mmc drive: 4x/4x cd/rw xa/form2 tray
May  8 08:12:02 host0 kernel: cdrom: Uniform CD-ROM driver Revision: 3.20
May  8 08:12:02 host0 dracut-initqueue[513]: Scanning devices vda2  for LVM logical volumes root_vg/lv_root
May  8 08:12:02 host0 dracut-initqueue[513]: root_vg/lv_swap
May  8 08:12:02 host0 dracut-initqueue[513]:  root_vg/lv_root linear
May  8 08:12:02 host0 dracut-initqueue[513]:  root_vg/lv_swap linear
May  8 08:12:02 host0 systemd[1]: Found device /dev/mapper/root_vg-lv_root.
May  8 08:12:02 host0 systemd[1]: Reached target Initrd Root Device.
May  8 08:12:02 host0 systemd[1]: Found device /dev/mapper/root_vg-lv_swap.
May  8 08:12:02 host0 systemd[1]: Starting Resume from hibernation using device /dev/mapper/root_vg-lv_swap...
May  8 08:12:02 host0 systemd-hibernate-resume[549]: Could not resume from '/dev/mapper/root_vg-lv_swap' (253:1).
May  8 08:12:02 host0 systemd[1]: systemd-hibernate-resume@dev-mapper-root_vg\x2dlv_swap.service: Deactivated successfully.
May  8 08:12:02 host0 systemd[1]: Finished Resume from hibernation using device /dev/mapper/root_vg-lv_swap.
May  8 08:12:02 host0 systemd[1]: Reached target Preparation for Local File Systems.
May  8 08:12:02 host0 systemd[1]: Reached target Local File Systems.
May  8 08:12:02 host0 systemd[1]: Reached target System Initialization.
May  8 08:12:02 host0 systemd[1]: Reached target Basic System.
May  8 08:12:02 host0 systemd[1]: Finished dracut initqueue hook.
May  8 08:12:02 host0 systemd[1]: Reached target Preparation for Remote File Systems.
May  8 08:12:02 host0 systemd[1]: Reached target Remote File Systems.
May  8 08:12:02 host0 systemd[1]: Starting dracut pre-mount hook...
May  8 08:12:02 host0 systemd[1]: Finished dracut pre-mount hook.
May  8 08:12:02 host0 systemd[1]: Starting File System Check on /dev/mapper/root_vg-lv_root...
May  8 08:12:02 host0 systemd-fsck[563]: lv_root: recovering journal
May  8 08:12:02 host0 systemd-fsck[563]: lv_root: clean, 67218/584064 files, 915787/2332672 blocks
May  8 08:12:02 host0 systemd[1]: Finished File System Check on /dev/mapper/root_vg-lv_root.
May  8 08:12:02 host0 systemd[1]: Mounting /sysroot...
May  8 08:12:02 host0 kernel: EXT4-fs (dm-0): mounted filesystem with ordered data mode. Quota mode: none.
May  8 08:12:02 host0 systemd[1]: Mounted /sysroot.
May  8 08:12:02 host0 systemd[1]: Reached target Initrd Root File System.
May  8 08:12:02 host0 systemd[1]: Starting Mountpoints Configured in the Real Root...
May  8 08:12:02 host0 systemd[1]: initrd-parse-etc.service: Deactivated successfully.
May  8 08:12:02 host0 systemd[1]: Finished Mountpoints Configured in the Real Root.
May  8 08:12:02 host0 systemd[1]: Reached target Initrd File Systems.
May  8 08:12:02 host0 systemd[1]: Reached target Initrd Default Target.
May  8 08:12:02 host0 systemd[1]: dracut mount hook was skipped because no trigger condition checks were met.
May  8 08:12:02 host0 systemd[1]: Starting dracut pre-pivot and cleanup hook...
May  8 08:12:02 host0 systemd[1]: Finished dracut pre-pivot and cleanup hook.
May  8 08:12:02 host0 systemd[1]: Starting Cleaning Up and Shutting Down Daemons...
May  8 08:12:02 host0 systemd[1]: Stopped target Network.
May  8 08:12:02 host0 systemd[1]: Stopped target Timer Units.
May  8 08:12:02 host0 systemd[1]: dbus.socket: Deactivated successfully.
May  8 08:12:02 host0 systemd[1]: Closed D-Bus System Message Bus Socket.
May  8 08:12:02 host0 systemd[1]: dracut-pre-pivot.service: Deactivated successfully.
May  8 08:12:02 host0 systemd[1]: Stopped dracut pre-pivot and cleanup hook.
May  8 08:12:02 host0 systemd[1]: Stopped target Initrd Default Target.
May  8 08:12:02 host0 systemd[1]: Stopped target Basic System.
May  8 08:12:02 host0 systemd[1]: Stopped target Initrd Root Device.
May  8 08:12:02 host0 systemd[1]: Stopped target Initrd /usr File System.
May  8 08:12:02 host0 systemd[1]: Stopped target Path Units.
May  8 08:12:02 host0 systemd[1]: Stopped target Remote File Systems.
May  8 08:12:02 host0 systemd[1]: Stopped target Preparation for Remote File Systems.
May  8 08:12:02 host0 systemd[1]: Stopped target Slice Units.
May  8 08:12:02 host0 systemd[1]: Stopped target Socket Units.
May  8 08:12:02 host0 systemd[1]: Stopped target System Initialization.
May  8 08:12:02 host0 systemd[1]: Stopped target Local File Systems.
May  8 08:12:02 host0 systemd[1]: Stopped target Preparation for Local File Systems.
May  8 08:12:02 host0 systemd[1]: Stopped target Swaps.
May  8 08:12:02 host0 systemd[1]: dracut-pre-mount.service: Deactivated successfully.
May  8 08:12:02 host0 systemd[1]: Stopped dracut pre-mount hook.
May  8 08:12:02 host0 systemd[1]: dracut-initqueue.service: Deactivated successfully.
May  8 08:12:02 host0 systemd[1]: Stopped dracut initqueue hook.
May  8 08:12:02 host0 systemd[1]: Starting Plymouth switch root service...
May  8 08:12:02 host0 systemd[1]: systemd-sysctl.service: Deactivated successfully.
May  8 08:12:02 host0 systemd[1]: Stopped Apply Kernel Variables.
May  8 08:12:02 host0 systemd[1]: systemd-modules-load.service: Deactivated successfully.
May  8 08:12:02 host0 systemd[1]: Stopped Load Kernel Modules.
May  8 08:12:02 host0 systemd[1]: systemd-tmpfiles-setup.service: Deactivated successfully.
May  8 08:12:02 host0 systemd[1]: Stopped Create Volatile Files and Directories.
May  8 08:12:02 host0 systemd[1]: systemd-udev-trigger.service: Deactivated successfully.
May  8 08:12:02 host0 systemd[1]: Stopped Coldplug All udev Devices.
May  8 08:12:02 host0 systemd[1]: Stopping Rule-based Manager for Device Events and Files...
May  8 08:12:02 host0 systemd[1]: run-credentials-systemd\x2dtmpfiles\x2dsetup.service.mount: Deactivated successfully.
May  8 08:12:02 host0 systemd[1]: run-credentials-systemd\x2dsysctl.service.mount: Deactivated successfully.
May  8 08:12:02 host0 systemd[1]: initrd-cleanup.service: Deactivated successfully.
May  8 08:12:02 host0 systemd[1]: Finished Cleaning Up and Shutting Down Daemons.
May  8 08:12:02 host0 systemd[1]: systemd-udevd.service: Deactivated successfully.
May  8 08:12:02 host0 systemd[1]: Stopped Rule-based Manager for Device Events and Files.
May  8 08:12:02 host0 systemd[1]: systemd-udevd-control.socket: Deactivated successfully.
May  8 08:12:02 host0 systemd[1]: Closed udev Control Socket.
May  8 08:12:02 host0 systemd[1]: systemd-udevd-kernel.socket: Deactivated successfully.
May  8 08:12:02 host0 systemd[1]: Closed udev Kernel Socket.
May  8 08:12:02 host0 systemd[1]: dracut-pre-udev.service: Deactivated successfully.
May  8 08:12:02 host0 systemd[1]: Stopped dracut pre-udev hook.
May  8 08:12:02 host0 systemd[1]: dracut-cmdline.service: Deactivated successfully.
May  8 08:12:02 host0 systemd[1]: Stopped dracut cmdline hook.
May  8 08:12:02 host0 systemd[1]: Starting Cleanup udev Database...
May  8 08:12:02 host0 systemd[1]: systemd-tmpfiles-setup-dev.service: Deactivated successfully.
May  8 08:12:02 host0 systemd[1]: Stopped Create Static Device Nodes in /dev.
May  8 08:12:02 host0 systemd[1]: kmod-static-nodes.service: Deactivated successfully.
May  8 08:12:02 host0 systemd[1]: Stopped Create List of Static Device Nodes.
May  8 08:12:02 host0 systemd[1]: systemd-sysusers.service: Deactivated successfully.
May  8 08:12:02 host0 systemd[1]: Stopped Create System Users.
May  8 08:12:02 host0 systemd[1]: initrd-udevadm-cleanup-db.service: Deactivated successfully.
May  8 08:12:02 host0 systemd[1]: Finished Cleanup udev Database.
May  8 08:12:02 host0 systemd[1]: Reached target Switch Root.
May  8 08:12:02 host0 systemd[1]: Finished Plymouth switch root service.
May  8 08:12:02 host0 systemd[1]: Starting Switch Root...
May  8 08:12:02 host0 systemd[1]: Switching root.
May  8 08:12:02 host0 systemd-journald[260]: Journal stopped
May  8 08:12:03 host0 systemd-journald: Received SIGTERM from PID 1 (systemd).
May  8 08:12:03 host0 kernel: audit: type=1404 audit(1715170322.938:2): enforcing=1 old_enforcing=0 auid=4294967295 ses=4294967295 enabled=1 old-enabled=1 lsm=selinux res=1
May  8 08:12:03 host0 kernel: SELinux:  policy capability network_peer_controls=1
May  8 08:12:03 host0 kernel: SELinux:  policy capability open_perms=1
May  8 08:12:03 host0 kernel: SELinux:  policy capability extended_socket_class=1
May  8 08:12:03 host0 kernel: SELinux:  policy capability always_check_network=0
May  8 08:12:03 host0 kernel: SELinux:  policy capability cgroup_seclabel=1
May  8 08:12:03 host0 kernel: SELinux:  policy capability nnp_nosuid_transition=1
May  8 08:12:03 host0 kernel: SELinux:  policy capability genfs_seclabel_symlinks=1
May  8 08:12:03 host0 kernel: audit: type=1403 audit(1715170323.014:3): auid=4294967295 ses=4294967295 lsm=selinux res=1
May  8 08:12:03 host0 systemd: Successfully loaded SELinux policy in 88.837ms.
May  8 08:12:03 host0 systemd: Relabelled /dev, /dev/shm, /run, /sys/fs/cgroup in 32.637ms.
May  8 08:12:03 host0 systemd: systemd 252-18.el9 running in system mode (+PAM +AUDIT +SELINUX -APPARMOR +IMA +SMACK +SECCOMP +GCRYPT +GNUTLS +OPENSSL +ACL +BLKID +CURL +ELFUTILS -FIDO2 +IDN2 -IDN -IPTC +KMOD +LIBCRYPTSETUP +LIBFDISK +PCRE2 -PWQUALITY +P11KIT -QRENCODE +TPM2 +BZIP2 +LZ4 +XZ +ZLIB +ZSTD -BPF_FRAMEWORK +XKBCOMMON +UTMP +SYSVINIT default-hierarchy=unified)
May  8 08:12:03 host0 systemd: Detected virtualization kvm.
May  8 08:12:03 host0 systemd: Detected architecture x86-64.
May  8 08:12:03 host0 systemd-rc-local-generator: /etc/rc.d/rc.local is not marked executable, skipping.
May  8 08:12:03 host0 systemd: initrd-switch-root.service: Deactivated successfully.
May  8 08:12:03 host0 systemd: Stopped Switch Root.
May  8 08:12:03 host0 systemd: systemd-journald.service: Scheduled restart job, restart counter is at 1.
May  8 08:12:03 host0 systemd: Created slice Slice /system/getty.
May  8 08:12:03 host0 systemd: Created slice Slice /system/modprobe.
May  8 08:12:03 host0 systemd: Created slice Slice /system/sshd-keygen.
May  8 08:12:03 host0 systemd: Created slice Slice /system/systemd-fsck.
May  8 08:12:03 host0 systemd: Created slice User and Session Slice.
May  8 08:12:03 host0 systemd: Dispatch Password Requests to Console Directory Watch was skipped because of an unmet condition check (ConditionPathExists=!/run/plymouth/pid).
May  8 08:12:03 host0 systemd: Started Forward Password Requests to Wall Directory Watch.
May  8 08:12:03 host0 systemd: Set up automount Arbitrary Executable File Formats File System Automount Point.
May  8 08:12:03 host0 systemd: Reached target Local Encrypted Volumes.
May  8 08:12:03 host0 systemd: Stopped target Switch Root.
May  8 08:12:03 host0 systemd: Stopped target Initrd File Systems.
May  8 08:12:03 host0 systemd: Stopped target Initrd Root File System.
May  8 08:12:03 host0 systemd: Reached target Local Integrity Protected Volumes.
May  8 08:12:03 host0 systemd: Reached target Slice Units.
May  8 08:12:03 host0 systemd: Reached target Local Verity Protected Volumes.
May  8 08:12:03 host0 systemd: Listening on Device-mapper event daemon FIFOs.
May  8 08:12:03 host0 systemd: Listening on LVM2 poll daemon socket.
May  8 08:12:03 host0 systemd: multipathd control socket was skipped because of an unmet condition check (ConditionPathExists=/etc/multipath.conf).
May  8 08:12:03 host0 systemd: Listening on Process Core Dump Socket.
May  8 08:12:03 host0 systemd: Listening on initctl Compatibility Named Pipe.
May  8 08:12:03 host0 systemd: Listening on udev Control Socket.
May  8 08:12:03 host0 systemd: Listening on udev Kernel Socket.
May  8 08:12:03 host0 systemd: Activating swap /dev/mapper/root_vg-lv_swap...
May  8 08:12:03 host0 systemd: Mounting Huge Pages File System...
May  8 08:12:03 host0 systemd: Mounting POSIX Message Queue File System...
May  8 08:12:03 host0 systemd: Mounting Kernel Debug File System...
May  8 08:12:03 host0 kernel: Adding 102396k swap on /dev/mapper/root_vg-lv_swap.  Priority:-2 extents:1 across:102396k FS
May  8 08:12:03 host0 systemd: Mounting Kernel Trace File System...
May  8 08:12:03 host0 systemd: Starting Create List of Static Device Nodes...
May  8 08:12:03 host0 systemd: Starting Monitoring of LVM2 mirrors, snapshots etc. using dmeventd or progress polling...
May  8 08:12:03 host0 systemd: Starting Load Kernel Module configfs...
May  8 08:12:03 host0 systemd: Starting Load Kernel Module drm...
May  8 08:12:03 host0 systemd: Starting Load Kernel Module fuse...
May  8 08:12:03 host0 systemd: Starting Read and set NIS dohost1name from /etc/sysconfig/network...
May  8 08:12:03 host0 systemd: plymouth-switch-root.service: Deactivated successfully.
May  8 08:12:03 host0 systemd: Stopped Plymouth switch root service.
May  8 08:12:03 host0 systemd: Stopped Journal Service.
May  8 08:12:03 host0 systemd: Starting Journal Service...
May  8 08:12:03 host0 systemd: Starting Load Kernel Modules...
May  8 08:12:03 host0 systemd: Starting Generate network units from Kernel command line...
May  8 08:12:03 host0 systemd: Starting Remount Root and Kernel File Systems...
May  8 08:12:03 host0 systemd: Repartition Root Disk was skipped because no trigger condition checks were met.
May  8 08:12:03 host0 systemd: Starting Coldplug All udev Devices...
May  8 08:12:03 host0 systemd: Activated swap /dev/mapper/root_vg-lv_swap.
May  8 08:12:03 host0 systemd: Mounted Huge Pages File System.
May  8 08:12:03 host0 systemd: Mounted POSIX Message Queue File System.
May  8 08:12:03 host0 systemd: Mounted Kernel Debug File System.
May  8 08:12:03 host0 systemd: Mounted Kernel Trace File System.
May  8 08:12:03 host0 systemd: Finished Create List of Static Device Nodes.
May  8 08:12:03 host0 systemd: modprobe@configfs.service: Deactivated successfully.
May  8 08:12:03 host0 systemd: Finished Load Kernel Module configfs.
May  8 08:12:03 host0 systemd: modprobe@drm.service: Deactivated successfully.
May  8 08:12:03 host0 systemd: Finished Load Kernel Module drm.
May  8 08:12:03 host0 systemd: modprobe@fuse.service: Deactivated successfully.
May  8 08:12:03 host0 systemd: Finished Load Kernel Module fuse.
May  8 08:12:03 host0 systemd: Finished Read and set NIS dohost1name from /etc/sysconfig/network.
May  8 08:12:03 host0 systemd: Reached target Swaps.
May  8 08:12:03 host0 systemd: Mounting FUSE Control File System...
May  8 08:12:03 host0 systemd: Mounting Kernel Configuration File System...
May  8 08:12:03 host0 systemd: tmp.mount: Directory /tmp to mount over is not empty, mounting anyway.
May  8 08:12:03 host0 systemd: Mounting Temporary Directory /tmp...
May  8 08:12:03 host0 systemd: Finished Load Kernel Modules.
May  8 08:12:03 host0 systemd: Finished Generate network units from Kernel command line.
May  8 08:12:03 host0 systemd: Mounted FUSE Control File System.
May  8 08:12:03 host0 systemd: Mounted Kernel Configuration File System.
May  8 08:12:03 host0 systemd: Mounted Temporary Directory /tmp.
May  8 08:12:03 host0 systemd: Starting Apply Kernel Variables...
May  8 08:12:03 host0 kernel: EXT4-fs (dm-0): re-mounted. Quota mode: none.
May  8 08:12:03 host0 systemd: Finished Apply Kernel Variables.
May  8 08:12:03 host0 systemd: Finished Remount Root and Kernel File Systems.
May  8 08:12:03 host0 systemd: Special handling of early boot iSCSI sessions was skipped because of an unmet condition check (ConditionDirectoryNotEmpty=/sys/class/iscsi_session).
May  8 08:12:03 host0 systemd: First Boot Wizard was skipped because of an unmet condition check (ConditionFirstBoot=yes).
May  8 08:12:03 host0 systemd: Rebuild Hardware Database was skipped because of an unmet condition check (ConditionNeedsUpdate=/etc).
May  8 08:12:03 host0 systemd-journald[639]: Journal started
May  8 08:12:03 host0 systemd-journald[639]: Runtime Journal (/run/log/journal/9d450dda0eb545b4851a4dc8aa51f0de) is 8.0M, max 153.4M, 145.4M free.
May  8 08:12:03 host0 systemd[1]: Queued start job for default target Multi-User System.
May  8 08:12:03 host0 systemd: Starting Load/Save Random Seed...
May  8 08:12:03 host0 systemd: Create System Users was skipped because no trigger condition checks were met.
May  8 08:12:03 host0 systemd: Starting Create Static Device Nodes in /dev...
May  8 08:12:03 host0 systemd: Started Journal Service.
May  8 08:12:03 host0 systemd[1]: systemd-journald.service: Deactivated successfully.
May  8 08:12:03 host0 systemd[1]: Starting Flush Journal to Persistent Storage...
May  8 08:12:03 host0 systemd-journald[639]: Time spent on flushing to /var/log/journal/9d450dda0eb545b4851a4dc8aa51f0de is 36.339ms for 912 entries.
May  8 08:12:03 host0 systemd-journald[639]: System Journal (/var/log/journal/9d450dda0eb545b4851a4dc8aa51f0de) is 120.0M, max 886.8M, 766.7M free.
May  8 08:12:03 host0 systemd-journald[639]: Received client request to flush runtime journal.
May  8 08:12:03 host0 lvm[634]:  2 logical volume(s) in volume group "root_vg" monitored
May  8 08:12:03 host0 systemd[1]: Finished Load/Save Random Seed.
May  8 08:12:03 host0 systemd[1]: First Boot Complete was skipped because of an unmet condition check (ConditionFirstBoot=yes).
May  8 08:12:03 host0 systemd[1]: Finished Monitoring of LVM2 mirrors, snapshots etc. using dmeventd or progress polling.
May  8 08:12:03 host0 systemd[1]: Finished Create Static Device Nodes in /dev.
May  8 08:12:03 host0 systemd[1]: Starting Rule-based Manager for Device Events and Files...
May  8 08:12:03 host0 systemd[1]: Finished Coldplug All udev Devices.
May  8 08:12:03 host0 systemd[1]: Starting Wait for udev To Complete Device Initialization...
May  8 08:12:03 host0 systemd-udevd[655]: Using default interface naming scheme 'rhel-9.0'.
May  8 08:12:03 host0 systemd[1]: Started Rule-based Manager for Device Events and Files.
May  8 08:12:03 host0 systemd[1]: Auto-connect to subsystems on FC-NVME devices found during boot was skipped because of an unmet condition check (ConditionPathExists=/sys/class/fc/fc_udev_device/nvme_discovery).
May  8 08:12:03 host0 systemd[1]: Finished Flush Journal to Persistent Storage.
May  8 08:12:03 host0 udevadm[656]: systemd-udev-settle.service is deprecated. Please fix multipathd.service not to pull it in.
May  8 08:12:03 host0 systemd[1]: Starting Load Kernel Module configfs...
May  8 08:12:03 host0 systemd[1]: modprobe@configfs.service: Deactivated successfully.
May  8 08:12:03 host0 systemd[1]: Finished Load Kernel Module configfs.
May  8 08:12:03 host0 systemd[1]: Starting Load Kernel Module fuse...
May  8 08:12:03 host0 systemd[1]: modprobe@fuse.service: Deactivated successfully.
May  8 08:12:03 host0 systemd[1]: Finished Load Kernel Module fuse.
May  8 08:12:03 host0 systemd[1]: Condition check resulted in /dev/disk/by-uuid/6253:4f:53:99:54:0247767a441d being skipped.
May  8 08:12:03 host0 lvm[686]: PV /dev/vda2 online, VG root_vg is complete.
May  8 08:12:03 host0 systemd[1]: Started /usr/sbin/lvm vgchange -aay --autoactivation event root_vg.
May  8 08:12:03 host0 lvm[692]:  2 logical volume(s) in volume group "root_vg" now active
May  8 08:12:03 host0 systemd[1]: Condition check resulted in /dev/virtio-ports/org.qemu.guest_agent.0 being skipped.
May  8 08:12:03 host0 kernel: lpc_ich 0000:00:1f.0: I/O space for GPIO uninitialized
May  8 08:12:03 host0 systemd[1]: Dispatch Password Requests to Console Directory Watch was skipped because of an unmet condition check (ConditionPathExists=!/run/plymouth/pid).
May  8 08:12:03 host0 systemd[1]: Special handling of early boot iSCSI sessions was skipped because of an unmet condition check (ConditionDirectoryNotEmpty=/sys/class/iscsi_session).
May  8 08:12:03 host0 systemd[1]: First Boot Wizard was skipped because of an unmet condition check (ConditionFirstBoot=yes).
May  8 08:12:03 host0 systemd[1]: First Boot Complete was skipped because of an unmet condition check (ConditionFirstBoot=yes).
May  8 08:12:03 host0 systemd[1]: Rebuild Hardware Database was skipped because of an unmet condition check (ConditionNeedsUpdate=/etc).
May  8 08:12:03 host0 systemd[1]: Repartition Root Disk was skipped because no trigger condition checks were met.
May  8 08:12:03 host0 systemd[1]: Create System Users was skipped because no trigger condition checks were met.
May  8 08:12:03 host0 systemd[1]: lvm-activate-root_vg.service: Deactivated successfully.
May  8 08:12:03 host0 kernel: i801_smbus 0000:00:1f.3: SMBus using PCI interrupt
May  8 08:12:03 host0 kernel: i2c i2c-0: 1/1 memory slots populated (from DMI)
May  8 08:12:03 host0 kernel: i2c i2c-0: Memory type 0x07 not supported yet, not instantiating SPD
May  8 08:12:03 host0 kernel: input: PC Speaker as /devices/platform/pcspkr/input/input5
May  8 08:12:03 host0 kernel: iTCO_vendor_support: vendor-support=0
May  8 08:12:03 host0 kernel: iTCO_wdt iTCO_wdt.1.auto: Found a ICH9 TCO device (Version=2, TCOBASE=0x0660)
May  8 08:12:03 host0 kernel: iTCO_wdt iTCO_wdt.1.auto: initialized. heartbeat=30 sec (nowayout=0)
May  8 08:12:03 host0 systemd[1]: Finished Wait for udev To Complete Device Initialization.
May  8 08:12:03 host0 systemd[1]: Device-Mapper Multipath Device Controller was skipped because of an unmet condition check (ConditionPathExists=/etc/multipath.conf).
May  8 08:12:03 host0 systemd[1]: Reached target Preparation for Local File Systems.
May  8 08:12:03 host0 systemd[1]: Starting File System Check on /dev/disk/by-uuid/6253:4f:53:99:54:0247767a441d...
May  8 08:12:03 host0 systemd-fsck[714]: boot: recovering journal
May  8 08:12:03 host0 systemd-fsck[714]: boot: clean, 382/65536 files, 102708/262144 blocks
May  8 08:12:03 host0 systemd[1]: Finished File System Check on /dev/disk/by-uuid/6253:4f:53:99:54:0247767a441d.
May  8 08:12:04 host0 systemd[1]: Mounting /boot...
May  8 08:12:04 host0 kernel: EXT4-fs (vda1): mounted filesystem with ordered data mode. Quota mode: none.
May  8 08:12:04 host0 systemd[1]: Mounted /boot.
May  8 08:12:04 host0 systemd[1]: Reached target Local File Systems.
May  8 08:12:04 host0 systemd[1]: Rebuild Dynamic Linker Cache was skipped because no trigger condition checks were met.
May  8 08:12:04 host0 systemd[1]: Starting Tell Plymouth To Write Out Runtime Data...
May  8 08:12:04 host0 systemd[1]: Mark the need to relabel after reboot was skipped because of an unmet condition check (ConditionSecurity=!selinux).
May  8 08:12:04 host0 systemd[1]: Set Up Additional Binary Formats was skipped because no trigger condition checks were met.
May  8 08:12:04 host0 systemd[1]: Store a System Token in an EFI Variable was skipped because of an unmet condition check (ConditionPathExists=/sys/firmware/efi/efivars/LoaderFeatures-4a53:4f:53:38:93:940b29bb8c4f).
May  8 08:12:04 host0 systemd[1]: Commit a transient machine-id on disk was skipped because of an unmet condition check (ConditionPathIsMountPoint=/etc/machine-id).
May  8 08:12:04 host0 systemd[1]: Starting Create Volatile Files and Directories...
May  8 08:12:04 host0 systemd[1]: Received SIGRTMIN+20 from PID 403 (plymouthd).
May  8 08:12:04 host0 systemd[1]: Finished Tell Plymouth To Write Out Runtime Data.
May  8 08:12:04 host0 systemd[1]: Finished Create Volatile Files and Directories.
May  8 08:12:04 host0 systemd[1]: Starting Security Auditing Service...
May  8 08:12:04 host0 systemd[1]: Rebuild Journal Catalog was skipped because of an unmet condition check (ConditionNeedsUpdate=/var).
May  8 08:12:04 host0 systemd[1]: Update is Completed was skipped because no trigger condition checks were met.
May  8 08:12:04 host0 auditd[722]: audit dispatcher initialized with q_depth=1200 and 1 active plugins
May  8 08:12:04 host0 auditd[722]: Init complete, auditd 3.0.7 listening for events (startup state enable)
May  8 08:12:04 host0 augenrules[727]: /sbin/augenrules: No change
May  8 08:12:04 host0 augenrules[737]: No rules
May  8 08:12:04 host0 augenrules[737]: enabled 1
May  8 08:12:04 host0 augenrules[737]: failure 1
May  8 08:12:04 host0 augenrules[737]: pid 722
May  8 08:12:04 host0 augenrules[737]: rate_limit 0
May  8 08:12:04 host0 augenrules[737]: backlog_limit 8192
May  8 08:12:04 host0 augenrules[737]: lost 0
May  8 08:12:04 host0 augenrules[737]: backlog 0
May  8 08:12:04 host0 augenrules[737]: backlog_wait_time 60000
May  8 08:12:04 host0 augenrules[737]: backlog_wait_time_actual 0
May  8 08:12:04 host0 augenrules[737]: enabled 1
May  8 08:12:04 host0 augenrules[737]: failure 1
May  8 08:12:04 host0 augenrules[737]: pid 722
May  8 08:12:04 host0 augenrules[737]: rate_limit 0
May  8 08:12:04 host0 augenrules[737]: backlog_limit 8192
May  8 08:12:04 host0 augenrules[737]: lost 0
May  8 08:12:04 host0 augenrules[737]: backlog 0
May  8 08:12:04 host0 augenrules[737]: backlog_wait_time 60000
May  8 08:12:04 host0 augenrules[737]: backlog_wait_time_actual 0
May  8 08:12:04 host0 augenrules[737]: enabled 1
May  8 08:12:04 host0 augenrules[737]: failure 1
May  8 08:12:04 host0 augenrules[737]: pid 722
May  8 08:12:04 host0 augenrules[737]: rate_limit 0
May  8 08:12:04 host0 augenrules[737]: backlog_limit 8192
May  8 08:12:04 host0 augenrules[737]: lost 0
May  8 08:12:04 host0 augenrules[737]: backlog 0
May  8 08:12:04 host0 augenrules[737]: backlog_wait_time 60000
May  8 08:12:04 host0 augenrules[737]: backlog_wait_time_actual 0
May  8 08:12:04 host0 systemd[1]: Started Security Auditing Service.
May  8 08:12:04 host0 systemd[1]: Starting Record System Boot/Shutdown in UTMP...
May  8 08:12:04 host0 systemd[1]: Finished Record System Boot/Shutdown in UTMP.
May  8 08:12:04 host0 systemd[1]: Reached target System Initialization.
May  8 08:12:04 host0 systemd[1]: Started Monitor /etc/insights-client/.lastupload for modifications.
May  8 08:12:04 host0 systemd[1]: Started dnf makecache --timer.
May  8 08:12:04 host0 systemd[1]: Started Daily rotation of log files.
May  8 08:12:04 host0 systemd[1]: Started Updates mlocate database every day.
May  8 08:12:04 host0 systemd[1]: Started Daily Cleanup of Temporary Directories.
May  8 08:12:04 host0 systemd[1]: Reached target Path Units.
May  8 08:12:04 host0 systemd[1]: Listening on D-Bus System Message Bus Socket.
May  8 08:12:04 host0 systemd[1]: Listening on Open-iSCSI iscsid Socket.
May  8 08:12:04 host0 systemd[1]: Listening on Open-iSCSI iscsiuio Socket.
May  8 08:12:04 host0 systemd[1]: Listening on SSSD Kerberos Cache Manager responder socket.
May  8 08:12:04 host0 systemd[1]: Reached target Socket Units.
May  8 08:12:04 host0 systemd[1]: Starting D-Bus System Message Bus...
May  8 08:12:04 host0 systemd[1]: TPM2 PCR Barrier (Initialization) was skipped because of an unmet condition check (ConditionPathExists=/sys/firmware/efi/efivars/StubPcrKernelImage-4a53:4f:53:38:93:940b29bb8c4f).
May  8 08:12:04 host0 systemd[1]: Started D-Bus System Message Bus.
May  8 08:12:04 host0 systemd[1]: Reached target Basic System.
May  8 08:12:04 host0 dbus-broker-lau[745]: Ready
May  8 08:12:04 host0 systemd[1]: Starting NTP client/server...
May  8 08:12:04 host0 systemd[1]: Starting Restore /run/initramfs on shutdown...
May  8 08:12:04 host0 systemd[1]: Starting firewalld - dynamic firewall daemon...
May  8 08:12:04 host0 systemd[1]: Started irqbalance daemon.
May  8 08:12:04 host0 systemd[1]: Started libstoragemgmt plug-in server daemon.
May  8 08:12:04 host0 systemd[1]: Started Machine Check Exception Logging Daemon.
May  8 08:12:04 host0 systemd[1]: Software RAID monitoring and management was skipped because of an unmet condition check (ConditionPathExists=/etc/mdadm.conf).
May  8 08:12:04 host0 systemd[1]: Load CPU microcode update was skipped because of an unmet condition check (ConditionPathExists=/sys/devices/system/cpu/microcode/reload).
May  8 08:12:04 host0 systemd[1]: Started QEMU Guest Agent.
May  8 08:12:04 host0 systemd[1]: Self Monitoring and Reporting Technology (SMART) Daemon was skipped because of an unmet condition check (ConditionVirtualization=no).
May  8 08:12:04 host0 systemd[1]: OpenSSH ecdsa Server Key Generation was skipped because no trigger condition checks were met.
May  8 08:12:04 host0 systemd[1]: OpenSSH ed25519 Server Key Generation was skipped because no trigger condition checks were met.
May  8 08:12:04 host0 systemd[1]: OpenSSH rsa Server Key Generation was skipped because no trigger condition checks were met.
May  8 08:12:04 host0 systemd[1]: Reached target sshd-keygen.target.
May  8 08:12:04 host0 systemd[1]: System Security Services Daemon was skipped because no trigger condition checks were met.
May  8 08:12:04 host0 systemd[1]: Reached target User and Group Name Lookups.
May  8 08:12:04 host0 systemd[1]: Starting User Login Management...
May  8 08:12:04 host0 systemd[1]: Starting Rotate log files...
May  8 08:12:04 host0 systemd[1]: Started Update a database for mlocate.
May  8 08:12:04 host0 systemd[1]: Finished Restore /run/initramfs on shutdown.
May  8 08:12:04 host0 mcelog[752]: mcelog: ERROR: AMD Processor family 23: mcelog does not support this processor.  Please use the edac_mce_amd module instead.
May  8 08:12:04 host0 mcelog[752]: CPU is unsupported
May  8 08:12:04 host0 systemd[1]: mcelog.service: host1 process exited, code=exited, status=1/FAILURE
May  8 08:12:04 host0 systemd[1]: mcelog.service: Failed with result 'exit-code'.
May  8 08:12:04 host0 systemd-logind[754]: New seat seat0.
May  8 08:12:04 host0 systemd-logind[754]: Watching system buttons on /dev/input/event0 (Power Button)
May  8 08:12:04 host0 systemd-logind[754]: Watching system buttons on /dev/input/event1 (AT Translated Set 2 keyboard)
May  8 08:12:04 host0 systemd[1]: Started User Login Management.
May  8 08:12:04 host0 chronyd[763]: chronyd version 4.3 starting (+CMDMON +NTP +REFCLOCK +RTC +PRIVDROP +SCFILTER +SIGND +ASYNCDNS +NTS +SECHASH +IPV6 +DEBUG)
May  8 08:12:04 host0 chronyd[763]: Frequency -16.302 +/- 0.019 ppm read from /var/lib/chrony/drift
May  8 08:12:04 host0 chronyd[763]: Using right/UTC timezone to obtain leap second data
May  8 08:12:04 host0 chronyd[763]: Loaded seccomp filter (level 2)
May  8 08:12:04 host0 systemd[1]: Started NTP client/server.
May  8 08:12:04 host0 systemd[1]: logrotate.service: Deactivated successfully.
May  8 08:12:04 host0 systemd[1]: Finished Rotate log files.
May  8 08:12:04 host0 systemd[1]: Started firewalld - dynamic firewall daemon.
May  8 08:12:04 host0 systemd[1]: Reached target Preparation for Network.
May  8 08:12:04 host0 systemd[1]: Starting Network Manager...
May  8 08:12:04 host0 NetworkManager[770]: <info>  [1715170324.7359] NetworkManager (version 1.44.0-3.el9) is starting... (boot:d353:4f:53:60:7d:6eed243a9b30)
May  8 08:12:04 host0 NetworkManager[770]: <info>  [1715170324.7362] Read config: /etc/NetworkManager/NetworkManager.conf (lib: 00-server.conf) (run: 15-carrier-timeout.conf)
May  8 08:12:04 host0 NetworkManager[770]: <info>  [1715170324.7402] manager[0x564af919a080]: monitoring kernel firmware directory '/lib/firmware'.
May  8 08:12:04 host0 systemd[1]: Starting Hostname Service...
May  8 08:12:04 host0 systemd[1]: Started Hostname Service.
May  8 08:12:04 host0 NetworkManager[770]: <info>  [1715170324.7829] hostname: hostname: using hostnamed
May  8 08:12:04 host0 NetworkManager[770]: <info>  [1715170324.7830] hostname: static hostname changed from (none) to "unknown.obfuscateddohost10.com"
May  8 08:12:04 host0 NetworkManager[770]: <info>  [1715170324.7836] dns-mgr: init: dns=default,systemd-resolved rc-manager=symlink (auto)
May  8 08:12:04 host0 NetworkManager[770]: <info>  [1715170324.7892] manager[0x564af919a080]: rfkill: Wi-Fi hardware radio set enabled
May  8 08:12:04 host0 NetworkManager[770]: <info>  [1715170324.7893] manager[0x564af919a080]: rfkill: WWAN hardware radio set enabled
May  8 08:12:04 host0 systemd[1]: Listening on Load/Save RF Kill Switch Status /dev/rfkill Watch.
May  8 08:12:04 host0 NetworkManager[770]: <info>  [1715170324.7929] Loaded device plugin: NMTeamFactory (/usr/lib64/NetworkManager/1.44.0-3.el9/libnm-device-plugin-team.so)
May  8 08:12:04 host0 NetworkManager[770]: <info>  [1715170324.7929] manager: rfkill: Wi-Fi enabled by radio killswitch; enabled by state file
May  8 08:12:04 host0 NetworkManager[770]: <info>  [1715170324.7932] manager: rfkill: WWAN enabled by radio killswitch; enabled by state file
May  8 08:12:04 host0 NetworkManager[770]: <info>  [1715170324.7933] manager: Networking is enabled by state file
May  8 08:12:04 host0 NetworkManager[770]: <info>  [1715170324.7938] settings: Loaded settings plugin: keyfile (internal)
May  8 08:12:04 host0 NetworkManager[770]: <info>  [1715170324.7949] settings: Loaded settings plugin: ifcfg-rh ("/usr/lib64/NetworkManager/1.44.0-3.el9/libnm-settings-plugin-ifcfg-rh.so")
May  8 08:12:04 host0 systemd[1]: Starting Network Manager Script Dispatcher Service...
May  8 08:12:04 host0 NetworkManager[770]: <info>  [1715170324.7966] dhcp: init: Using DHCP client 'internal'
May  8 08:12:04 host0 NetworkManager[770]: <info>  [1715170324.7969] manager: (lo): new Loopback device (/org/freedesktop/NetworkManager/Devices/1)
May  8 08:12:04 host0 NetworkManager[770]: <info>  [1715170324.7984] device (lo): state change: unmanaged -> unavailable (reason 'connection-assumed', sys-iface-state: 'external')
May  8 08:12:04 host0 NetworkManager[770]: <info>  [1715170324.8003] device (lo): state change: unavailable -> disconnected (reason 'connection-assumed', sys-iface-state: 'external')
May  8 08:12:04 host0 NetworkManager[770]: <info>  [1715170324.8018] device (lo): Activation: starting connection 'lo' (f253:4f:53:44:53:3e060fa0fd68)
May  8 08:12:04 host0 NetworkManager[770]: <info>  [1715170324.8028] manager: (enp1s0): new Ethernet device (/org/freedesktop/NetworkManager/Devices/2)
May  8 08:12:04 host0 systemd[1]: Started Network Manager Script Dispatcher Service.
May  8 08:12:04 host0 NetworkManager[770]: <info>  [1715170324.8039] device (enp1s0): state change: unmanaged -> unavailable (reason 'managed', sys-iface-state: 'external')
May  8 08:12:04 host0 systemd[1]: Started Network Manager.
May  8 08:12:04 host0 systemd[1]: Reached target Network.
May  8 08:12:04 host0 NetworkManager[770]: <info>  [1715170324.8064] bus-manager: acquired D-Bus service "org.freedesktop.NetworkManager"
May  8 08:12:04 host0 systemd[1]: Starting Network Manager Wait Online...
May  8 08:12:04 host0 NetworkManager[770]: <info>  [1715170324.8071] device (lo): state change: disconnected -> prepare (reason 'none', sys-iface-state: 'external')
May  8 08:12:04 host0 systemd[1]: Starting Enable periodic update of entitlement certificates....
May  8 08:12:04 host0 NetworkManager[770]: <info>  [1715170324.8086] device (lo): state change: prepare -> config (reason 'none', sys-iface-state: 'external')
May  8 08:12:04 host0 NetworkManager[770]: <info>  [1715170324.8087] device (lo): state change: config -> ip-config (reason 'none', sys-iface-state: 'external')
May  8 08:12:04 host0 systemd[1]: Starting OpenSSH server daemon...
May  8 08:12:04 host0 systemd[1]: Started Enable periodic update of entitlement certificates..
May  8 08:12:04 host0 NetworkManager[770]: <info>  [1715170324.8107] device (enp1s0): carrier: link connected
May  8 08:12:04 host0 NetworkManager[770]: <info>  [1715170324.8129] device (lo): state change: ip-config -> ip-check (reason 'none', sys-iface-state: 'external')
May  8 08:12:04 host0 NetworkManager[770]: <info>  [1715170324.8140] device (enp1s0): state change: unavailable -> disconnected (reason 'carrier-changed', sys-iface-state: 'managed')
May  8 08:12:04 host0 NetworkManager[770]: <info>  [1715170324.8155] policy: auto-activating connection 'enp1s0' (9f53:4f:53:4f:2f:1a607688246d)
May  8 08:12:04 host0 NetworkManager[770]: <info>  [1715170324.8161] device (enp1s0): Activation: starting connection 'enp1s0' (9f53:4f:53:4f:2f:1a607688246d)
May  8 08:12:04 host0 NetworkManager[770]: <info>  [1715170324.8161] device (enp1s0): state change: disconnected -> prepare (reason 'none', sys-iface-state: 'managed')
May  8 08:12:04 host0 NetworkManager[770]: <info>  [1715170324.8162] manager: NetworkManager state is now CONNECTING
May  8 08:12:04 host0 NetworkManager[770]: <info>  [1715170324.8169] device (enp1s0): state change: prepare -> config (reason 'none', sys-iface-state: 'managed')
May  8 08:12:04 host0 NetworkManager[770]: <info>  [1715170324.8185] device (lo): state change: ip-check -> secondaries (reason 'none', sys-iface-state: 'external')
May  8 08:12:04 host0 NetworkManager[770]: <info>  [1715170324.8188] device (lo): state change: secondaries -> activated (reason 'none', sys-iface-state: 'external')
May  8 08:12:04 host0 NetworkManager[770]: <info>  [1715170324.8203] device (lo): Activation: successful, device activated.
May  8 08:12:04 host0 systemd[1]: Started OpenSSH server daemon.
May  8 08:12:04 host0 systemd[1]: mlocate-updatedb.service: Deactivated successfully.
May  8 08:12:05 host0 systemd[1]: Starting Authorization Manager...
May  8 08:12:05 host0 polkitd[857]: Started polkitd version 0.117
May  8 08:12:05 host0 systemd[1]: Started Authorization Manager.
May  8 08:12:05 host0 NetworkManager[770]: <info>  [1715170325.1814] device (enp1s0): state change: config -> ip-config (reason 'none', sys-iface-state: 'managed')
May  8 08:12:05 host0 NetworkManager[770]: <info>  [1715170325.1823] dhcp4 (enp1s0): activation: beginning transaction (timeout in 45 seconds)
May  8 08:12:05 host0 NetworkManager[770]: <info>  [1715170325.1970] dhcp4 (enp1s0): state changed new lease, address=100.0.0.1
May  8 08:12:05 host0 NetworkManager[770]: <info>  [1715170325.1972] policy: set 'enp1s0' (enp1s0) as default for IPv4 routing and DNS
May  8 08:12:05 host0 NetworkManager[770]: <info>  [1715170325.2059] device (enp1s0): state change: ip-config -> ip-check (reason 'none', sys-iface-state: 'managed')
May  8 08:12:05 host0 NetworkManager[770]: <info>  [1715170325.2079] device (enp1s0): state change: ip-check -> secondaries (reason 'none', sys-iface-state: 'managed')
May  8 08:12:05 host0 NetworkManager[770]: <info>  [1715170325.2082] device (enp1s0): state change: secondaries -> activated (reason 'none', sys-iface-state: 'managed')
May  8 08:12:05 host0 NetworkManager[770]: <info>  [1715170325.2085] manager: NetworkManager state is now CONNECTED_SITE
May  8 08:12:05 host0 NetworkManager[770]: <info>  [1715170325.2097] device (enp1s0): Activation: successful, device activated.
May  8 08:12:05 host0 NetworkManager[770]: <info>  [1715170325.2109] manager: NetworkManager state is now CONNECTED_GLOBAL
May  8 08:12:05 host0 NetworkManager[770]: <info>  [1715170325.2111] manager: startup complete
May  8 08:12:05 host0 systemd[1]: Finished Network Manager Wait Online.
May  8 08:12:05 host0 systemd[1]: Reached target Network is Online.
May  8 08:12:05 host0 systemd[1]: Started Insights Client Timer Task.
May  8 08:12:05 host0 systemd[1]: Reached target Timer Units.
May  8 08:12:05 host0 systemd[1]: Run Insights Client at boot was skipped because of an unmet condition check (ConditionPathExists=/etc/insights-client/.run_insights_client_next_boot).
May  8 08:12:05 host0 systemd[1]: Login and scanning of iSCSI devices was skipped because of an unmet condition check (ConditionDirectoryNotEmpty=/var/lib/iscsi/nodes).
May  8 08:12:05 host0 systemd[1]: Reached target Preparation for Remote File Systems.
May  8 08:12:05 host0 systemd[1]: Reached target Remote File Systems.
May  8 08:12:05 host0 systemd[1]: Starting Crash recovery kernel arming...
May  8 08:12:05 host0 systemd[1]: Starting System Logging Service...
May  8 08:12:05 host0 systemd[1]: TPM2 PCR Barrier (User) was skipped because of an unmet condition check (ConditionPathExists=/sys/firmware/efi/efivars/StubPcrKernelImage-4a53:4f:53:38:93:940b29bb8c4f).
May  8 08:12:05 host0 systemd[1]: Starting Permit User Sessions...
May  8 08:12:05 host0 systemd[1]: Finished Permit User Sessions.
May  8 08:12:05 host0 systemd[1]: Started Deferred execution scheduler.
May  8 08:12:05 host0 systemd[1]: Started Command Scheduler.
May  8 08:12:05 host0 systemd[1]: Starting Hold until boot process finishes up...
