Apr 24 08:55:49 host0 kernel: Linux version 5.14.0-362.8.1.el9_3.x86_64 (mockbuild@x86-vm-07.build.eng.bos.redhat.com) (gcc (GCC) 11.4.1 20230605 (Red Hat 11.4.1-2), GNU ld version 2.35.2-42.el9) #1 SMP PREEMPT_DYNAMIC Tue Oct 3 11:12:36 EDT 2023
Apr 24 08:55:49 host0 kernel: The list of certified hardware and cloud instances for Red Hat Enterprise Linux 9 can be viewed at the Red Hat Ecosystem Catalog, https://catalog.redhat.com.
Apr 24 08:55:49 host0 kernel: Command line: BOOT_IMAGE=(hd0,msdos1)/vmlinuz-5.14.0-362.8.1.el9_3.x86_64 root=/dev/mapper/root_vg-lv_root ro crashkernel=1G-4G:192M,4G-64G:256M,64G-:512M resume=/dev/mapper/root_vg-lv_swap rd.lvm.lv=root_vg/lv_root rd.lvm.lv=root_vg/lv_swap rhgb quiet
Apr 24 08:55:49 host0 kernel: x86/fpu: Supporting XSAVE feature 0x001: 'x87 floating point registers'
Apr 24 08:55:49 host0 kernel: x86/fpu: Supporting XSAVE feature 0x002: 'SSE registers'
Apr 24 08:55:49 host0 kernel: x86/fpu: Supporting XSAVE feature 0x004: 'AVX registers'
Apr 24 08:55:49 host0 kernel: x86/fpu: xstate_offset[2]:  576, xstate_sizes[2]:  256
Apr 24 08:55:49 host0 kernel: x86/fpu: Enabled xstate features 0x7, context size is 832 bytes, using 'compacted' format.
Apr 24 08:55:49 host0 kernel: signal: max sigframe size: 1776
Apr 24 08:55:49 host0 kernel: BIOS-provided physical RAM map:
Apr 24 08:55:49 host0 kernel: BIOS-e820: [mem 0x0000000000000000-0x000000000009fbff] usable
Apr 24 08:55:49 host0 kernel: BIOS-e820: [mem 0x000000000009fc00-0x000000000009ffff] reserved
Apr 24 08:55:49 host0 kernel: BIOS-e820: [mem 0x00000000000f0000-0x00000000000fffff] reserved
Apr 24 08:55:49 host0 kernel: BIOS-e820: [mem 0x0000000000100000-0x000000007ffdbfff] usable
Apr 24 08:55:49 host0 kernel: BIOS-e820: [mem 0x000000007ffdc000-0x000000007fffffff] reserved
Apr 24 08:55:49 host0 kernel: BIOS-e820: [mem 0x00000000b0000000-0x00000000bfffffff] reserved
Apr 24 08:55:49 host0 kernel: BIOS-e820: [mem 0x00000000fed1c000-0x00000000fed1ffff] reserved
Apr 24 08:55:49 host0 kernel: BIOS-e820: [mem 0x00000000feffc000-0x00000000feffffff] reserved
Apr 24 08:55:49 host0 kernel: BIOS-e820: [mem 0x00000000fffc0000-0x00000000ffffffff] reserved
Apr 24 08:55:49 host0 kernel: BIOS-e820: [mem 0x0000000100000000-0x000000027fffffff] usable
Apr 24 08:55:49 host0 kernel: NX (Execute Disable) protection: active
Apr 24 08:55:49 host0 kernel: SMBIOS 2.8 present.
Apr 24 08:55:49 host0 kernel: DMI: QEMU Standard PC (Q35 + ICH9, 2009), BIOS 1.16.2-1.fc38 04/01/2014
Apr 24 08:55:49 host0 kernel: Hypervisor detected: KVM
Apr 24 08:55:49 host0 kernel: kvm-clock: Using msrs 4b564d01 and 4b564d00
Apr 24 08:55:49 host0 kernel: kvm-clock: using sched offset of 9382588374 cycles
Apr 24 08:55:49 host0 kernel: clocksource: kvm-clock: mask: 0xffffffffffffffff max_cycles: 0x1cd42e4dffb, max_idle_ns: 881590591483 ns
Apr 24 08:55:49 host0 kernel: tsc: Detected 3500.080 MHz processor
Apr 24 08:55:49 host0 kernel: last_pfn = 0x280000 max_arch_pfn = 0x400000000
Apr 24 08:55:49 host0 kernel: x86/PAT: Configuration [0-7]: WB  WC  UC- UC  WB  WP  UC- WT  
Apr 24 08:55:49 host0 kernel: last_pfn = 0x7ffdc max_arch_pfn = 0x400000000
Apr 24 08:55:49 host0 kernel: found SMP MP-table at [mem 0x000f5b40-0x000f5b4f]
Apr 24 08:55:49 host0 kernel: Using GB pages for direct mapping
Apr 24 08:55:49 host0 kernel: RAMDISK: [mem 0x33e00000-0x35ef7fff]
Apr 24 08:55:49 host0 kernel: ACPI: Early table checksum verification disabled
Apr 24 08:55:49 host0 kernel: ACPI: RSDP 0x00000000000F5920 000014 (v00 BOCHS )
Apr 24 08:55:49 host0 kernel: ACPI: RSDT 0x000000007FFE201B 000034 (v01 BOCHS  BXPC     00000001 BXPC 00000001)
Apr 24 08:55:49 host0 kernel: ACPI: FACP 0x000000007FFE1E43 0000F4 (v03 BOCHS  BXPC     00000001 BXPC 00000001)
Apr 24 08:55:49 host0 kernel: ACPI: DSDT 0x000000007FFE0040 001E03 (v01 BOCHS  BXPC     00000001 BXPC 00000001)
Apr 24 08:55:49 host0 kernel: ACPI: FACS 0x000000007FFE0000 000040
Apr 24 08:55:49 host0 kernel: ACPI: APIC 0x000000007FFE1F37 000080 (v01 BOCHS  BXPC     00000001 BXPC 00000001)
Apr 24 08:55:49 host0 kernel: ACPI: MCFG 0x000000007FFE1FB7 00003C (v01 BOCHS  BXPC     00000001 BXPC 00000001)
Apr 24 08:55:49 host0 kernel: ACPI: WAET 0x000000007FFE1FF3 000028 (v01 BOCHS  BXPC     00000001 BXPC 00000001)
Apr 24 08:55:49 host0 kernel: ACPI: Reserving FACP table memory at [mem 0x7ffe1e43-0x7ffe1f36]
Apr 24 08:55:49 host0 kernel: ACPI: Reserving DSDT table memory at [mem 0x7ffe0040-0x7ffe1e42]
Apr 24 08:55:49 host0 kernel: ACPI: Reserving FACS table memory at [mem 0x7ffe0000-0x7ffe003f]
Apr 24 08:55:49 host0 kernel: ACPI: Reserving APIC table memory at [mem 0x7ffe1f37-0x7ffe1fb6]
Apr 24 08:55:49 host0 kernel: ACPI: Reserving MCFG table memory at [mem 0x7ffe1fb7-0x7ffe1ff2]
Apr 24 08:55:49 host0 kernel: ACPI: Reserving WAET table memory at [mem 0x7ffe1ff3-0x7ffe201a]
Apr 24 08:55:49 host0 kernel: No NUMA configuration found
Apr 24 08:55:49 host0 kernel: Faking a node at [mem 0x0000000000000000-0x000000027fffffff]
Apr 24 08:55:49 host0 kernel: NODE_DATA(0) allocated [mem 0x27ffd3000-0x27fffdfff]
Apr 24 08:55:49 host0 kernel: Reserving 256MB of memory at 1776MB for crashkernel (System RAM: 8191MB)
Apr 24 08:55:49 host0 kernel: Zone ranges:
Apr 24 08:55:49 host0 kernel:  DMA      [mem 0x0000000000001000-0x0000000000ffffff]
Apr 24 08:55:49 host0 kernel:  DMA32    [mem 0x0000000001000000-0x00000000ffffffff]
Apr 24 08:55:49 host0 kernel:  Normal   [mem 0x0000000100000000-0x000000027fffffff]
Apr 24 08:55:49 host0 kernel:  Device   empty
Apr 24 08:55:49 host0 kernel: Movable zone start for each node
Apr 24 08:55:49 host0 kernel: Early memory node ranges
Apr 24 08:55:49 host0 kernel:  node   0: [mem 0x0000000000001000-0x000000000009efff]
Apr 24 08:55:49 host0 kernel:  node   0: [mem 0x0000000000100000-0x000000007ffdbfff]
Apr 24 08:55:49 host0 kernel:  node   0: [mem 0x0000000100000000-0x000000027fffffff]
Apr 24 08:55:49 host0 kernel: Initmem setup node 0 [mem 0x0000000000001000-0x000000027fffffff]
Apr 24 08:55:49 host0 kernel: On node 0, zone DMA: 1 pages in unavailable ranges
Apr 24 08:55:49 host0 kernel: On node 0, zone DMA: 97 pages in unavailable ranges
Apr 24 08:55:49 host0 kernel: On node 0, zone Normal: 36 pages in unavailable ranges
Apr 24 08:55:49 host0 kernel: ACPI: PM-Timer IO Port: 0x608
Apr 24 08:55:49 host0 kernel: ACPI: LAPIC_NMI (acpi_id[0xff] dfl dfl lint[0x1])
Apr 24 08:55:49 host0 kernel: IOAPIC[0]: apic_id 0, version 17, address 0xfec00000, GSI 0-23
Apr 24 08:55:49 host0 kernel: ACPI: INT_SRC_OVR (bus 0 bus_irq 0 global_irq 2 dfl dfl)
Apr 24 08:55:49 host0 kernel: ACPI: INT_SRC_OVR (bus 0 bus_irq 5 global_irq 5 high level)
Apr 24 08:55:49 host0 kernel: ACPI: INT_SRC_OVR (bus 0 bus_irq 9 global_irq 9 high level)
Apr 24 08:55:49 host0 kernel: ACPI: INT_SRC_OVR (bus 0 bus_irq 10 global_irq 10 high level)
Apr 24 08:55:49 host0 kernel: ACPI: INT_SRC_OVR (bus 0 bus_irq 11 global_irq 11 high level)
Apr 24 08:55:49 host0 kernel: ACPI: Using ACPI (MADT) for SMP configuration information
Apr 24 08:55:49 host0 kernel: TSC deadline timer available
Apr 24 08:55:49 host0 kernel: smpboot: Allowing 2 CPUs, 0 hotplug CPUs
Apr 24 08:55:49 host0 kernel: PM: hibernation: Registered nosave memory: [mem 0x00000000-0x00000fff]
Apr 24 08:55:49 host0 kernel: PM: hibernation: Registered nosave memory: [mem 0x0009f000-0x0009ffff]
Apr 24 08:55:49 host0 kernel: PM: hibernation: Registered nosave memory: [mem 0x000a0000-0x000effff]
Apr 24 08:55:49 host0 kernel: PM: hibernation: Registered nosave memory: [mem 0x000f0000-0x000fffff]
Apr 24 08:55:49 host0 kernel: PM: hibernation: Registered nosave memory: [mem 0x7ffdc000-0x7fffffff]
Apr 24 08:55:49 host0 kernel: PM: hibernation: Registered nosave memory: [mem 0x80000000-0xafffffff]
Apr 24 08:55:49 host0 kernel: PM: hibernation: Registered nosave memory: [mem 0xb0000000-0xbfffffff]
Apr 24 08:55:49 host0 kernel: PM: hibernation: Registered nosave memory: [mem 0xc0000000-0xfed1bfff]
Apr 24 08:55:49 host0 kernel: PM: hibernation: Registered nosave memory: [mem 0xfed1c000-0xfed1ffff]
Apr 24 08:55:49 host0 kernel: PM: hibernation: Registered nosave memory: [mem 0xfed20000-0xfeffbfff]
Apr 24 08:55:49 host0 kernel: PM: hibernation: Registered nosave memory: [mem 0xfeffc000-0xfeffffff]
Apr 24 08:55:49 host0 kernel: PM: hibernation: Registered nosave memory: [mem 0xff000000-0xfffbffff]
Apr 24 08:55:49 host0 kernel: PM: hibernation: Registered nosave memory: [mem 0xfffc0000-0xffffffff]
Apr 24 08:55:49 host0 kernel: [mem 0xc0000000-0xfed1bfff] available for PCI devices
Apr 24 08:55:49 host0 kernel: Booting paravirtualized kernel on KVM
Apr 24 08:55:49 host0 kernel: clocksource: refined-jiffies: mask: 0xffffffff max_cycles: 0xffffffff, max_idle_ns: 1910969940391419 ns
Apr 24 08:55:49 host0 kernel: setup_percpu: NR_CPUS:8192 nr_cpumask_bits:2 nr_cpu_ids:2 nr_node_ids:1
Apr 24 08:55:49 host0 kernel: percpu: Embedded 62 pages/cpu s217088 r8192 d28672 u1048576
Apr 24 08:55:49 host0 kernel: kvm-guest: PV spinlocks disabled, no host support
Apr 24 08:55:49 host0 kernel: Fallback order for Node 0: 0 
Apr 24 08:55:49 host0 kernel: Built 1 zonelists, mobility grouping on.  Total pages: 2064092
Apr 24 08:55:49 host0 kernel: Policy zone: Normal
Apr 24 08:55:49 host0 kernel: Kernel command line: BOOT_IMAGE=(hd0,msdos1)/vmlinuz-5.14.0-362.8.1.el9_3.x86_64 root=/dev/mapper/root_vg-lv_root ro crashkernel=1G-4G:192M,4G-64G:256M,64G-:512M resume=/dev/mapper/root_vg-lv_swap rd.lvm.lv=root_vg/lv_root rd.lvm.lv=root_vg/lv_swap rhgb quiet
Apr 24 08:55:49 host0 kernel: Unknown kernel command line parameters "rhgb BOOT_IMAGE=(hd0,msdos1)/vmlinuz-5.14.0-362.8.1.el9_3.x86_64", will be passed to user space.
Apr 24 08:55:49 host0 kernel: Dentry cache hash table entries: 1048576 (order: 11, 8388608 bytes, linear)
Apr 24 08:55:49 host0 kernel: Inode-cache hash table entries: 524288 (order: 10, 4194304 bytes, linear)
Apr 24 08:55:49 host0 kernel: mem auto-init: stack:off, heap alloc:off, heap free:off
Apr 24 08:55:49 host0 kernel: software IO TLB: area num 2.
Apr 24 08:55:49 host0 kernel: Memory: 1803848K/8388072K available (16384K kernel code, 5596K rwdata, 11440K rodata, 3824K init, 18424K bss, 570512K reserved, 0K cma-reserved)
Apr 24 08:55:49 host0 kernel: random: get_random_u64 called from kmem_cache_open+0x1e/0x310 with crng_init=0
Apr 24 08:55:49 host0 kernel: SLUB: HWalign=64, Order=0-3, MinObjects=0, CPUs=2, Nodes=1
Apr 24 08:55:49 host0 kernel: ftrace: allocating 46193 entries in 181 pages
Apr 24 08:55:49 host0 kernel: ftrace: allocated 181 pages with 5 groups
Apr 24 08:55:49 host0 kernel: Dynamic Preempt: voluntary
Apr 24 08:55:49 host0 kernel: rcu: Preemptible hierarchical RCU implementation.
Apr 24 08:55:49 host0 kernel: rcu: #011RCU restricting CPUs from NR_CPUS=8192 to nr_cpu_ids=2.
Apr 24 08:55:49 host0 kernel: #011Trampoline variant of Tasks RCU enabled.
Apr 24 08:55:49 host0 kernel: #011Rude variant of Tasks RCU enabled.
Apr 24 08:55:49 host0 kernel: #011Tracing variant of Tasks RCU enabled.
Apr 24 08:55:49 host0 kernel: rcu: RCU calculated value of scheduler-enlistment delay is 100 jiffies.
Apr 24 08:55:49 host0 kernel: rcu: Adjusting geometry for rcu_fanout_leaf=16, nr_cpu_ids=2
Apr 24 08:55:49 host0 kernel: NR_IRQS: 524544, nr_irqs: 440, preallocated irqs: 16
Apr 24 08:55:49 host0 kernel: rcu: srcu_init: Setting srcu_struct sizes based on contention.
Apr 24 08:55:49 host0 kernel: kfence: initialized - using 2097152 bytes for 255 objects at 0x(____ptrval____)-0x(____ptrval____)
Apr 24 08:55:49 host0 kernel: random: crng init done
Apr 24 08:55:49 host0 kernel: Console: colour VGA+ 80x25
Apr 24 08:55:49 host0 kernel: printk: console [tty0] enabled
Apr 24 08:55:49 host0 kernel: ACPI: Core revision 20221020
Apr 24 08:55:49 host0 kernel: APIC: Switch to symmetric I/O mode setup
Apr 24 08:55:49 host0 kernel: x2apic enabled
Apr 24 08:55:49 host0 kernel: Switched APIC routing to physical x2apic.
Apr 24 08:55:49 host0 kernel: tsc: Marking TSC unstable due to TSCs unsynchronized
Apr 24 08:55:49 host0 kernel: Calibrating delay loop (skipped) preset value.. 7000.16 BogoMIPS (lpj=3500080)
Apr 24 08:55:49 host0 kernel: pid_max: default: 32768 minimum: 301
Apr 24 08:55:49 host0 kernel: LSM: initializing lsm=lockdown,capability,yama,integrity,selinux,bpf
Apr 24 08:55:49 host0 kernel: Yama: becoming mindful.
Apr 24 08:55:49 host0 kernel: SELinux:  Initializing.
Apr 24 08:55:49 host0 kernel: LSM support for eBPF active
Apr 24 08:55:49 host0 kernel: Mount-cache hash table entries: 16384 (order: 5, 131072 bytes, linear)
Apr 24 08:55:49 host0 kernel: Mountpoint-cache hash table entries: 16384 (order: 5, 131072 bytes, linear)
Apr 24 08:55:49 host0 kernel: x86/cpu: User Mode Instruction Prevention (UMIP) activated
Apr 24 08:55:49 host0 kernel: Last level iTLB entries: 4KB 512, 2MB 255, 4MB 127
Apr 24 08:55:49 host0 kernel: Last level dTLB entries: 4KB 512, 2MB 255, 4MB 127, 1GB 0
Apr 24 08:55:49 host0 kernel: Spectre V1 : Mitigation: usercopy/swapgs barriers and __user pointer sanitization
Apr 24 08:55:49 host0 kernel: Spectre V2 : Mitigation: Retpolines
Apr 24 08:55:49 host0 kernel: Spectre V2 : Spectre v2 / SpectreRSB mitigation: Filling RSB on context switch
Apr 24 08:55:49 host0 kernel: Spectre V2 : Spectre v2 / SpectreRSB : Filling RSB on VMEXIT
Apr 24 08:55:49 host0 kernel: Spectre V2 : Enabling Speculation Barrier for firmware calls
Apr 24 08:55:49 host0 kernel: RETBleed: Mitigation: untrained return thunk
Apr 24 08:55:49 host0 kernel: Spectre V2 : mitigation: Enabling conditional Indirect Branch Prediction Barrier
Apr 24 08:55:49 host0 kernel: Speculative Store Bypass: Mitigation: Speculative Store Bypass disabled via prctl
Apr 24 08:55:49 host0 kernel: Freeing SMP alternatives memory: 36K
Apr 24 08:55:49 host0 kernel: smpboot: CPU0: AMD EPYC-Rome Processor (family: 0x17, model: 0x31, stepping: 0x0)
Apr 24 08:55:49 host0 kernel: cblist_init_generic: Setting adjustable number of callback queues.
Apr 24 08:55:49 host0 kernel: cblist_init_generic: Setting shift to 1 and lim to 1.
Apr 24 08:55:49 host0 kernel: cblist_init_generic: Setting shift to 1 and lim to 1.
Apr 24 08:55:49 host0 kernel: cblist_init_generic: Setting shift to 1 and lim to 1.
Apr 24 08:55:49 host0 kernel: Performance Events: Fam17h+ core perfctr, AMD PMU driver.
Apr 24 08:55:49 host0 kernel: ... version:                0
Apr 24 08:55:49 host0 kernel: ... bit width:              48
Apr 24 08:55:49 host0 kernel: ... generic registers:      6
Apr 24 08:55:49 host0 kernel: ... value mask:             0000ffffffffffff
Apr 24 08:55:49 host0 kernel: ... max period:             00007fffffffffff
Apr 24 08:55:49 host0 kernel: ... fixed-purpose events:   0
Apr 24 08:55:49 host0 kernel: ... event mask:             000000000000003f
Apr 24 08:55:49 host0 kernel: rcu: Hierarchical SRCU implementation.
Apr 24 08:55:49 host0 kernel: rcu: #011Max phase no-delay instances is 400.
Apr 24 08:55:49 host0 kernel: printk: console [tty0] printing thread started
Apr 24 08:55:49 host0 kernel: smp: Bringing up secondary CPUs ...
Apr 24 08:55:49 host0 kernel: x86: Booting SMP configuration:
Apr 24 08:55:49 host0 kernel: .... node  #0, CPUs:      #1
Apr 24 08:55:49 host0 kernel: smp: Brought up 1 node, 2 CPUs
Apr 24 08:55:49 host0 kernel: smpboot: Max logical packages: 2
Apr 24 08:55:49 host0 kernel: smpboot: Total of 2 processors activated (14000.32 BogoMIPS)
Apr 24 08:55:49 host0 kernel: node 0 deferred pages initialised in 12ms
Apr 24 08:55:49 host0 kernel: devtmpfs: initialized
Apr 24 08:55:49 host0 kernel: x86/mm: Memory block size: 128MB
Apr 24 08:55:49 host0 kernel: clocksource: jiffies: mask: 0xffffffff max_cycles: 0xffffffff, max_idle_ns: 1911260446275000 ns
Apr 24 08:55:49 host0 kernel: futex hash table entries: 512 (order: 3, 32768 bytes, linear)
Apr 24 08:55:49 host0 kernel: pinctrl core: initialized pinctrl subsystem
Apr 24 08:55:49 host0 kernel: NET: Registered PF_NETLINK/PF_ROUTE protocol family
Apr 24 08:55:49 host0 kernel: DMA: preallocated 1024 KiB GFP_KERNEL pool for atomic allocations
Apr 24 08:55:49 host0 kernel: DMA: preallocated 1024 KiB GFP_KERNEL|GFP_DMA pool for atomic allocations
Apr 24 08:55:49 host0 kernel: DMA: preallocated 1024 KiB GFP_KERNEL|GFP_DMA32 pool for atomic allocations
Apr 24 08:55:49 host0 kernel: audit: initializing netlink subsys (disabled)
Apr 24 08:55:49 host0 kernel: audit: type=2000 audit(1713963349.211:1): state=initialized audit_enabled=0 res=1
Apr 24 08:55:49 host0 kernel: thermal_sys: Registered thermal governor 'fair_share'
Apr 24 08:55:49 host0 kernel: thermal_sys: Registered thermal governor 'step_wise'
Apr 24 08:55:49 host0 kernel: thermal_sys: Registered thermal governor 'user_space'
Apr 24 08:55:49 host0 kernel: cpuidle: using governor menu
Apr 24 08:55:49 host0 kernel: acpiphp: ACPI Hot Plug PCI Controller Driver version: 0.5
Apr 24 08:55:49 host0 kernel: PCI: MMCONFIG for dohost1 0000 [bus 00-ff] at [mem 0xb0000000-0xbfffffff] (base 0xb0000000)
Apr 24 08:55:49 host0 kernel: PCI: MMCONFIG at [mem 0xb0000000-0xbfffffff] reserved as E820 entry
Apr 24 08:55:49 host0 kernel: PCI: Using configuration type 1 for base access
Apr 24 08:55:49 host0 kernel: kprobes: kprobe jump-optimization is enabled. All kprobes are optimized if possible.
Apr 24 08:55:49 host0 kernel: HugeTLB: registered 1.00 GiB page size, pre-allocated 0 pages
Apr 24 08:55:49 host0 kernel: HugeTLB: 16380 KiB vmemmap can be freed for a 1.00 GiB page
Apr 24 08:55:49 host0 kernel: HugeTLB: registered 2.00 MiB page size, pre-allocated 0 pages
Apr 24 08:55:49 host0 kernel: HugeTLB: 28 KiB vmemmap can be freed for a 2.00 MiB page
Apr 24 08:55:49 host0 kernel: cryptd: max_cpu_qlen set to 1000
Apr 24 08:55:49 host0 kernel: ACPI: Added _OSI(Module Device)
Apr 24 08:55:49 host0 kernel: ACPI: Added _OSI(Processor Device)
Apr 24 08:55:49 host0 kernel: ACPI: Added _OSI(3.0 _SCP Extensions)
Apr 24 08:55:49 host0 kernel: ACPI: Added _OSI(Processor Aggregator Device)
Apr 24 08:55:49 host0 kernel: ACPI: Added _OSI(Linux-Dell-Video)
Apr 24 08:55:49 host0 kernel: ACPI: Added _OSI(Linux-Lenovo-NV-HDMI-Audio)
Apr 24 08:55:49 host0 kernel: ACPI: Added _OSI(Linux-HPI-Hybrid-Graphics)
Apr 24 08:55:49 host0 kernel: ACPI: 1 ACPI AML tables successfully acquired and loaded
Apr 24 08:55:49 host0 kernel: ACPI: Interpreter enabled
Apr 24 08:55:49 host0 kernel: ACPI: PM: (supports S0 S5)
Apr 24 08:55:49 host0 kernel: ACPI: Using IOAPIC for interrupt routing
Apr 24 08:55:49 host0 kernel: PCI: Using host bridge windows from ACPI; if necessary, use "pci=nocrs" and report a bug
Apr 24 08:55:49 host0 kernel: PCI: Using E820 reservations for host bridge windows
Apr 24 08:55:49 host0 kernel: ACPI: Enabled 1 GPEs in block 00 to 3F
Apr 24 08:55:49 host0 kernel: ACPI: PCI Root Bridge [PCI0] (dohost1 0000 [bus 00-ff])
Apr 24 08:55:49 host0 kernel: acpi PNP0A08:00: _OSC: OS supports [ExtendedConfig ASPM ClockPM Segments MSI EDR HPX-Type3]
Apr 24 08:55:49 host0 kernel: acpi PNP0A08:00: _OSC: platform does not support [LTR DPC]
Apr 24 08:55:49 host0 kernel: acpi PNP0A08:00: _OSC: OS now controls [PCIeHotplug SHPCHotplug PME AER PCIeCapability]
Apr 24 08:55:49 host0 kernel: PCI host bridge to bus 0000:00
Apr 24 08:55:49 host0 kernel: pci_bus 0000:00: root bus resource [io  0x0000-0x0cf7 window]
Apr 24 08:55:49 host0 kernel: pci_bus 0000:00: root bus resource [io  0x0d00-0xffff window]
Apr 24 08:55:49 host0 kernel: pci_bus 0000:00: root bus resource [mem 0x000a0000-0x000bffff window]
Apr 24 08:55:49 host0 kernel: pci_bus 0000:00: root bus resource [mem 0x80000000-0xafffffff window]
Apr 24 08:55:49 host0 kernel: pci_bus 0000:00: root bus resource [mem 0xc0000000-0xfebfffff window]
Apr 24 08:55:49 host0 kernel: pci_bus 0000:00: root bus resource [mem 0x280000000-0xa7fffffff window]
Apr 24 08:55:49 host0 kernel: pci_bus 0000:00: root bus resource [bus 00-ff]
Apr 24 08:55:49 host0 kernel: pci 0000:00:00.0: [8086:29c0] type 00 class 0x060000
Apr 24 08:55:49 host0 kernel: pci 0000:00:01.0: [1b36:0100] type 00 class 0x030000
Apr 24 08:55:49 host0 kernel: pci 0000:00:01.0: reg 0x10: [mem 0xf4000000-0xf7ffffff]
Apr 24 08:55:49 host0 kernel: pci 0000:00:01.0: reg 0x14: [mem 0xf8000000-0xfbffffff]
Apr 24 08:55:49 host0 kernel: pci 0000:00:01.0: reg 0x18: [mem 0xfd010000-0xfd011fff]
Apr 24 08:55:49 host0 kernel: pci 0000:00:01.0: reg 0x1c: [io  0xc040-0xc05f]
Apr 24 08:55:49 host0 kernel: pci 0000:00:01.0: reg 0x30: [mem 0xfd000000-0xfd00ffff pref]
Apr 24 08:55:49 host0 kernel: pci 0000:00:01.0: Video device with shadowed ROM at [mem 0x000c0000-0x000dffff]
Apr 24 08:55:49 host0 kernel: pci 0000:00:02.0: [1b36:000c] type 01 class 0x060400
Apr 24 08:55:49 host0 kernel: pci 0000:00:02.0: reg 0x10: [mem 0xfd012000-0xfd012fff]
Apr 24 08:55:49 host0 kernel: pci 0000:00:02.1: [1b36:000c] type 01 class 0x060400
Apr 24 08:55:49 host0 kernel: pci 0000:00:02.1: reg 0x10: [mem 0xfd013000-0xfd013fff]
Apr 24 08:55:49 host0 kernel: pci 0000:00:02.2: [1b36:000c] type 01 class 0x060400
Apr 24 08:55:49 host0 kernel: pci 0000:00:02.2: reg 0x10: [mem 0xfd014000-0xfd014fff]
Apr 24 08:55:49 host0 kernel: pci 0000:00:02.3: [1b36:000c] type 01 class 0x060400
Apr 24 08:55:49 host0 kernel: pci 0000:00:02.3: reg 0x10: [mem 0xfd015000-0xfd015fff]
Apr 24 08:55:49 host0 kernel: pci 0000:00:02.4: [1b36:000c] type 01 class 0x060400
Apr 24 08:55:49 host0 kernel: pci 0000:00:02.4: reg 0x10: [mem 0xfd016000-0xfd016fff]
Apr 24 08:55:49 host0 kernel: pci 0000:00:02.5: [1b36:000c] type 01 class 0x060400
Apr 24 08:55:49 host0 kernel: pci 0000:00:02.5: reg 0x10: [mem 0xfd017000-0xfd017fff]
Apr 24 08:55:49 host0 kernel: pci 0000:00:02.6: [1b36:000c] type 01 class 0x060400
Apr 24 08:55:49 host0 kernel: pci 0000:00:02.6: reg 0x10: [mem 0xfd018000-0xfd018fff]
Apr 24 08:55:49 host0 kernel: pci 0000:00:02.7: [1b36:000c] type 01 class 0x060400
Apr 24 08:55:49 host0 kernel: pci 0000:00:02.7: reg 0x10: [mem 0xfd019000-0xfd019fff]
Apr 24 08:55:49 host0 kernel: pci 0000:00:1f.0: [8086:2918] type 00 class 0x060100
Apr 24 08:55:49 host0 kernel: pci 0000:00:1f.0: quirk: [io  0x0600-0x067f] claimed by ICH6 ACPI/GPIO/TCO
Apr 24 08:55:49 host0 kernel: pci 0000:00:1f.2: [8086:2922] type 00 class 0x010601
Apr 24 08:55:49 host0 kernel: pci 0000:00:1f.2: reg 0x20: [io  0xc060-0xc07f]
Apr 24 08:55:49 host0 kernel: pci 0000:00:1f.2: reg 0x24: [mem 0xfd01a000-0xfd01afff]
Apr 24 08:55:49 host0 kernel: pci 0000:00:1f.3: [8086:2930] type 00 class 0x0c0500
Apr 24 08:55:49 host0 kernel: pci 0000:00:1f.3: reg 0x20: [io  0x0700-0x073f]
Apr 24 08:55:49 host0 kernel: pci 0000:01:00.0: [1af4:1041] type 00 class 0x020000
Apr 24 08:55:49 host0 kernel: pci 0000:01:00.0: reg 0x14: [mem 0xfce40000-0xfce40fff]
Apr 24 08:55:49 host0 kernel: pci 0000:01:00.0: reg 0x20: [mem 0xfea00000-0xfea03fff 64bit pref]
Apr 24 08:55:49 host0 kernel: pci 0000:01:00.0: reg 0x30: [mem 0xfce00000-0xfce3ffff pref]
Apr 24 08:55:49 host0 kernel: pci 0000:00:02.0: PCI bridge to [bus 01]
Apr 24 08:55:49 host0 kernel: pci 0000:00:02.0:   bridge window [mem 0xfce00000-0xfcffffff]
Apr 24 08:55:49 host0 kernel: pci 0000:00:02.0:   bridge window [mem 0xfea00000-0xfebfffff 64bit pref]
Apr 24 08:55:49 host0 kernel: pci 0000:02:00.0: [1b36:000d] type 00 class 0x0c0330
Apr 24 08:55:49 host0 kernel: pci 0000:02:00.0: reg 0x10: [mem 0xfcc00000-0xfcc03fff 64bit]
Apr 24 08:55:49 host0 kernel: pci 0000:00:02.1: PCI bridge to [bus 02]
Apr 24 08:55:49 host0 kernel: pci 0000:00:02.1:   bridge window [mem 0xfcc00000-0xfcdfffff]
Apr 24 08:55:49 host0 kernel: pci 0000:00:02.1:   bridge window [mem 0xfe800000-0xfe9fffff 64bit pref]
Apr 24 08:55:49 host0 kernel: pci 0000:03:00.0: [1af4:1043] type 00 class 0x078000
Apr 24 08:55:49 host0 kernel: pci 0000:03:00.0: reg 0x14: [mem 0xfca00000-0xfca00fff]
Apr 24 08:55:49 host0 kernel: pci 0000:03:00.0: reg 0x20: [mem 0xfe600000-0xfe603fff 64bit pref]
Apr 24 08:55:49 host0 kernel: pci 0000:00:02.2: PCI bridge to [bus 03]
Apr 24 08:55:49 host0 kernel: pci 0000:00:02.2:   bridge window [mem 0xfca00000-0xfcbfffff]
Apr 24 08:55:49 host0 kernel: pci 0000:00:02.2:   bridge window [mem 0xfe600000-0xfe7fffff 64bit pref]
Apr 24 08:55:49 host0 kernel: pci 0000:04:00.0: [1af4:1042] type 00 class 0x010000
Apr 24 08:55:49 host0 kernel: pci 0000:04:00.0: reg 0x14: [mem 0xfc800000-0xfc800fff]
Apr 24 08:55:49 host0 kernel: pci 0000:04:00.0: reg 0x20: [mem 0xfe400000-0xfe403fff 64bit pref]
Apr 24 08:55:49 host0 kernel: pci 0000:00:02.3: PCI bridge to [bus 04]
Apr 24 08:55:49 host0 kernel: pci 0000:00:02.3:   bridge window [mem 0xfc800000-0xfc9fffff]
Apr 24 08:55:49 host0 kernel: pci 0000:00:02.3:   bridge window [mem 0xfe400000-0xfe5fffff 64bit pref]
Apr 24 08:55:49 host0 kernel: pci 0000:05:00.0: [1af4:1045] type 00 class 0x00ff00
Apr 24 08:55:49 host0 kernel: pci 0000:05:00.0: reg 0x20: [mem 0xfe200000-0xfe203fff 64bit pref]
Apr 24 08:55:49 host0 kernel: pci 0000:00:02.4: PCI bridge to [bus 05]
Apr 24 08:55:49 host0 kernel: pci 0000:00:02.4:   bridge window [mem 0xfc600000-0xfc7fffff]
Apr 24 08:55:49 host0 kernel: pci 0000:00:02.4:   bridge window [mem 0xfe200000-0xfe3fffff 64bit pref]
Apr 24 08:55:49 host0 kernel: pci 0000:06:00.0: [1af4:1044] type 00 class 0x00ff00
Apr 24 08:55:49 host0 kernel: pci 0000:06:00.0: reg 0x20: [mem 0xfe000000-0xfe003fff 64bit pref]
Apr 24 08:55:49 host0 kernel: pci 0000:00:02.5: PCI bridge to [bus 06]
Apr 24 08:55:49 host0 kernel: pci 0000:00:02.5:   bridge window [mem 0xfc400000-0xfc5fffff]
Apr 24 08:55:49 host0 kernel: pci 0000:00:02.5:   bridge window [mem 0xfe000000-0xfe1fffff 64bit pref]
Apr 24 08:55:49 host0 kernel: pci 0000:07:00.0: [1af4:1048] type 00 class 0x010000
Apr 24 08:55:49 host0 kernel: pci 0000:07:00.0: reg 0x14: [mem 0xfc200000-0xfc200fff]
Apr 24 08:55:49 host0 kernel: pci 0000:07:00.0: reg 0x20: [mem 0xfde00000-0xfde03fff 64bit pref]
Apr 24 08:55:49 host0 kernel: pci 0000:00:02.6: PCI bridge to [bus 07]
Apr 24 08:55:49 host0 kernel: pci 0000:00:02.6:   bridge window [mem 0xfc200000-0xfc3fffff]
Apr 24 08:55:49 host0 kernel: pci 0000:00:02.6:   bridge window [mem 0xfde00000-0xfdffffff 64bit pref]
Apr 24 08:55:49 host0 kernel: pci 0000:00:02.7: PCI bridge to [bus 08]
Apr 24 08:55:49 host0 kernel: pci 0000:00:02.7:   bridge window [mem 0xfc000000-0xfc1fffff]
Apr 24 08:55:49 host0 kernel: pci 0000:00:02.7:   bridge window [mem 0xfdc00000-0xfddfffff 64bit pref]
Apr 24 08:55:49 host0 kernel: ACPI: PCI: Interrupt link LNKA configured for IRQ 10
Apr 24 08:55:49 host0 kernel: ACPI: PCI: Interrupt link LNKB configured for IRQ 10
Apr 24 08:55:49 host0 kernel: ACPI: PCI: Interrupt link LNKC configured for IRQ 11
Apr 24 08:55:49 host0 kernel: ACPI: PCI: Interrupt link LNKD configured for IRQ 11
Apr 24 08:55:49 host0 kernel: ACPI: PCI: Interrupt link LNKE configured for IRQ 10
Apr 24 08:55:49 host0 kernel: ACPI: PCI: Interrupt link LNKF configured for IRQ 10
Apr 24 08:55:49 host0 kernel: ACPI: PCI: Interrupt link LNKG configured for IRQ 11
Apr 24 08:55:49 host0 kernel: ACPI: PCI: Interrupt link LNKH configured for IRQ 11
Apr 24 08:55:49 host0 kernel: ACPI: PCI: Interrupt link GSIA configured for IRQ 16
Apr 24 08:55:49 host0 kernel: ACPI: PCI: Interrupt link GSIB configured for IRQ 17
Apr 24 08:55:49 host0 kernel: ACPI: PCI: Interrupt link GSIC configured for IRQ 18
Apr 24 08:55:49 host0 kernel: ACPI: PCI: Interrupt link GSID configured for IRQ 19
Apr 24 08:55:49 host0 kernel: ACPI: PCI: Interrupt link GSIE configured for IRQ 20
Apr 24 08:55:49 host0 kernel: ACPI: PCI: Interrupt link GSIF configured for IRQ 21
Apr 24 08:55:49 host0 kernel: ACPI: PCI: Interrupt link GSIG configured for IRQ 22
Apr 24 08:55:49 host0 kernel: ACPI: PCI: Interrupt link GSIH configured for IRQ 23
Apr 24 08:55:49 host0 kernel: iommu: Default dohost1 type: Translated 
Apr 24 08:55:49 host0 kernel: iommu: DMA dohost1 TLB invalidation policy: lazy mode 
Apr 24 08:55:49 host0 kernel: SCSI subsystem initialized
Apr 24 08:55:49 host0 kernel: ACPI: bus type USB registered
Apr 24 08:55:49 host0 kernel: usbcore: registered new interface driver usbfs
Apr 24 08:55:49 host0 kernel: usbcore: registered new interface driver hub
Apr 24 08:55:49 host0 kernel: usbcore: registered new device driver usb
Apr 24 08:55:49 host0 kernel: pps_core: LinuxPPS API ver. 1 registered
Apr 24 08:55:49 host0 kernel: pps_core: Software ver. 5.3.6 - Copyright 2005-2007 Rodolfo Giometti <giometti@linux.it>
Apr 24 08:55:49 host0 kernel: PTP clock support registered
Apr 24 08:55:49 host0 kernel: EDAC MC: Ver: 3.0.0
Apr 24 08:55:49 host0 kernel: NetLabel: Initializing
Apr 24 08:55:49 host0 kernel: NetLabel:  dohost1 hash size = 128
Apr 24 08:55:49 host0 kernel: NetLabel:  protocols = UNLABELED CIPSOv4 CALIPSO
Apr 24 08:55:49 host0 kernel: NetLabel:  unlabeled traffic allowed by default
Apr 24 08:55:49 host0 kernel: PCI: Using ACPI for IRQ routing
Apr 24 08:55:49 host0 kernel: pci 0000:00:01.0: vgaarb: setting as boot VGA device
Apr 24 08:55:49 host0 kernel: pci 0000:00:01.0: vgaarb: bridge control possible
Apr 24 08:55:49 host0 kernel: pci 0000:00:01.0: vgaarb: VGA device added: decodes=io+mem,owns=io+mem,locks=none
Apr 24 08:55:49 host0 kernel: vgaarb: loaded
Apr 24 08:55:49 host0 kernel: clocksource: Switched to clocksource kvm-clock
Apr 24 08:55:49 host0 kernel: VFS: Disk quotas dquot_6.6.0
Apr 24 08:55:49 host0 kernel: VFS: Dquot-cache hash table entries: 512 (order 0, 4096 bytes)
Apr 24 08:55:49 host0 kernel: pnp: PnP ACPI init
Apr 24 08:55:49 host0 kernel: system 00:04: [mem 0xb0000000-0xbfffffff window] has been reserved
Apr 24 08:55:49 host0 kernel: pnp: PnP ACPI: found 5 devices
Apr 24 08:55:49 host0 kernel: clocksource: acpi_pm: mask: 0xffffff max_cycles: 0xffffff, max_idle_ns: 2085701024 ns
Apr 24 08:55:49 host0 kernel: NET: Registered PF_INET protocol family
Apr 24 08:55:49 host0 kernel: IP idents hash table entries: 131072 (order: 8, 1048576 bytes, linear)
Apr 24 08:55:49 host0 kernel: tcp_listen_portaddr_hash hash table entries: 4096 (order: 4, 65536 bytes, linear)
Apr 24 08:55:49 host0 kernel: Table-perturb hash table entries: 65536 (order: 6, 262144 bytes, linear)
Apr 24 08:55:49 host0 kernel: TCP established hash table entries: 65536 (order: 7, 524288 bytes, linear)
Apr 24 08:55:49 host0 kernel: TCP bind hash table entries: 65536 (order: 8, 1048576 bytes, linear)
Apr 24 08:55:49 host0 kernel: TCP: Hash tables configured (established 65536 bind 65536)
Apr 24 08:55:49 host0 kernel: MPTCP token hash table entries: 8192 (order: 5, 196608 bytes, linear)
Apr 24 08:55:49 host0 kernel: UDP hash table entries: 4096 (order: 5, 131072 bytes, linear)
Apr 24 08:55:49 host0 kernel: UDP-Lite hash table entries: 4096 (order: 5, 131072 bytes, linear)
Apr 24 08:55:49 host0 kernel: NET: Registered PF_UNIX/PF_LOCAL protocol family
Apr 24 08:55:49 host0 kernel: NET: Registered PF_XDP protocol family
Apr 24 08:55:49 host0 kernel: pci 0000:00:02.0: bridge window [io  0x1000-0x0fff] to [bus 01] add_size 1000
Apr 24 08:55:49 host0 kernel: pci 0000:00:02.1: bridge window [io  0x1000-0x0fff] to [bus 02] add_size 1000
Apr 24 08:55:49 host0 kernel: pci 0000:00:02.2: bridge window [io  0x1000-0x0fff] to [bus 03] add_size 1000
Apr 24 08:55:49 host0 kernel: pci 0000:00:02.3: bridge window [io  0x1000-0x0fff] to [bus 04] add_size 1000
Apr 24 08:55:49 host0 kernel: pci 0000:00:02.4: bridge window [io  0x1000-0x0fff] to [bus 05] add_size 1000
Apr 24 08:55:49 host0 kernel: pci 0000:00:02.5: bridge window [io  0x1000-0x0fff] to [bus 06] add_size 1000
Apr 24 08:55:49 host0 kernel: pci 0000:00:02.6: bridge window [io  0x1000-0x0fff] to [bus 07] add_size 1000
Apr 24 08:55:49 host0 kernel: pci 0000:00:02.7: bridge window [io  0x1000-0x0fff] to [bus 08] add_size 1000
Apr 24 08:55:49 host0 kernel: pci 0000:00:02.0: BAR 13: assigned [io  0x1000-0x1fff]
Apr 24 08:55:49 host0 kernel: pci 0000:00:02.1: BAR 13: assigned [io  0x2000-0x2fff]
Apr 24 08:55:49 host0 kernel: pci 0000:00:02.2: BAR 13: assigned [io  0x3000-0x3fff]
Apr 24 08:55:49 host0 kernel: pci 0000:00:02.3: BAR 13: assigned [io  0x4000-0x4fff]
Apr 24 08:55:49 host0 kernel: pci 0000:00:02.4: BAR 13: assigned [io  0x5000-0x5fff]
Apr 24 08:55:49 host0 kernel: pci 0000:00:02.5: BAR 13: assigned [io  0x6000-0x6fff]
Apr 24 08:55:49 host0 kernel: pci 0000:00:02.6: BAR 13: assigned [io  0x7000-0x7fff]
Apr 24 08:55:49 host0 kernel: pci 0000:00:02.7: BAR 13: assigned [io  0x8000-0x8fff]
Apr 24 08:55:49 host0 kernel: pci 0000:00:02.0: PCI bridge to [bus 01]
Apr 24 08:55:49 host0 kernel: pci 0000:00:02.0:   bridge window [io  0x1000-0x1fff]
Apr 24 08:55:49 host0 kernel: pci 0000:00:02.0:   bridge window [mem 0xfce00000-0xfcffffff]
Apr 24 08:55:49 host0 kernel: pci 0000:00:02.0:   bridge window [mem 0xfea00000-0xfebfffff 64bit pref]
Apr 24 08:55:49 host0 kernel: pci 0000:00:02.1: PCI bridge to [bus 02]
Apr 24 08:55:49 host0 kernel: pci 0000:00:02.1:   bridge window [io  0x2000-0x2fff]
Apr 24 08:55:49 host0 kernel: pci 0000:00:02.1:   bridge window [mem 0xfcc00000-0xfcdfffff]
Apr 24 08:55:49 host0 kernel: pci 0000:00:02.1:   bridge window [mem 0xfe800000-0xfe9fffff 64bit pref]
Apr 24 08:55:49 host0 kernel: pci 0000:00:02.2: PCI bridge to [bus 03]
Apr 24 08:55:49 host0 kernel: pci 0000:00:02.2:   bridge window [io  0x3000-0x3fff]
Apr 24 08:55:49 host0 kernel: pci 0000:00:02.2:   bridge window [mem 0xfca00000-0xfcbfffff]
Apr 24 08:55:49 host0 kernel: pci 0000:00:02.2:   bridge window [mem 0xfe600000-0xfe7fffff 64bit pref]
Apr 24 08:55:49 host0 kernel: pci 0000:00:02.3: PCI bridge to [bus 04]
Apr 24 08:55:49 host0 kernel: pci 0000:00:02.3:   bridge window [io  0x4000-0x4fff]
Apr 24 08:55:49 host0 kernel: pci 0000:00:02.3:   bridge window [mem 0xfc800000-0xfc9fffff]
Apr 24 08:55:49 host0 kernel: pci 0000:00:02.3:   bridge window [mem 0xfe400000-0xfe5fffff 64bit pref]
Apr 24 08:55:49 host0 kernel: pci 0000:00:02.4: PCI bridge to [bus 05]
Apr 24 08:55:49 host0 kernel: pci 0000:00:02.4:   bridge window [io  0x5000-0x5fff]
Apr 24 08:55:49 host0 kernel: pci 0000:00:02.4:   bridge window [mem 0xfc600000-0xfc7fffff]
Apr 24 08:55:49 host0 kernel: pci 0000:00:02.4:   bridge window [mem 0xfe200000-0xfe3fffff 64bit pref]
Apr 24 08:55:49 host0 kernel: pci 0000:00:02.5: PCI bridge to [bus 06]
Apr 24 08:55:49 host0 kernel: pci 0000:00:02.5:   bridge window [io  0x6000-0x6fff]
Apr 24 08:55:49 host0 kernel: pci 0000:00:02.5:   bridge window [mem 0xfc400000-0xfc5fffff]
Apr 24 08:55:49 host0 kernel: pci 0000:00:02.5:   bridge window [mem 0xfe000000-0xfe1fffff 64bit pref]
Apr 24 08:55:49 host0 kernel: pci 0000:00:02.6: PCI bridge to [bus 07]
Apr 24 08:55:49 host0 kernel: pci 0000:00:02.6:   bridge window [io  0x7000-0x7fff]
Apr 24 08:55:49 host0 kernel: pci 0000:00:02.6:   bridge window [mem 0xfc200000-0xfc3fffff]
Apr 24 08:55:49 host0 kernel: pci 0000:00:02.6:   bridge window [mem 0xfde00000-0xfdffffff 64bit pref]
Apr 24 08:55:49 host0 kernel: pci 0000:00:02.7: PCI bridge to [bus 08]
Apr 24 08:55:49 host0 kernel: pci 0000:00:02.7:   bridge window [io  0x8000-0x8fff]
Apr 24 08:55:49 host0 kernel: pci 0000:00:02.7:   bridge window [mem 0xfc000000-0xfc1fffff]
Apr 24 08:55:49 host0 kernel: pci 0000:00:02.7:   bridge window [mem 0xfdc00000-0xfddfffff 64bit pref]
Apr 24 08:55:49 host0 kernel: pci_bus 0000:00: resource 4 [io  0x0000-0x0cf7 window]
Apr 24 08:55:49 host0 kernel: pci_bus 0000:00: resource 5 [io  0x0d00-0xffff window]
Apr 24 08:55:49 host0 kernel: pci_bus 0000:00: resource 6 [mem 0x000a0000-0x000bffff window]
Apr 24 08:55:49 host0 kernel: pci_bus 0000:00: resource 7 [mem 0x80000000-0xafffffff window]
Apr 24 08:55:49 host0 kernel: pci_bus 0000:00: resource 8 [mem 0xc0000000-0xfebfffff window]
Apr 24 08:55:49 host0 kernel: pci_bus 0000:00: resource 9 [mem 0x280000000-0xa7fffffff window]
Apr 24 08:55:49 host0 kernel: pci_bus 0000:01: resource 0 [io  0x1000-0x1fff]
Apr 24 08:55:49 host0 kernel: pci_bus 0000:01: resource 1 [mem 0xfce00000-0xfcffffff]
Apr 24 08:55:49 host0 kernel: pci_bus 0000:01: resource 2 [mem 0xfea00000-0xfebfffff 64bit pref]
Apr 24 08:55:49 host0 kernel: pci_bus 0000:02: resource 0 [io  0x2000-0x2fff]
Apr 24 08:55:49 host0 kernel: pci_bus 0000:02: resource 1 [mem 0xfcc00000-0xfcdfffff]
Apr 24 08:55:49 host0 kernel: pci_bus 0000:02: resource 2 [mem 0xfe800000-0xfe9fffff 64bit pref]
Apr 24 08:55:49 host0 kernel: pci_bus 0000:03: resource 0 [io  0x3000-0x3fff]
Apr 24 08:55:49 host0 kernel: pci_bus 0000:03: resource 1 [mem 0xfca00000-0xfcbfffff]
Apr 24 08:55:49 host0 kernel: pci_bus 0000:03: resource 2 [mem 0xfe600000-0xfe7fffff 64bit pref]
Apr 24 08:55:49 host0 kernel: pci_bus 0000:04: resource 0 [io  0x4000-0x4fff]
Apr 24 08:55:49 host0 kernel: pci_bus 0000:04: resource 1 [mem 0xfc800000-0xfc9fffff]
Apr 24 08:55:49 host0 kernel: pci_bus 0000:04: resource 2 [mem 0xfe400000-0xfe5fffff 64bit pref]
Apr 24 08:55:49 host0 kernel: pci_bus 0000:05: resource 0 [io  0x5000-0x5fff]
Apr 24 08:55:49 host0 kernel: pci_bus 0000:05: resource 1 [mem 0xfc600000-0xfc7fffff]
Apr 24 08:55:49 host0 kernel: pci_bus 0000:05: resource 2 [mem 0xfe200000-0xfe3fffff 64bit pref]
Apr 24 08:55:49 host0 kernel: pci_bus 0000:06: resource 0 [io  0x6000-0x6fff]
Apr 24 08:55:49 host0 kernel: pci_bus 0000:06: resource 1 [mem 0xfc400000-0xfc5fffff]
Apr 24 08:55:49 host0 kernel: pci_bus 0000:06: resource 2 [mem 0xfe000000-0xfe1fffff 64bit pref]
Apr 24 08:55:49 host0 kernel: pci_bus 0000:07: resource 0 [io  0x7000-0x7fff]
Apr 24 08:55:49 host0 kernel: pci_bus 0000:07: resource 1 [mem 0xfc200000-0xfc3fffff]
Apr 24 08:55:49 host0 kernel: pci_bus 0000:07: resource 2 [mem 0xfde00000-0xfdffffff 64bit pref]
Apr 24 08:55:49 host0 kernel: pci_bus 0000:08: resource 0 [io  0x8000-0x8fff]
Apr 24 08:55:49 host0 kernel: pci_bus 0000:08: resource 1 [mem 0xfc000000-0xfc1fffff]
Apr 24 08:55:49 host0 kernel: pci_bus 0000:08: resource 2 [mem 0xfdc00000-0xfddfffff 64bit pref]
Apr 24 08:55:49 host0 kernel: ACPI: \_SB_.GSIG: Enabled at IRQ 22
Apr 24 08:55:49 host0 kernel: PCI: CLS 0 bytes, default 64
Apr 24 08:55:49 host0 kernel: PCI-DMA: Using software bounce buffering for IO (SWIOTLB)
Apr 24 08:55:49 host0 kernel: software IO TLB: mapped [mem 0x000000006b000000-0x000000006f000000] (64MB)
Apr 24 08:55:49 host0 kernel: ACPI: bus type thunderbolt registered
Apr 24 08:55:49 host0 kernel: Trying to unpack rootfs image as initramfs...
Apr 24 08:55:49 host0 kernel: Initialise system trusted keyrings
Apr 24 08:55:49 host0 kernel: Key type blacklist registered
Apr 24 08:55:49 host0 kernel: workingset: timestamp_bits=36 max_order=21 bucket_order=0
Apr 24 08:55:49 host0 kernel: zbud: loaded
Apr 24 08:55:49 host0 kernel: integrity: Platform Keyring initialized
Apr 24 08:55:49 host0 kernel: integrity: Machine keyring initialized
Apr 24 08:55:49 host0 kernel: NET: Registered PF_ALG protocol family
Apr 24 08:55:49 host0 kernel: xor: automatically using best checksumming function   avx       
Apr 24 08:55:49 host0 kernel: Key type asymmetric registered
Apr 24 08:55:49 host0 kernel: Asymmetric key parser 'x509' registered
Apr 24 08:55:49 host0 kernel: Running certificate verification selftests
Apr 24 08:55:49 host0 kernel: Loaded X.509 cert 'Certificate verification self-testing key: f58703bb33ce1b73ee02eccdee5b8817518fe3db'
Apr 24 08:55:49 host0 kernel: Block layer SCSI generic (bsg) driver version 0.4 loaded (major 246)
Apr 24 08:55:49 host0 kernel: io scheduler mq-deadline registered
Apr 24 08:55:49 host0 kernel: io scheduler kyber registered
Apr 24 08:55:49 host0 kernel: io scheduler bfq registered
Apr 24 08:55:49 host0 kernel: atomic64_test: passed for x86-64 platform with CX8 and with SSE
Apr 24 08:55:49 host0 kernel: pcieport 0000:00:02.0: PME: Signaling with IRQ 24
Apr 24 08:55:49 host0 kernel: pcieport 0000:00:02.0: AER: enabled with IRQ 24
Apr 24 08:55:49 host0 kernel: pcieport 0000:00:02.0: pciehp: Slot #0 AttnBtn+ PwrCtrl+ MRL- AttnInd+ PwrInd+ HotPlug+ Surprise+ Interlock+ NoCompl- IbPresDis- LLActRep+
Apr 24 08:55:49 host0 kernel: pcieport 0000:00:02.1: PME: Signaling with IRQ 25
Apr 24 08:55:49 host0 kernel: pcieport 0000:00:02.1: AER: enabled with IRQ 25
Apr 24 08:55:49 host0 kernel: pcieport 0000:00:02.1: pciehp: Slot #0 AttnBtn+ PwrCtrl+ MRL- AttnInd+ PwrInd+ HotPlug+ Surprise+ Interlock+ NoCompl- IbPresDis- LLActRep+
Apr 24 08:55:49 host0 kernel: pcieport 0000:00:02.2: PME: Signaling with IRQ 26
Apr 24 08:55:49 host0 kernel: pcieport 0000:00:02.2: AER: enabled with IRQ 26
Apr 24 08:55:49 host0 kernel: pcieport 0000:00:02.2: pciehp: Slot #0 AttnBtn+ PwrCtrl+ MRL- AttnInd+ PwrInd+ HotPlug+ Surprise+ Interlock+ NoCompl- IbPresDis- LLActRep+
Apr 24 08:55:49 host0 kernel: pcieport 0000:00:02.3: PME: Signaling with IRQ 27
Apr 24 08:55:49 host0 kernel: pcieport 0000:00:02.3: AER: enabled with IRQ 27
Apr 24 08:55:49 host0 kernel: pcieport 0000:00:02.3: pciehp: Slot #0 AttnBtn+ PwrCtrl+ MRL- AttnInd+ PwrInd+ HotPlug+ Surprise+ Interlock+ NoCompl- IbPresDis- LLActRep+
Apr 24 08:55:49 host0 kernel: pcieport 0000:00:02.4: PME: Signaling with IRQ 28
Apr 24 08:55:49 host0 kernel: pcieport 0000:00:02.4: AER: enabled with IRQ 28
Apr 24 08:55:49 host0 kernel: pcieport 0000:00:02.4: pciehp: Slot #0 AttnBtn+ PwrCtrl+ MRL- AttnInd+ PwrInd+ HotPlug+ Surprise+ Interlock+ NoCompl- IbPresDis- LLActRep+
Apr 24 08:55:49 host0 kernel: pcieport 0000:00:02.5: PME: Signaling with IRQ 29
Apr 24 08:55:49 host0 kernel: pcieport 0000:00:02.5: AER: enabled with IRQ 29
Apr 24 08:55:49 host0 kernel: pcieport 0000:00:02.5: pciehp: Slot #0 AttnBtn+ PwrCtrl+ MRL- AttnInd+ PwrInd+ HotPlug+ Surprise+ Interlock+ NoCompl- IbPresDis- LLActRep+
Apr 24 08:55:49 host0 kernel: pcieport 0000:00:02.6: PME: Signaling with IRQ 30
Apr 24 08:55:49 host0 kernel: pcieport 0000:00:02.6: AER: enabled with IRQ 30
Apr 24 08:55:49 host0 kernel: pcieport 0000:00:02.6: pciehp: Slot #0 AttnBtn+ PwrCtrl+ MRL- AttnInd+ PwrInd+ HotPlug+ Surprise+ Interlock+ NoCompl- IbPresDis- LLActRep+
Apr 24 08:55:49 host0 kernel: pcieport 0000:00:02.7: PME: Signaling with IRQ 31
Apr 24 08:55:49 host0 kernel: pcieport 0000:00:02.7: AER: enabled with IRQ 31
Apr 24 08:55:49 host0 kernel: pcieport 0000:00:02.7: pciehp: Slot #0 AttnBtn+ PwrCtrl+ MRL- AttnInd+ PwrInd+ HotPlug+ Surprise+ Interlock+ NoCompl- IbPresDis- LLActRep+
Apr 24 08:55:49 host0 kernel: shpchp: Standard Hot Plug PCI Controller Driver version: 0.4
Apr 24 08:55:49 host0 kernel: input: Power Button as /devices/LNXSYSTM:00/LNXPWRBN:00/input/input0
Apr 24 08:55:49 host0 kernel: ACPI: button: Power Button [PWRF]
Apr 24 08:55:49 host0 kernel: Serial: 8250/16550 driver, 4 ports, IRQ sharing enabled
Apr 24 08:55:49 host0 kernel: 00:00: ttyS0 at I/O 0x3f8 (irq = 4, base_baud = 115200) is a 16550A
Apr 24 08:55:49 host0 kernel: Non-volatile memory driver v1.3
Apr 24 08:55:49 host0 kernel: rdac: device handler registered
Apr 24 08:55:49 host0 kernel: hp_sw: device handler registered
Apr 24 08:55:49 host0 kernel: emc: device handler registered
Apr 24 08:55:49 host0 kernel: alua: device handler registered
Apr 24 08:55:49 host0 kernel: libphy: Fixed MDIO Bus: probed
Apr 24 08:55:49 host0 kernel: xhci_hcd 0000:02:00.0: xHCI Host Controller
Apr 24 08:55:49 host0 kernel: xhci_hcd 0000:02:00.0: new USB bus registered, assigned bus number 1
Apr 24 08:55:49 host0 kernel: xhci_hcd 0000:02:00.0: hcc params 0x00087001 hci version 0x100 quirks 0x0000000000000010
Apr 24 08:55:49 host0 kernel: xhci_hcd 0000:02:00.0: xHCI Host Controller
Apr 24 08:55:49 host0 kernel: xhci_hcd 0000:02:00.0: new USB bus registered, assigned bus number 2
Apr 24 08:55:49 host0 kernel: xhci_hcd 0000:02:00.0: Host supports USB 3.0 SuperSpeed
Apr 24 08:55:49 host0 kernel: usb usb1: New USB device found, idVendor=1d6b, idProduct=0002, bcdDevice= 5.14
Apr 24 08:55:49 host0 kernel: usb usb1: New USB device strings: Mfr=3, Product=2, SerialNumber=1
Apr 24 08:55:49 host0 kernel: usb usb1: Product: xHCI Host Controller
Apr 24 08:55:49 host0 kernel: usb usb1: Manufacturer: Linux 5.14.0-362.8.1.el9_3.x86_64 xhci-hcd
Apr 24 08:55:49 host0 kernel: usb usb1: SerialNumber: 0000:02:00.0
Apr 24 08:55:49 host0 kernel: hub 1-0:1.0: USB hub found
Apr 24 08:55:49 host0 kernel: hub 1-0:1.0: 15 ports detected
Apr 24 08:55:49 host0 kernel: usb usb2: We don't know the algorithms for LPM for this host, disabling LPM.
Apr 24 08:55:49 host0 kernel: usb usb2: New USB device found, idVendor=1d6b, idProduct=0003, bcdDevice= 5.14
Apr 24 08:55:49 host0 kernel: usb usb2: New USB device strings: Mfr=3, Product=2, SerialNumber=1
Apr 24 08:55:49 host0 kernel: usb usb2: Product: xHCI Host Controller
Apr 24 08:55:49 host0 kernel: usb usb2: Manufacturer: Linux 5.14.0-362.8.1.el9_3.x86_64 xhci-hcd
Apr 24 08:55:49 host0 kernel: usb usb2: SerialNumber: 0000:02:00.0
Apr 24 08:55:49 host0 kernel: hub 2-0:1.0: USB hub found
Apr 24 08:55:49 host0 kernel: hub 2-0:1.0: 15 ports detected
Apr 24 08:55:49 host0 kernel: usbcore: registered new interface driver usbserial_generic
Apr 24 08:55:49 host0 kernel: usbserial: USB Serial support registered for generic
Apr 24 08:55:49 host0 kernel: i8042: PNP: PS/2 Controller [PNP0303:KBD,PNP0f13:MOU] at 0x60,0x64 irq 1,12
Apr 24 08:55:49 host0 kernel: serio: i8042 KBD port at 0x60,0x64 irq 1
Apr 24 08:55:49 host0 kernel: serio: i8042 AUX port at 0x60,0x64 irq 12
Apr 24 08:55:49 host0 kernel: mousedev: PS/2 mouse device common for all mice
Apr 24 08:55:49 host0 kernel: input: AT Translated Set 2 keyboard as /devices/platform/i8042/serio0/input/input1
Apr 24 08:55:49 host0 kernel: rtc_cmos 00:03: RTC can wake from S4
Apr 24 08:55:49 host0 kernel: rtc_cmos 00:03: registered as rtc0
Apr 24 08:55:49 host0 kernel: rtc_cmos 00:03: setting system clock to 2024-04-24T12:55:48 UTC (1713963348)
Apr 24 08:55:49 host0 kernel: rtc_cmos 00:03: alarms up to one day, y3k, 242 bytes nvram
Apr 24 08:55:49 host0 kernel: amd_pstate: driver load is disabled, boot with specific mode to enable this
Apr 24 08:55:49 host0 kernel: hid: raw HID events driver (C) Jiri Kosina
Apr 24 08:55:49 host0 kernel: usbcore: registered new interface driver usbhid
Apr 24 08:55:49 host0 kernel: usbhid: USB HID core driver
Apr 24 08:55:49 host0 kernel: drop_monitor: Initializing network drop monitor service
Apr 24 08:55:49 host0 kernel: Initializing XFRM netlink socket
Apr 24 08:55:49 host0 kernel: NET: Registered PF_INET6 protocol family
Apr 24 08:55:49 host0 kernel: usb 1-1: new high-speed USB device number 2 using xhci_hcd
Apr 24 08:55:49 host0 kernel: Freeing initrd memory: 33760K
Apr 24 08:55:49 host0 kernel: Segment Routing with IPv6
Apr 24 08:55:49 host0 kernel: NET: Registered PF_PACKET protocol family
Apr 24 08:55:49 host0 kernel: mpls_gso: MPLS GSO support
Apr 24 08:55:49 host0 kernel: IPI shorthand broadcast: enabled
Apr 24 08:55:49 host0 kernel: AVX2 version of gcm_enc/dec engaged.
Apr 24 08:55:49 host0 kernel: AES CTR mode by8 optimization enabled
Apr 24 08:55:49 host0 kernel: sched_clock: Marking stable (566016711, 10968819)->(606309852, -29324322)
Apr 24 08:55:49 host0 kernel: registered taskstats version 1
Apr 24 08:55:49 host0 kernel: Loading compiled-in X.509 certificates
Apr 24 08:55:49 host0 kernel: Loaded X.509 cert 'Red Hat Enterprise Linux kernel signing key: 7abe215eec6907198cbaf2dcd53a124e600c6694'
Apr 24 08:55:49 host0 kernel: Loaded X.509 cert 'Red Hat Enterprise Linux Driver Update Program (key 3): bf57f3e87362bc7229d9f465321773dfd1f77a80'
Apr 24 08:55:49 host0 kernel: Loaded X.509 cert 'Red Hat Enterprise Linux kpatch signing key: 4d38fd864ebe18c5f0b72e3852e2014c3a676fc8'
Apr 24 08:55:49 host0 kernel: Loaded X.509 cert 'RH-IMA-CA: Red Hat IMA CA: fb31825dd0e073685b264e3038963673f753959a'
Apr 24 08:55:49 host0 kernel: zswap: loaded using pool lzo/zbud
Apr 24 08:55:49 host0 kernel: page_owner is disabled
Apr 24 08:55:49 host0 kernel: Key type big_key registered
Apr 24 08:55:49 host0 kernel: Key type encrypted registered
Apr 24 08:55:49 host0 kernel: ima: No TPM chip found, activating TPM-bypass!
Apr 24 08:55:49 host0 kernel: Loading compiled-in module X.509 certificates
Apr 24 08:55:49 host0 kernel: Loaded X.509 cert 'Red Hat Enterprise Linux kernel signing key: 7abe215eec6907198cbaf2dcd53a124e600c6694'
Apr 24 08:55:49 host0 kernel: ima: Allocated hash algorithm: sha256
Apr 24 08:55:49 host0 kernel: ima: No architecture policies found
Apr 24 08:55:49 host0 kernel: evm: Initialising EVM extended attributes:
Apr 24 08:55:49 host0 kernel: evm: security.selinux
Apr 24 08:55:49 host0 kernel: evm: security.SMACK64 (disabled)
Apr 24 08:55:49 host0 kernel: evm: security.SMACK64EXEC (disabled)
Apr 24 08:55:49 host0 kernel: evm: security.SMACK64TRANSMUTE (disabled)
Apr 24 08:55:49 host0 kernel: evm: security.SMACK64MMAP (disabled)
Apr 24 08:55:49 host0 kernel: evm: security.apparmor (disabled)
Apr 24 08:55:49 host0 kernel: evm: security.ima
Apr 24 08:55:49 host0 kernel: evm: security.capability
Apr 24 08:55:49 host0 kernel: evm: HMAC attrs: 0x1
Apr 24 08:55:49 host0 kernel: usb 1-1: New USB device found, idVendor=0627, idProduct=0001, bcdDevice= 0.00
Apr 24 08:55:49 host0 kernel: usb 1-1: New USB device strings: Mfr=1, Product=3, SerialNumber=10
Apr 24 08:55:49 host0 kernel: usb 1-1: Product: QEMU USB Tablet
Apr 24 08:55:49 host0 kernel: usb 1-1: Manufacturer: QEMU
Apr 24 08:55:49 host0 kernel: usb 1-1: SerialNumber: 28754-0000:00:02.1:00.0-1
Apr 24 08:55:49 host0 kernel: input: QEMU QEMU USB Tablet as /devices/pci0000:00/0000:00:02.1/0000:02:00.0/usb1/1-1/1-1:1.0/0003:0627:0001.0001/input/input4
Apr 24 08:55:49 host0 kernel: hid-generic 0003:0627:0001.0001: input,hidraw0: USB HID v0.01 Mouse [QEMU QEMU USB Tablet] on usb-0000:02:00.0-1/input0
Apr 24 08:55:49 host0 kernel: input: ImExPS/2 Generic Explorer Mouse as /devices/platform/i8042/serio1/input/input3
Apr 24 08:55:49 host0 kernel: Freeing unused decrypted memory: 2036K
Apr 24 08:55:49 host0 kernel: Freeing unused kernel image (initmem) memory: 3824K
Apr 24 08:55:49 host0 kernel: Write protecting the kernel read-only data: 28672k
Apr 24 08:55:49 host0 kernel: Freeing unused kernel image (rodata/data gap) memory: 848K
Apr 24 08:55:49 host0 kernel: x86/mm: Checked W+X mappings: passed, no W+X pages found.
Apr 24 08:55:49 host0 kernel: Run /init as init process
Apr 24 08:55:49 host0 systemd: systemd 252-18.el9 running in system mode (+PAM +AUDIT +SELINUX -APPARMOR +IMA +SMACK +SECCOMP +GCRYPT +GNUTLS +OPENSSL +ACL +BLKID +CURL +ELFUTILS -FIDO2 +IDN2 -IDN -IPTC +KMOD +LIBCRYPTSETUP +LIBFDISK +PCRE2 -PWQUALITY +P11KIT -QRENCODE +TPM2 +BZIP2 +LZ4 +XZ +ZLIB +ZSTD -BPF_FRAMEWORK +XKBCOMMON +UTMP +SYSVINIT default-hierarchy=unified)
Apr 24 08:55:49 host0 systemd: Detected virtualization kvm.
Apr 24 08:55:49 host0 systemd: Detected architecture x86-64.
Apr 24 08:55:49 host0 systemd: Running in initrd.
Apr 24 08:55:49 host0 systemd: Hostname set to <unknown.obfuscateddohost10.com>.
Apr 24 08:55:49 host0 systemd: Queued start job for default target Initrd Default Target.
Apr 24 08:55:49 host0 systemd: Created slice Slice /system/systemd-hibernate-resume.
Apr 24 08:55:49 host0 systemd: Reached target Initrd /usr File System.
Apr 24 08:55:49 host0 systemd: Reached target Slice Units.
Apr 24 08:55:49 host0 systemd: Reached target Swaps.
Apr 24 08:55:49 host0 systemd: Reached target Timer Units.
Apr 24 08:55:49 host0 systemd: Listening on D-Bus System Message Bus Socket.
Apr 24 08:55:49 host0 systemd: Listening on Journal Socket (/dev/log).
Apr 24 08:55:49 host0 systemd: Listening on Journal Socket.
Apr 24 08:55:49 host0 systemd: Listening on udev Control Socket.
Apr 24 08:55:49 host0 systemd: Listening on udev Kernel Socket.
Apr 24 08:55:49 host0 systemd: Reached target Socket Units.
Apr 24 08:55:49 host0 systemd: Starting Create List of Static Device Nodes...
Apr 24 08:55:49 host0 systemd: Starting Journal Service...
Apr 24 08:55:49 host0 systemd: Starting Load Kernel Modules...
Apr 24 08:55:49 host0 systemd: Starting Create System Users...
Apr 24 08:55:49 host0 systemd: Starting Setup Virtual Console...
Apr 24 08:55:49 host0 systemd: Finished Create List of Static Device Nodes.
Apr 24 08:55:49 host0 systemd: Finished Create System Users.
Apr 24 08:55:49 host0 systemd: Starting Create Static Device Nodes in /dev...
Apr 24 08:55:49 host0 systemd: Finished Create Static Device Nodes in /dev.
Apr 24 08:55:49 host0 kernel: fuse: init (API version 7.36)
Apr 24 08:55:49 host0 systemd: Finished Load Kernel Modules.
Apr 24 08:55:49 host0 systemd: Starting Apply Kernel Variables...
Apr 24 08:55:49 host0 systemd: Finished Apply Kernel Variables.
Apr 24 08:55:49 host0 systemd-journald[260]: Journal started
Apr 24 08:55:49 host0 systemd-journald[260]: Runtime Journal (/run/log/journal/9d450dda0eb545b4851a4dc8aa51f0de) is 8.0M, max 153.4M, 145.4M free.
Apr 24 08:55:49 host0 systemd-sysusers[262]: Creating group 'nobody' with GID 65534.
Apr 24 08:55:49 host0 systemd: Started Journal Service.
Apr 24 08:55:49 host0 systemd-sysusers[262]: Creating group 'users' with GID 100.
Apr 24 08:55:49 host0 systemd-sysusers[262]: Creating group 'dbus' with GID 81.
Apr 24 08:55:49 host0 systemd-sysusers[262]: Creating user 'dbus' (System Message Bus) with UID 81 and GID 81.
Apr 24 08:55:49 host0 systemd-modules-load[261]: Inserted module 'fuse'
Apr 24 08:55:49 host0 systemd[1]: Starting Create Volatile Files and Directories...
Apr 24 08:55:49 host0 systemd[1]: Finished Create Volatile Files and Directories.
Apr 24 08:55:49 host0 systemd[1]: Finished Setup Virtual Console.
Apr 24 08:55:49 host0 systemd[1]: dracut ask for additional cmdline parameters was skipped because no trigger condition checks were met.
Apr 24 08:55:49 host0 systemd[1]: Starting dracut cmdline hook...
Apr 24 08:55:49 host0 dracut-cmdline[276]: dracut-9.3 (Plow) dracut-057-44.git20230822.el9
Apr 24 08:55:49 host0 dracut-cmdline[276]: Using kernel command line parameters:    BOOT_IMAGE=(hd0,msdos1)/vmlinuz-5.14.0-362.8.1.el9_3.x86_64 root=/dev/mapper/root_vg-lv_root ro crashkernel=1G-4G:192M,4G-64G:256M,64G-:512M resume=/dev/mapper/root_vg-lv_swap rd.lvm.lv=root_vg/lv_root rd.lvm.lv=root_vg/lv_swap rhgb quiet
Apr 24 08:55:49 host0 systemd[1]: Finished dracut cmdline hook.
Apr 24 08:55:49 host0 systemd[1]: Starting dracut pre-udev hook...
Apr 24 08:55:49 host0 kernel: device-mapper: core: CONFIG_IMA_DISABLE_HTABLE is disabled. Duplicate IMA measurements will not be recorded in the IMA log.
Apr 24 08:55:49 host0 kernel: device-mapper: uevent: version 1.0.3
Apr 24 08:55:49 host0 kernel: device-mapper: ioctl: 4.48.0-ioctl (2023-03-01) initialised: dm-devel@redhat.com
Apr 24 08:55:49 host0 systemd[1]: Finished dracut pre-udev hook.
Apr 24 08:55:49 host0 systemd[1]: Starting Rule-based Manager for Device Events and Files...
Apr 24 08:55:49 host0 systemd-udevd[388]: Using default interface naming scheme 'rhel-9.0'.
Apr 24 08:55:49 host0 systemd[1]: Started Rule-based Manager for Device Events and Files.
Apr 24 08:55:49 host0 systemd[1]: dracut pre-trigger hook was skipped because no trigger condition checks were met.
Apr 24 08:55:49 host0 systemd[1]: Starting Coldplug All udev Devices...
Apr 24 08:55:49 host0 systemd[1]: Finished Coldplug All udev Devices.
Apr 24 08:55:49 host0 systemd[1]: nm-initrd.service was skipped because of an unmet condition check (ConditionPathExists=/run/NetworkManager/initrd/neednet).
Apr 24 08:55:49 host0 systemd[1]: Reached target Network.
Apr 24 08:55:49 host0 systemd[1]: nm-wait-online-initrd.service was skipped because of an unmet condition check (ConditionPathExists=/run/NetworkManager/initrd/neednet).
Apr 24 08:55:49 host0 systemd[1]: Starting dracut initqueue hook...
Apr 24 08:55:49 host0 systemd[1]: Starting Show Plymouth Boot Screen...
Apr 24 08:55:49 host0 systemd[1]: Received SIGRTMIN+20 from PID 407 (plymouthd).
Apr 24 08:55:49 host0 systemd[1]: sys-module-fuse.device: Failed to enqueue SYSTEMD_WANTS= job, ignoring: Unit sys-fs-fuse-connections.mount not found.
Apr 24 08:55:49 host0 systemd[1]: Started Show Plymouth Boot Screen.
Apr 24 08:55:49 host0 systemd[1]: Dispatch Password Requests to Console Directory Watch was skipped because of an unmet condition check (ConditionPathExists=!/run/plymouth/pid).
Apr 24 08:55:49 host0 systemd[1]: Started Forward Password Requests to Plymouth Directory Watch.
Apr 24 08:55:49 host0 systemd[1]: Reached target Path Units.
Apr 24 08:55:49 host0 kernel: virtio_blk virtio2: 1/0/0 default/read/poll queues
Apr 24 08:55:49 host0 kernel: virtio_blk virtio2: [vda] 20971520 512-byte logical blocks (10.7 GB/10.0 GiB)
Apr 24 08:55:49 host0 kernel: vda: vda1 vda2
Apr 24 08:55:49 host0 kernel: scsi host0: Virtio SCSI HBA
Apr 24 08:55:49 host0 kernel: virtio_net virtio0 enp1s0: renamed from eth0
Apr 24 08:55:49 host0 kernel: ACPI: \_SB_.GSIA: Enabled at IRQ 16
Apr 24 08:55:49 host0 kernel: ahci 0000:00:1f.2: AHCI 0001.0000 32 slots 6 ports 1.5 Gbps 0x3f impl SATA mode
Apr 24 08:55:49 host0 kernel: ahci 0000:00:1f.2: flags: 64bit ncq only 
Apr 24 08:55:49 host0 kernel: ACPI: bus type drm_connector registered
Apr 24 08:55:49 host0 kernel: scsi host1: ahci
Apr 24 08:55:49 host0 kernel: scsi host2: ahci
Apr 24 08:55:49 host0 kernel: ACPI: \_SB_.GSIF: Enabled at IRQ 21
Apr 24 08:55:49 host0 kernel: qxl 0000:00:01.0: vgaarb: deactivate vga console
Apr 24 08:55:49 host0 kernel: scsi host3: ahci
Apr 24 08:55:49 host0 kernel: scsi host4: ahci
Apr 24 08:55:49 host0 kernel: scsi host5: ahci
Apr 24 08:55:49 host0 kernel: scsi host6: ahci
Apr 24 08:55:49 host0 kernel: ata1: SATA max UDMA/133 abar m4096@0xfd01a000 port 0xfd01a100 irq 46
Apr 24 08:55:49 host0 kernel: ata2: SATA max UDMA/133 abar m4096@0xfd01a000 port 0xfd01a180 irq 46
Apr 24 08:55:49 host0 kernel: ata3: SATA max UDMA/133 abar m4096@0xfd01a000 port 0xfd01a200 irq 46
Apr 24 08:55:49 host0 kernel: ata4: SATA max UDMA/133 abar m4096@0xfd01a000 port 0xfd01a280 irq 46
Apr 24 08:55:49 host0 kernel: ata5: SATA max UDMA/133 abar m4096@0xfd01a000 port 0xfd01a300 irq 46
Apr 24 08:55:49 host0 kernel: ata6: SATA max UDMA/133 abar m4096@0xfd01a000 port 0xfd01a380 irq 46
Apr 24 08:55:49 host0 kernel: Console: switching to colour dummy device 80x25
Apr 24 08:55:49 host0 kernel: [drm] Device Version 0.0
Apr 24 08:55:49 host0 kernel: [drm] Compression level 0 log level 0
Apr 24 08:55:49 host0 kernel: [drm] 12286 io pages at offset 0x1000000
Apr 24 08:55:49 host0 kernel: [drm] 16777216 byte draw area at offset 0x0
Apr 24 08:55:49 host0 kernel: [drm] RAM header offset: 0x3ffe000
Apr 24 08:55:49 host0 kernel: [drm] qxl: 16M of VRAM memory size
Apr 24 08:55:49 host0 kernel: [drm] qxl: 63M of IO pages memory ready (VRAM dohost1)
Apr 24 08:55:49 host0 kernel: [drm] qxl: 64M of Surface memory size
Apr 24 08:55:49 host0 kernel: [drm] slot 0 (host1): base 0xf4000000, size 0x03ffe000
Apr 24 08:55:49 host0 kernel: [drm] slot 1 (surfaces): base 0xf8000000, size 0x04000000
Apr 24 08:55:49 host0 kernel: [drm] Initialized qxl 0.1.0 20120117 for 0000:00:01.0 on minor 0
Apr 24 08:55:49 host0 kernel: fbcon: qxldrmfb (fb0) is primary device
Apr 24 08:55:49 host0 kernel: Console: switching to colour frame buffer device 128x48
Apr 24 08:55:49 host0 kernel: qxl 0000:00:01.0: [drm] fb0: qxldrmfb frame buffer device
Apr 24 08:55:50 host0 kernel: ata5: SATA link down (SStatus 0 SControl 300)
Apr 24 08:55:50 host0 kernel: ata2: SATA link down (SStatus 0 SControl 300)
Apr 24 08:55:50 host0 kernel: ata6: SATA link down (SStatus 0 SControl 300)
Apr 24 08:55:50 host0 kernel: ata4: SATA link down (SStatus 0 SControl 300)
Apr 24 08:55:50 host0 kernel: ata3: SATA link down (SStatus 0 SControl 300)
Apr 24 08:55:50 host0 kernel: ata1: SATA link up 1.5 Gbps (SStatus 113 SControl 300)
Apr 24 08:55:50 host0 kernel: ata1.00: ATAPI: QEMU DVD-ROM, 2.5+, max UDMA/100
Apr 24 08:55:50 host0 kernel: ata1.00: applying bridge limits
Apr 24 08:55:50 host0 kernel: ata1.00: configured for UDMA/100
Apr 24 08:55:50 host0 kernel: scsi 1:0:0:0: CD-ROM            QEMU     QEMU DVD-ROM     2.5+ PQ: 0 ANSI: 5
Apr 24 08:55:50 host0 kernel: scsi 1:0:0:0: Attached scsi generic sg0 type 5
Apr 24 08:55:50 host0 kernel: sr 1:0:0:0: [sr0] scsi3-mmc drive: 4x/4x cd/rw xa/form2 tray
Apr 24 08:55:50 host0 kernel: cdrom: Uniform CD-ROM driver Revision: 3.20
Apr 24 08:55:50 host0 dracut-initqueue[513]: Scanning devices vda2  for LVM logical volumes root_vg/lv_root
Apr 24 08:55:50 host0 dracut-initqueue[513]: root_vg/lv_swap
Apr 24 08:55:50 host0 dracut-initqueue[513]:  root_vg/lv_root linear
Apr 24 08:55:50 host0 dracut-initqueue[513]:  root_vg/lv_swap linear
Apr 24 08:55:50 host0 systemd[1]: Found device /dev/mapper/root_vg-lv_root.
Apr 24 08:55:50 host0 systemd[1]: Reached target Initrd Root Device.
Apr 24 08:55:50 host0 systemd[1]: Found device /dev/mapper/root_vg-lv_swap.
Apr 24 08:55:50 host0 systemd[1]: Starting Resume from hibernation using device /dev/mapper/root_vg-lv_swap...
Apr 24 08:55:50 host0 systemd-hibernate-resume[549]: Could not resume from '/dev/mapper/root_vg-lv_swap' (253:1).
Apr 24 08:55:50 host0 systemd[1]: systemd-hibernate-resume@dev-mapper-root_vg\x2dlv_swap.service: Deactivated successfully.
Apr 24 08:55:50 host0 systemd[1]: Finished Resume from hibernation using device /dev/mapper/root_vg-lv_swap.
Apr 24 08:55:50 host0 systemd[1]: Reached target Preparation for Local File Systems.
Apr 24 08:55:50 host0 systemd[1]: Reached target Local File Systems.
Apr 24 08:55:50 host0 systemd[1]: Reached target System Initialization.
Apr 24 08:55:50 host0 systemd[1]: Reached target Basic System.
Apr 24 08:55:50 host0 systemd[1]: Finished dracut initqueue hook.
Apr 24 08:55:50 host0 systemd[1]: Reached target Preparation for Remote File Systems.
Apr 24 08:55:50 host0 systemd[1]: Reached target Remote File Systems.
Apr 24 08:55:50 host0 systemd[1]: Starting dracut pre-mount hook...
Apr 24 08:55:50 host0 systemd[1]: Finished dracut pre-mount hook.
Apr 24 08:55:50 host0 systemd[1]: Starting File System Check on /dev/mapper/root_vg-lv_root...
Apr 24 08:55:50 host0 systemd-fsck[563]: lv_root: recovering journal
Apr 24 08:55:50 host0 systemd-fsck[563]: lv_root: clean, 67215/584064 files, 908783/2332672 blocks
Apr 24 08:55:50 host0 systemd[1]: Finished File System Check on /dev/mapper/root_vg-lv_root.
Apr 24 08:55:50 host0 systemd[1]: Mounting /sysroot...
Apr 24 08:55:50 host0 kernel: EXT4-fs (dm-0): mounted filesystem with ordered data mode. Quota mode: none.
Apr 24 08:55:50 host0 systemd[1]: Mounted /sysroot.
Apr 24 08:55:50 host0 systemd[1]: Reached target Initrd Root File System.
Apr 24 08:55:50 host0 systemd[1]: Starting Mountpoints Configured in the Real Root...
Apr 24 08:55:50 host0 systemd[1]: initrd-parse-etc.service: Deactivated successfully.
Apr 24 08:55:50 host0 systemd[1]: Finished Mountpoints Configured in the Real Root.
Apr 24 08:55:50 host0 systemd[1]: Reached target Initrd File Systems.
Apr 24 08:55:50 host0 systemd[1]: Reached target Initrd Default Target.
Apr 24 08:55:50 host0 systemd[1]: dracut mount hook was skipped because no trigger condition checks were met.
Apr 24 08:55:50 host0 systemd[1]: Starting dracut pre-pivot and cleanup hook...
Apr 24 08:55:50 host0 systemd[1]: Finished dracut pre-pivot and cleanup hook.
Apr 24 08:55:50 host0 systemd[1]: Starting Cleaning Up and Shutting Down Daemons...
Apr 24 08:55:50 host0 systemd[1]: Stopped target Network.
Apr 24 08:55:50 host0 systemd[1]: Stopped target Timer Units.
Apr 24 08:55:50 host0 systemd[1]: dbus.socket: Deactivated successfully.
Apr 24 08:55:50 host0 systemd[1]: Closed D-Bus System Message Bus Socket.
Apr 24 08:55:50 host0 systemd[1]: dracut-pre-pivot.service: Deactivated successfully.
Apr 24 08:55:50 host0 systemd[1]: Stopped dracut pre-pivot and cleanup hook.
Apr 24 08:55:50 host0 systemd[1]: Stopped target Initrd Default Target.
Apr 24 08:55:50 host0 systemd[1]: Stopped target Basic System.
Apr 24 08:55:50 host0 systemd[1]: Stopped target Initrd Root Device.
Apr 24 08:55:50 host0 systemd[1]: Stopped target Initrd /usr File System.
Apr 24 08:55:50 host0 systemd[1]: Stopped target Path Units.
Apr 24 08:55:50 host0 systemd[1]: Stopped target Remote File Systems.
Apr 24 08:55:50 host0 systemd[1]: Stopped target Preparation for Remote File Systems.
Apr 24 08:55:50 host0 systemd[1]: Stopped target Slice Units.
Apr 24 08:55:50 host0 systemd[1]: Stopped target Socket Units.
Apr 24 08:55:50 host0 systemd[1]: Stopped target System Initialization.
Apr 24 08:55:50 host0 systemd[1]: Stopped target Local File Systems.
Apr 24 08:55:50 host0 systemd[1]: Stopped target Preparation for Local File Systems.
Apr 24 08:55:50 host0 systemd[1]: Stopped target Swaps.
Apr 24 08:55:50 host0 systemd[1]: dracut-pre-mount.service: Deactivated successfully.
Apr 24 08:55:50 host0 systemd[1]: Stopped dracut pre-mount hook.
Apr 24 08:55:50 host0 systemd[1]: dracut-initqueue.service: Deactivated successfully.
Apr 24 08:55:50 host0 systemd[1]: Stopped dracut initqueue hook.
Apr 24 08:55:50 host0 systemd[1]: Starting Plymouth switch root service...
Apr 24 08:55:50 host0 systemd[1]: systemd-sysctl.service: Deactivated successfully.
Apr 24 08:55:50 host0 systemd[1]: Stopped Apply Kernel Variables.
Apr 24 08:55:50 host0 systemd[1]: systemd-modules-load.service: Deactivated successfully.
Apr 24 08:55:50 host0 systemd[1]: Stopped Load Kernel Modules.
Apr 24 08:55:50 host0 systemd[1]: systemd-tmpfiles-setup.service: Deactivated successfully.
Apr 24 08:55:50 host0 systemd[1]: Stopped Create Volatile Files and Directories.
Apr 24 08:55:50 host0 systemd[1]: systemd-udev-trigger.service: Deactivated successfully.
Apr 24 08:55:50 host0 systemd[1]: Stopped Coldplug All udev Devices.
Apr 24 08:55:50 host0 systemd[1]: Stopping Rule-based Manager for Device Events and Files...
Apr 24 08:55:50 host0 systemd[1]: run-credentials-systemd\x2dtmpfiles\x2dsetup.service.mount: Deactivated successfully.
Apr 24 08:55:50 host0 systemd[1]: run-credentials-systemd\x2dsysctl.service.mount: Deactivated successfully.
Apr 24 08:55:50 host0 systemd[1]: initrd-cleanup.service: Deactivated successfully.
Apr 24 08:55:50 host0 systemd[1]: Finished Cleaning Up and Shutting Down Daemons.
Apr 24 08:55:50 host0 systemd[1]: systemd-udevd.service: Deactivated successfully.
Apr 24 08:55:50 host0 systemd[1]: Stopped Rule-based Manager for Device Events and Files.
Apr 24 08:55:50 host0 systemd[1]: systemd-udevd-control.socket: Deactivated successfully.
Apr 24 08:55:50 host0 systemd[1]: Closed udev Control Socket.
Apr 24 08:55:50 host0 systemd[1]: systemd-udevd-kernel.socket: Deactivated successfully.
Apr 24 08:55:50 host0 systemd[1]: Closed udev Kernel Socket.
Apr 24 08:55:50 host0 systemd[1]: dracut-pre-udev.service: Deactivated successfully.
Apr 24 08:55:50 host0 systemd[1]: Stopped dracut pre-udev hook.
Apr 24 08:55:50 host0 systemd[1]: dracut-cmdline.service: Deactivated successfully.
Apr 24 08:55:50 host0 systemd[1]: Stopped dracut cmdline hook.
Apr 24 08:55:50 host0 systemd[1]: Starting Cleanup udev Database...
Apr 24 08:55:50 host0 systemd[1]: systemd-tmpfiles-setup-dev.service: Deactivated successfully.
Apr 24 08:55:50 host0 systemd[1]: Stopped Create Static Device Nodes in /dev.
Apr 24 08:55:50 host0 systemd[1]: kmod-static-nodes.service: Deactivated successfully.
Apr 24 08:55:50 host0 systemd[1]: Stopped Create List of Static Device Nodes.
Apr 24 08:55:50 host0 systemd[1]: systemd-sysusers.service: Deactivated successfully.
Apr 24 08:55:50 host0 systemd[1]: Stopped Create System Users.
Apr 24 08:55:50 host0 systemd[1]: initrd-udevadm-cleanup-db.service: Deactivated successfully.
Apr 24 08:55:50 host0 systemd[1]: Finished Cleanup udev Database.
Apr 24 08:55:50 host0 systemd[1]: Reached target Switch Root.
Apr 24 08:55:50 host0 systemd[1]: Finished Plymouth switch root service.
Apr 24 08:55:50 host0 systemd[1]: Starting Switch Root...
Apr 24 08:55:50 host0 systemd[1]: Switching root.
Apr 24 08:55:50 host0 systemd-journald[260]: Journal stopped
Apr 24 08:55:51 host0 systemd-journald: Received SIGTERM from PID 1 (systemd).
Apr 24 08:55:51 host0 kernel: audit: type=1404 audit(1713963350.943:2): enforcing=1 old_enforcing=0 auid=4294967295 ses=4294967295 enabled=1 old-enabled=1 lsm=selinux res=1
Apr 24 08:55:51 host0 kernel: SELinux:  policy capability network_peer_controls=1
Apr 24 08:55:51 host0 kernel: SELinux:  policy capability open_perms=1
Apr 24 08:55:51 host0 kernel: SELinux:  policy capability extended_socket_class=1
Apr 24 08:55:51 host0 kernel: SELinux:  policy capability always_check_network=0
Apr 24 08:55:51 host0 kernel: SELinux:  policy capability cgroup_seclabel=1
Apr 24 08:55:51 host0 kernel: SELinux:  policy capability nnp_nosuid_transition=1
Apr 24 08:55:51 host0 kernel: SELinux:  policy capability genfs_seclabel_symlinks=1
Apr 24 08:55:51 host0 kernel: audit: type=1403 audit(1713963351.019:3): auid=4294967295 ses=4294967295 lsm=selinux res=1
Apr 24 08:55:51 host0 systemd: Successfully loaded SELinux policy in 88.289ms.
Apr 24 08:55:51 host0 systemd: Relabelled /dev, /dev/shm, /run, /sys/fs/cgroup in 32.791ms.
Apr 24 08:55:51 host0 systemd: systemd 252-18.el9 running in system mode (+PAM +AUDIT +SELINUX -APPARMOR +IMA +SMACK +SECCOMP +GCRYPT +GNUTLS +OPENSSL +ACL +BLKID +CURL +ELFUTILS -FIDO2 +IDN2 -IDN -IPTC +KMOD +LIBCRYPTSETUP +LIBFDISK +PCRE2 -PWQUALITY +P11KIT -QRENCODE +TPM2 +BZIP2 +LZ4 +XZ +ZLIB +ZSTD -BPF_FRAMEWORK +XKBCOMMON +UTMP +SYSVINIT default-hierarchy=unified)
Apr 24 08:55:51 host0 systemd: Detected virtualization kvm.
Apr 24 08:55:51 host0 systemd: Detected architecture x86-64.
Apr 24 08:55:51 host0 systemd-rc-local-generator: /etc/rc.d/rc.local is not marked executable, skipping.
Apr 24 08:55:51 host0 systemd: initrd-switch-root.service: Deactivated successfully.
Apr 24 08:55:51 host0 systemd: Stopped Switch Root.
Apr 24 08:55:51 host0 systemd: systemd-journald.service: Scheduled restart job, restart counter is at 1.
Apr 24 08:55:51 host0 systemd: Created slice Slice /system/getty.
Apr 24 08:55:51 host0 systemd: Created slice Slice /system/modprobe.
Apr 24 08:55:51 host0 systemd: Created slice Slice /system/sshd-keygen.
Apr 24 08:55:51 host0 systemd: Created slice Slice /system/systemd-fsck.
Apr 24 08:55:51 host0 systemd: Created slice User and Session Slice.
Apr 24 08:55:51 host0 systemd: Dispatch Password Requests to Console Directory Watch was skipped because of an unmet condition check (ConditionPathExists=!/run/plymouth/pid).
Apr 24 08:55:51 host0 systemd: Started Forward Password Requests to Wall Directory Watch.
Apr 24 08:55:51 host0 systemd: Set up automount Arbitrary Executable File Formats File System Automount Point.
Apr 24 08:55:51 host0 systemd: Reached target Local Encrypted Volumes.
Apr 24 08:55:51 host0 systemd: Stopped target Switch Root.
Apr 24 08:55:51 host0 systemd: Stopped target Initrd File Systems.
Apr 24 08:55:51 host0 systemd: Stopped target Initrd Root File System.
Apr 24 08:55:51 host0 systemd: Reached target Local Integrity Protected Volumes.
Apr 24 08:55:51 host0 systemd: Reached target Slice Units.
Apr 24 08:55:51 host0 systemd: Reached target Local Verity Protected Volumes.
Apr 24 08:55:51 host0 systemd: Listening on Device-mapper event daemon FIFOs.
Apr 24 08:55:51 host0 systemd: Listening on LVM2 poll daemon socket.
Apr 24 08:55:51 host0 systemd: multipathd control socket was skipped because of an unmet condition check (ConditionPathExists=/etc/multipath.conf).
Apr 24 08:55:51 host0 systemd: Listening on Process Core Dump Socket.
Apr 24 08:55:51 host0 systemd: Listening on initctl Compatibility Named Pipe.
Apr 24 08:55:51 host0 systemd: Listening on udev Control Socket.
Apr 24 08:55:51 host0 systemd: Listening on udev Kernel Socket.
Apr 24 08:55:51 host0 systemd: Activating swap /dev/mapper/root_vg-lv_swap...
Apr 24 08:55:51 host0 systemd: Mounting Huge Pages File System...
Apr 24 08:55:51 host0 systemd: Mounting POSIX Message Queue File System...
Apr 24 08:55:51 host0 systemd: Mounting Kernel Debug File System...
Apr 24 08:55:51 host0 systemd: Mounting Kernel Trace File System...
Apr 24 08:55:51 host0 kernel: Adding 102396k swap on /dev/mapper/root_vg-lv_swap.  Priority:-2 extents:1 across:102396k FS
Apr 24 08:55:51 host0 systemd: Starting Create List of Static Device Nodes...
Apr 24 08:55:51 host0 systemd: Starting Monitoring of LVM2 mirrors, snapshots etc. using dmeventd or progress polling...
Apr 24 08:55:51 host0 systemd: Starting Load Kernel Module configfs...
Apr 24 08:55:51 host0 systemd: Starting Load Kernel Module drm...
Apr 24 08:55:51 host0 systemd: Starting Load Kernel Module fuse...
Apr 24 08:55:51 host0 systemd: Starting Read and set NIS dohost1name from /etc/sysconfig/network...
Apr 24 08:55:51 host0 systemd: plymouth-switch-root.service: Deactivated successfully.
Apr 24 08:55:51 host0 systemd: Stopped Plymouth switch root service.
Apr 24 08:55:51 host0 systemd: Stopped Journal Service.
Apr 24 08:55:51 host0 systemd: Starting Journal Service...
Apr 24 08:55:51 host0 systemd: Starting Load Kernel Modules...
Apr 24 08:55:51 host0 systemd: Starting Generate network units from Kernel command line...
Apr 24 08:55:51 host0 systemd: Starting Remount Root and Kernel File Systems...
Apr 24 08:55:51 host0 systemd: Repartition Root Disk was skipped because no trigger condition checks were met.
Apr 24 08:55:51 host0 systemd: Starting Coldplug All udev Devices...
Apr 24 08:55:51 host0 systemd: Activated swap /dev/mapper/root_vg-lv_swap.
Apr 24 08:55:51 host0 systemd: Mounted Huge Pages File System.
Apr 24 08:55:51 host0 systemd: Mounted POSIX Message Queue File System.
Apr 24 08:55:51 host0 systemd: Mounted Kernel Debug File System.
Apr 24 08:55:51 host0 systemd: Mounted Kernel Trace File System.
Apr 24 08:55:51 host0 systemd: Finished Create List of Static Device Nodes.
Apr 24 08:55:51 host0 systemd: modprobe@configfs.service: Deactivated successfully.
Apr 24 08:55:51 host0 systemd: Finished Load Kernel Module configfs.
Apr 24 08:55:51 host0 systemd: modprobe@drm.service: Deactivated successfully.
Apr 24 08:55:51 host0 systemd: Finished Load Kernel Module drm.
Apr 24 08:55:51 host0 systemd: modprobe@fuse.service: Deactivated successfully.
Apr 24 08:55:51 host0 kernel: EXT4-fs (dm-0): re-mounted. Quota mode: none.
Apr 24 08:55:51 host0 systemd: Finished Load Kernel Module fuse.
Apr 24 08:55:51 host0 systemd: Finished Read and set NIS dohost1name from /etc/sysconfig/network.
Apr 24 08:55:51 host0 systemd: Finished Load Kernel Modules.
Apr 24 08:55:51 host0 systemd: Finished Generate network units from Kernel command line.
Apr 24 08:55:51 host0 systemd: Finished Remount Root and Kernel File Systems.
Apr 24 08:55:51 host0 systemd: Reached target Swaps.
Apr 24 08:55:51 host0 systemd: Mounting FUSE Control File System...
Apr 24 08:55:51 host0 systemd: Mounting Kernel Configuration File System...
Apr 24 08:55:51 host0 systemd: tmp.mount: Directory /tmp to mount over is not empty, mounting anyway.
Apr 24 08:55:51 host0 systemd: Mounting Temporary Directory /tmp...
Apr 24 08:55:51 host0 systemd: Special handling of early boot iSCSI sessions was skipped because of an unmet condition check (ConditionDirectoryNotEmpty=/sys/class/iscsi_session).
Apr 24 08:55:51 host0 systemd: First Boot Wizard was skipped because of an unmet condition check (ConditionFirstBoot=yes).
Apr 24 08:55:51 host0 systemd: Rebuild Hardware Database was skipped because of an unmet condition check (ConditionNeedsUpdate=/etc).
Apr 24 08:55:51 host0 systemd: Starting Load/Save Random Seed...
Apr 24 08:55:51 host0 systemd: Starting Apply Kernel Variables...
Apr 24 08:55:51 host0 systemd: Create System Users was skipped because no trigger condition checks were met.
Apr 24 08:55:51 host0 systemd: Starting Create Static Device Nodes in /dev...
Apr 24 08:55:51 host0 systemd: Mounted FUSE Control File System.
Apr 24 08:55:51 host0 systemd: Mounted Kernel Configuration File System.
Apr 24 08:55:51 host0 systemd: Mounted Temporary Directory /tmp.
Apr 24 08:55:51 host0 systemd-journald[638]: Journal started
Apr 24 08:55:51 host0 systemd-journald[638]: Runtime Journal (/run/log/journal/9d450dda0eb545b4851a4dc8aa51f0de) is 8.0M, max 153.4M, 145.4M free.
Apr 24 08:55:51 host0 systemd[1]: Queued start job for default target Multi-User System.
Apr 24 08:55:51 host0 systemd[1]: systemd-journald.service: Deactivated successfully.
Apr 24 08:55:51 host0 systemd: Started Journal Service.
Apr 24 08:55:51 host0 systemd[1]: Starting Flush Journal to Persistent Storage...
Apr 24 08:55:51 host0 systemd-journald[638]: Time spent on flushing to /var/log/journal/9d450dda0eb545b4851a4dc8aa51f0de is 57.833ms for 911 entries.
Apr 24 08:55:51 host0 systemd-journald[638]: System Journal (/var/log/journal/9d450dda0eb545b4851a4dc8aa51f0de) is 104.0M, max 886.8M, 782.7M free.
Apr 24 08:55:51 host0 systemd-journald[638]: Received client request to flush runtime journal.
Apr 24 08:55:51 host0 systemd[1]: Finished Apply Kernel Variables.
Apr 24 08:55:51 host0 lvm[633]:  2 logical volume(s) in volume group "root_vg" monitored
Apr 24 08:55:51 host0 systemd[1]: Finished Load/Save Random Seed.
Apr 24 08:55:51 host0 udevadm[655]: systemd-udev-settle.service is deprecated. Please fix multipathd.service not to pull it in.
Apr 24 08:55:51 host0 systemd[1]: First Boot Complete was skipped because of an unmet condition check (ConditionFirstBoot=yes).
Apr 24 08:55:51 host0 systemd[1]: Finished Monitoring of LVM2 mirrors, snapshots etc. using dmeventd or progress polling.
Apr 24 08:55:51 host0 systemd[1]: Finished Create Static Device Nodes in /dev.
Apr 24 08:55:51 host0 systemd[1]: Starting Rule-based Manager for Device Events and Files...
Apr 24 08:55:51 host0 systemd-udevd[654]: Using default interface naming scheme 'rhel-9.0'.
Apr 24 08:55:51 host0 systemd[1]: Finished Coldplug All udev Devices.
Apr 24 08:55:51 host0 systemd[1]: Starting Wait for udev To Complete Device Initialization...
Apr 24 08:55:51 host0 systemd[1]: Started Rule-based Manager for Device Events and Files.
Apr 24 08:55:51 host0 systemd[1]: Auto-connect to subsystems on FC-NVME devices found during boot was skipped because of an unmet condition check (ConditionPathExists=/sys/class/fc/fc_udev_device/nvme_discovery).
Apr 24 08:55:51 host0 systemd[1]: Starting Load Kernel Module configfs...
Apr 24 08:55:51 host0 systemd[1]: modprobe@configfs.service: Deactivated successfully.
Apr 24 08:55:51 host0 systemd[1]: Finished Load Kernel Module configfs.
Apr 24 08:55:51 host0 systemd[1]: Starting Load Kernel Module fuse...
Apr 24 08:55:51 host0 systemd[1]: modprobe@fuse.service: Deactivated successfully.
Apr 24 08:55:51 host0 systemd[1]: Finished Load Kernel Module fuse.
Apr 24 08:55:51 host0 systemd[1]: Finished Flush Journal to Persistent Storage.
Apr 24 08:55:51 host0 systemd[1]: Condition check resulted in /dev/disk/by-uuid/6253:4f:53:99:54:0247767a441d being skipped.
Apr 24 08:55:51 host0 lvm[685]: PV /dev/vda2 online, VG root_vg is complete.
Apr 24 08:55:51 host0 systemd[1]: Condition check resulted in /dev/virtio-ports/org.qemu.guest_agent.0 being skipped.
Apr 24 08:55:51 host0 systemd[1]: Dispatch Password Requests to Console Directory Watch was skipped because of an unmet condition check (ConditionPathExists=!/run/plymouth/pid).
Apr 24 08:55:51 host0 systemd[1]: Special handling of early boot iSCSI sessions was skipped because of an unmet condition check (ConditionDirectoryNotEmpty=/sys/class/iscsi_session).
Apr 24 08:55:51 host0 systemd[1]: First Boot Wizard was skipped because of an unmet condition check (ConditionFirstBoot=yes).
Apr 24 08:55:51 host0 systemd[1]: First Boot Complete was skipped because of an unmet condition check (ConditionFirstBoot=yes).
Apr 24 08:55:51 host0 systemd[1]: Rebuild Hardware Database was skipped because of an unmet condition check (ConditionNeedsUpdate=/etc).
Apr 24 08:55:51 host0 systemd[1]: Repartition Root Disk was skipped because no trigger condition checks were met.
Apr 24 08:55:51 host0 systemd[1]: Create System Users was skipped because no trigger condition checks were met.
Apr 24 08:55:51 host0 kernel: lpc_ich 0000:00:1f.0: I/O space for GPIO uninitialized
Apr 24 08:55:51 host0 kernel: input: PC Speaker as /devices/platform/pcspkr/input/input5
Apr 24 08:55:51 host0 kernel: i801_smbus 0000:00:1f.3: SMBus using PCI interrupt
Apr 24 08:55:51 host0 kernel: i2c i2c-0: 1/1 memory slots populated (from DMI)
Apr 24 08:55:51 host0 kernel: i2c i2c-0: Memory type 0x07 not supported yet, not instantiating SPD
Apr 24 08:55:51 host0 kernel: iTCO_vendor_support: vendor-support=0
Apr 24 08:55:51 host0 kernel: iTCO_wdt iTCO_wdt.1.auto: Found a ICH9 TCO device (Version=2, TCOBASE=0x0660)
Apr 24 08:55:51 host0 kernel: iTCO_wdt iTCO_wdt.1.auto: initialized. heartbeat=30 sec (nowayout=0)
Apr 24 08:55:51 host0 systemd[1]: Started /usr/sbin/lvm vgchange -aay --autoactivation event root_vg.
Apr 24 08:55:51 host0 lvm[699]:  2 logical volume(s) in volume group "root_vg" now active
Apr 24 08:55:51 host0 systemd[1]: lvm-activate-root_vg.service: Deactivated successfully.
Apr 24 08:55:51 host0 systemd[1]: Finished Wait for udev To Complete Device Initialization.
Apr 24 08:55:51 host0 systemd[1]: Device-Mapper Multipath Device Controller was skipped because of an unmet condition check (ConditionPathExists=/etc/multipath.conf).
Apr 24 08:55:51 host0 systemd[1]: Reached target Preparation for Local File Systems.
Apr 24 08:55:51 host0 systemd[1]: Starting File System Check on /dev/disk/by-uuid/6253:4f:53:99:54:0247767a441d...
Apr 24 08:55:51 host0 systemd-fsck[712]: boot: recovering journal
Apr 24 08:55:51 host0 systemd-fsck[712]: boot: clean, 382/65536 files, 102708/262144 blocks
Apr 24 08:55:51 host0 systemd[1]: Finished File System Check on /dev/disk/by-uuid/6253:4f:53:99:54:0247767a441d.
Apr 24 08:55:52 host0 systemd[1]: Mounting /boot...
Apr 24 08:55:52 host0 kernel: EXT4-fs (vda1): mounted filesystem with ordered data mode. Quota mode: none.
Apr 24 08:55:52 host0 systemd[1]: Mounted /boot.
Apr 24 08:55:52 host0 systemd[1]: Reached target Local File Systems.
Apr 24 08:55:52 host0 systemd[1]: Rebuild Dynamic Linker Cache was skipped because no trigger condition checks were met.
Apr 24 08:55:52 host0 systemd[1]: Starting Tell Plymouth To Write Out Runtime Data...
Apr 24 08:55:52 host0 systemd[1]: Mark the need to relabel after reboot was skipped because of an unmet condition check (ConditionSecurity=!selinux).
Apr 24 08:55:52 host0 systemd[1]: Set Up Additional Binary Formats was skipped because no trigger condition checks were met.
Apr 24 08:55:52 host0 systemd[1]: Store a System Token in an EFI Variable was skipped because of an unmet condition check (ConditionPathExists=/sys/firmware/efi/efivars/LoaderFeatures-4a53:4f:53:38:93:940b29bb8c4f).
Apr 24 08:55:52 host0 systemd[1]: Commit a transient machine-id on disk was skipped because of an unmet condition check (ConditionPathIsMountPoint=/etc/machine-id).
Apr 24 08:55:52 host0 systemd[1]: Starting Create Volatile Files and Directories...
Apr 24 08:55:52 host0 systemd[1]: Received SIGRTMIN+20 from PID 407 (plymouthd).
Apr 24 08:55:52 host0 systemd[1]: Finished Tell Plymouth To Write Out Runtime Data.
Apr 24 08:55:52 host0 systemd[1]: Finished Create Volatile Files and Directories.
Apr 24 08:55:52 host0 systemd[1]: Starting Security Auditing Service...
Apr 24 08:55:52 host0 systemd[1]: Rebuild Journal Catalog was skipped because of an unmet condition check (ConditionNeedsUpdate=/var).
Apr 24 08:55:52 host0 systemd[1]: Update is Completed was skipped because no trigger condition checks were met.
Apr 24 08:55:52 host0 auditd[722]: audit dispatcher initialized with q_depth=1200 and 1 active plugins
Apr 24 08:55:52 host0 auditd[722]: Init complete, auditd 3.0.7 listening for events (startup state enable)
Apr 24 08:55:52 host0 augenrules[727]: /sbin/augenrules: No change
Apr 24 08:55:52 host0 augenrules[737]: No rules
Apr 24 08:55:52 host0 augenrules[737]: enabled 1
Apr 24 08:55:52 host0 augenrules[737]: failure 1
Apr 24 08:55:52 host0 augenrules[737]: pid 722
Apr 24 08:55:52 host0 augenrules[737]: rate_limit 0
Apr 24 08:55:52 host0 augenrules[737]: backlog_limit 8192
Apr 24 08:55:52 host0 augenrules[737]: lost 0
Apr 24 08:55:52 host0 augenrules[737]: backlog 4
Apr 24 08:55:52 host0 augenrules[737]: backlog_wait_time 60000
Apr 24 08:55:52 host0 augenrules[737]: backlog_wait_time_actual 0
Apr 24 08:55:52 host0 augenrules[737]: enabled 1
Apr 24 08:55:52 host0 augenrules[737]: failure 1
Apr 24 08:55:52 host0 augenrules[737]: pid 722
Apr 24 08:55:52 host0 augenrules[737]: rate_limit 0
Apr 24 08:55:52 host0 augenrules[737]: backlog_limit 8192
Apr 24 08:55:52 host0 augenrules[737]: lost 0
Apr 24 08:55:52 host0 augenrules[737]: backlog 4
Apr 24 08:55:52 host0 augenrules[737]: backlog_wait_time 60000
Apr 24 08:55:52 host0 augenrules[737]: backlog_wait_time_actual 0
Apr 24 08:55:52 host0 augenrules[737]: enabled 1
Apr 24 08:55:52 host0 augenrules[737]: failure 1
Apr 24 08:55:52 host0 augenrules[737]: pid 722
Apr 24 08:55:52 host0 augenrules[737]: rate_limit 0
Apr 24 08:55:52 host0 augenrules[737]: backlog_limit 8192
Apr 24 08:55:52 host0 augenrules[737]: lost 0
Apr 24 08:55:52 host0 augenrules[737]: backlog 4
Apr 24 08:55:52 host0 augenrules[737]: backlog_wait_time 60000
Apr 24 08:55:52 host0 augenrules[737]: backlog_wait_time_actual 0
Apr 24 08:55:52 host0 systemd[1]: Started Security Auditing Service.
Apr 24 08:55:52 host0 systemd[1]: Starting Record System Boot/Shutdown in UTMP...
Apr 24 08:55:52 host0 systemd[1]: Finished Record System Boot/Shutdown in UTMP.
Apr 24 08:55:52 host0 systemd[1]: Reached target System Initialization.
Apr 24 08:55:52 host0 systemd[1]: Started Monitor /etc/insights-client/.lastupload for modifications.
Apr 24 08:55:52 host0 systemd[1]: Started dnf makecache --timer.
Apr 24 08:55:52 host0 systemd[1]: Started Daily rotation of log files.
Apr 24 08:55:52 host0 systemd[1]: Started Updates mlocate database every day.
Apr 24 08:55:52 host0 systemd[1]: Started Daily Cleanup of Temporary Directories.
Apr 24 08:55:52 host0 systemd[1]: Reached target Path Units.
Apr 24 08:55:52 host0 systemd[1]: Listening on D-Bus System Message Bus Socket.
Apr 24 08:55:52 host0 systemd[1]: Listening on Open-iSCSI iscsid Socket.
Apr 24 08:55:52 host0 systemd[1]: Listening on Open-iSCSI iscsiuio Socket.
Apr 24 08:55:52 host0 systemd[1]: Listening on SSSD Kerberos Cache Manager responder socket.
Apr 24 08:55:52 host0 systemd[1]: Reached target Socket Units.
Apr 24 08:55:52 host0 systemd[1]: Starting D-Bus System Message Bus...
Apr 24 08:55:52 host0 systemd[1]: TPM2 PCR Barrier (Initialization) was skipped because of an unmet condition check (ConditionPathExists=/sys/firmware/efi/efivars/StubPcrKernelImage-4a53:4f:53:38:93:940b29bb8c4f).
Apr 24 08:55:52 host0 systemd[1]: Started D-Bus System Message Bus.
Apr 24 08:55:52 host0 systemd[1]: Reached target Basic System.
Apr 24 08:55:52 host0 systemd[1]: Starting NTP client/server...
Apr 24 08:55:52 host0 systemd[1]: Starting Restore /run/initramfs on shutdown...
Apr 24 08:55:52 host0 systemd[1]: Starting firewalld - dynamic firewall daemon...
Apr 24 08:55:52 host0 systemd[1]: Started irqbalance daemon.
Apr 24 08:55:52 host0 systemd[1]: Started libstoragemgmt plug-in server daemon.
Apr 24 08:55:52 host0 systemd[1]: Started Machine Check Exception Logging Daemon.
Apr 24 08:55:52 host0 systemd[1]: Software RAID monitoring and management was skipped because of an unmet condition check (ConditionPathExists=/etc/mdadm.conf).
Apr 24 08:55:52 host0 systemd[1]: Load CPU microcode update was skipped because of an unmet condition check (ConditionPathExists=/sys/devices/system/cpu/microcode/reload).
Apr 24 08:55:52 host0 systemd[1]: Started QEMU Guest Agent.
Apr 24 08:55:52 host0 systemd[1]: Self Monitoring and Reporting Technology (SMART) Daemon was skipped because of an unmet condition check (ConditionVirtualization=no).
Apr 24 08:55:52 host0 systemd[1]: OpenSSH ecdsa Server Key Generation was skipped because no trigger condition checks were met.
Apr 24 08:55:52 host0 systemd[1]: OpenSSH ed25519 Server Key Generation was skipped because no trigger condition checks were met.
Apr 24 08:55:52 host0 systemd[1]: OpenSSH rsa Server Key Generation was skipped because no trigger condition checks were met.
Apr 24 08:55:52 host0 systemd[1]: Reached target sshd-keygen.target.
Apr 24 08:55:52 host0 systemd[1]: System Security Services Daemon was skipped because no trigger condition checks were met.
Apr 24 08:55:52 host0 systemd[1]: Reached target User and Group Name Lookups.
Apr 24 08:55:52 host0 systemd[1]: Starting User Login Management...
Apr 24 08:55:52 host0 systemd[1]: Starting Rotate log files...
Apr 24 08:55:52 host0 systemd[1]: Started Update a database for mlocate.
Apr 24 08:55:52 host0 dbus-broker-lau[745]: Ready
Apr 24 08:55:52 host0 systemd[1]: Finished Restore /run/initramfs on shutdown.
Apr 24 08:55:52 host0 mcelog[752]: mcelog: ERROR: AMD Processor family 23: mcelog does not support this processor.  Please use the edac_mce_amd module instead.
Apr 24 08:55:52 host0 mcelog[752]: CPU is unsupported
Apr 24 08:55:52 host0 systemd[1]: mcelog.service: host1 process exited, code=exited, status=1/FAILURE
Apr 24 08:55:52 host0 systemd[1]: mcelog.service: Failed with result 'exit-code'.
Apr 24 08:55:52 host0 systemd-logind[754]: New seat seat0.
Apr 24 08:55:52 host0 chronyd[763]: chronyd version 4.3 starting (+CMDMON +NTP +REFCLOCK +RTC +PRIVDROP +SCFILTER +SIGND +ASYNCDNS +NTS +SECHASH +IPV6 +DEBUG)
Apr 24 08:55:52 host0 chronyd[763]: Frequency -16.544 +/- 0.052 ppm read from /var/lib/chrony/drift
Apr 24 08:55:52 host0 chronyd[763]: Using right/UTC timezone to obtain leap second data
Apr 24 08:55:52 host0 chronyd[763]: Loaded seccomp filter (level 2)
Apr 24 08:55:52 host0 systemd[1]: Started NTP client/server.
Apr 24 08:55:52 host0 systemd-logind[754]: Watching system buttons on /dev/input/event0 (Power Button)
Apr 24 08:55:52 host0 systemd-logind[754]: Watching system buttons on /dev/input/event1 (AT Translated Set 2 keyboard)
Apr 24 08:55:52 host0 systemd[1]: Started User Login Management.
Apr 24 08:55:52 host0 systemd[1]: logrotate.service: Deactivated successfully.
Apr 24 08:55:52 host0 systemd[1]: Finished Rotate log files.
Apr 24 08:55:52 host0 systemd[1]: Started firewalld - dynamic firewall daemon.
Apr 24 08:55:52 host0 systemd[1]: Reached target Preparation for Network.
Apr 24 08:55:52 host0 systemd[1]: Starting Network Manager...
Apr 24 08:55:52 host0 NetworkManager[770]: <info>  [1713963352.6810] NetworkManager (version 1.44.0-3.el9) is starting... (boot:dd53:4f:53:ec:c1:11dcd119f081)
Apr 24 08:55:52 host0 NetworkManager[770]: <info>  [1713963352.6814] Read config: /etc/NetworkManager/NetworkManager.conf (lib: 00-server.conf) (run: 15-carrier-timeout.conf)
Apr 24 08:55:52 host0 NetworkManager[770]: <info>  [1713963352.6869] manager[0x55f841854080]: monitoring kernel firmware directory '/lib/firmware'.
Apr 24 08:55:52 host0 systemd[1]: Starting Hostname Service...
Apr 24 08:55:52 host0 systemd[1]: Started Hostname Service.
Apr 24 08:55:52 host0 NetworkManager[770]: <info>  [1713963352.7360] hostname: hostname: using hostnamed
Apr 24 08:55:52 host0 NetworkManager[770]: <info>  [1713963352.7361] hostname: static hostname changed from (none) to "unknown.obfuscateddohost10.com"
Apr 24 08:55:52 host0 NetworkManager[770]: <info>  [1713963352.7368] dns-mgr: init: dns=default,systemd-resolved rc-manager=symlink (auto)
Apr 24 08:55:52 host0 NetworkManager[770]: <info>  [1713963352.7472] manager[0x55f841854080]: rfkill: Wi-Fi hardware radio set enabled
Apr 24 08:55:52 host0 NetworkManager[770]: <info>  [1713963352.7472] manager[0x55f841854080]: rfkill: WWAN hardware radio set enabled
Apr 24 08:55:52 host0 systemd[1]: Listening on Load/Save RF Kill Switch Status /dev/rfkill Watch.
Apr 24 08:55:52 host0 NetworkManager[770]: <info>  [1713963352.7521] Loaded device plugin: NMTeamFactory (/usr/lib64/NetworkManager/1.44.0-3.el9/libnm-device-plugin-team.so)
Apr 24 08:55:52 host0 NetworkManager[770]: <info>  [1713963352.7522] manager: rfkill: Wi-Fi enabled by radio killswitch; enabled by state file
Apr 24 08:55:52 host0 NetworkManager[770]: <info>  [1713963352.7528] manager: rfkill: WWAN enabled by radio killswitch; enabled by state file
Apr 24 08:55:52 host0 NetworkManager[770]: <info>  [1713963352.7530] manager: Networking is enabled by state file
Apr 24 08:55:52 host0 NetworkManager[770]: <info>  [1713963352.7538] settings: Loaded settings plugin: keyfile (internal)
Apr 24 08:55:52 host0 NetworkManager[770]: <info>  [1713963352.7556] settings: Loaded settings plugin: ifcfg-rh ("/usr/lib64/NetworkManager/1.44.0-3.el9/libnm-settings-plugin-ifcfg-rh.so")
Apr 24 08:55:52 host0 systemd[1]: Starting Network Manager Script Dispatcher Service...
Apr 24 08:55:52 host0 NetworkManager[770]: <info>  [1713963352.7629] dhcp: init: Using DHCP client 'internal'
Apr 24 08:55:52 host0 NetworkManager[770]: <info>  [1713963352.7632] manager: (lo): new Loopback device (/org/freedesktop/NetworkManager/Devices/1)
Apr 24 08:55:52 host0 NetworkManager[770]: <info>  [1713963352.7643] device (lo): state change: unmanaged -> unavailable (reason 'connection-assumed', sys-iface-state: 'external')
Apr 24 08:55:52 host0 NetworkManager[770]: <info>  [1713963352.7647] device (lo): state change: unavailable -> disconnected (reason 'connection-assumed', sys-iface-state: 'external')
Apr 24 08:55:52 host0 NetworkManager[770]: <info>  [1713963352.7653] device (lo): Activation: starting connection 'lo' (6053:4f:53:90:7c:2cbdd582eca0)
Apr 24 08:55:52 host0 NetworkManager[770]: <info>  [1713963352.7661] manager: (enp1s0): new Ethernet device (/org/freedesktop/NetworkManager/Devices/2)
Apr 24 08:55:52 host0 NetworkManager[770]: <info>  [1713963352.7663] device (enp1s0): state change: unmanaged -> unavailable (reason 'managed', sys-iface-state: 'external')
Apr 24 08:55:52 host0 systemd[1]: Started Network Manager Script Dispatcher Service.
Apr 24 08:55:52 host0 systemd[1]: Started Network Manager.
Apr 24 08:55:52 host0 systemd[1]: Reached target Network.
Apr 24 08:55:52 host0 systemd[1]: Starting Network Manager Wait Online...
Apr 24 08:55:52 host0 NetworkManager[770]: <info>  [1713963352.7734] bus-manager: acquired D-Bus service "org.freedesktop.NetworkManager"
Apr 24 08:55:52 host0 systemd[1]: Starting Enable periodic update of entitlement certificates....
Apr 24 08:55:52 host0 systemd[1]: Starting OpenSSH server daemon...
Apr 24 08:55:52 host0 NetworkManager[770]: <info>  [1713963352.7768] device (lo): state change: disconnected -> prepare (reason 'none', sys-iface-state: 'external')
Apr 24 08:55:52 host0 NetworkManager[770]: <info>  [1713963352.7781] device (lo): state change: prepare -> config (reason 'none', sys-iface-state: 'external')
Apr 24 08:55:52 host0 NetworkManager[770]: <info>  [1713963352.7791] device (lo): state change: config -> ip-config (reason 'none', sys-iface-state: 'external')
Apr 24 08:55:52 host0 NetworkManager[770]: <info>  [1713963352.7800] device (enp1s0): carrier: link connected
Apr 24 08:55:52 host0 NetworkManager[770]: <info>  [1713963352.7809] device (lo): state change: ip-config -> ip-check (reason 'none', sys-iface-state: 'external')
Apr 24 08:55:52 host0 systemd[1]: Started Enable periodic update of entitlement certificates..
Apr 24 08:55:52 host0 NetworkManager[770]: <info>  [1713963352.7829] device (enp1s0): state change: unavailable -> disconnected (reason 'carrier-changed', sys-iface-state: 'managed')
Apr 24 08:55:52 host0 NetworkManager[770]: <info>  [1713963352.7842] policy: auto-activating connection 'enp1s0' (9f53:4f:53:4f:2f:1a607688246d)
Apr 24 08:55:52 host0 NetworkManager[770]: <info>  [1713963352.7845] device (enp1s0): Activation: starting connection 'enp1s0' (9f53:4f:53:4f:2f:1a607688246d)
Apr 24 08:55:52 host0 NetworkManager[770]: <info>  [1713963352.7847] device (enp1s0): state change: disconnected -> prepare (reason 'none', sys-iface-state: 'managed')
Apr 24 08:55:52 host0 NetworkManager[770]: <info>  [1713963352.7850] manager: NetworkManager state is now CONNECTING
Apr 24 08:55:52 host0 NetworkManager[770]: <info>  [1713963352.7852] device (enp1s0): state change: prepare -> config (reason 'none', sys-iface-state: 'managed')
Apr 24 08:55:52 host0 NetworkManager[770]: <info>  [1713963352.7864] device (lo): state change: ip-check -> secondaries (reason 'none', sys-iface-state: 'external')
Apr 24 08:55:52 host0 NetworkManager[770]: <info>  [1713963352.7866] device (lo): state change: secondaries -> activated (reason 'none', sys-iface-state: 'external')
Apr 24 08:55:52 host0 NetworkManager[770]: <info>  [1713963352.7869] device (lo): Activation: successful, device activated.
Apr 24 08:55:52 host0 systemd[1]: Started OpenSSH server daemon.
Apr 24 08:55:52 host0 systemd[1]: mlocate-updatedb.service: Deactivated successfully.
Apr 24 08:55:52 host0 systemd[1]: Starting Authorization Manager...
Apr 24 08:55:53 host0 polkitd[857]: Started polkitd version 0.117
Apr 24 08:55:53 host0 systemd[1]: Started Authorization Manager.
Apr 24 08:55:53 host0 NetworkManager[770]: <info>  [1713963353.1245] device (enp1s0): state change: config -> ip-config (reason 'none', sys-iface-state: 'managed')
Apr 24 08:55:53 host0 NetworkManager[770]: <info>  [1713963353.1251] dhcp4 (enp1s0): activation: beginning transaction (timeout in 45 seconds)
Apr 24 08:55:53 host0 NetworkManager[770]: <info>  [1713963353.1305] dhcp4 (enp1s0): state changed new lease, address=100.0.0.1
Apr 24 08:55:53 host0 NetworkManager[770]: <info>  [1713963353.1308] policy: set 'enp1s0' (enp1s0) as default for IPv4 routing and DNS
Apr 24 08:55:53 host0 NetworkManager[770]: <info>  [1713963353.1393] device (enp1s0): state change: ip-config -> ip-check (reason 'none', sys-iface-state: 'managed')
Apr 24 08:55:53 host0 NetworkManager[770]: <info>  [1713963353.1410] device (enp1s0): state change: ip-check -> secondaries (reason 'none', sys-iface-state: 'managed')
Apr 24 08:55:53 host0 NetworkManager[770]: <info>  [1713963353.1415] device (enp1s0): state change: secondaries -> activated (reason 'none', sys-iface-state: 'managed')
Apr 24 08:55:53 host0 NetworkManager[770]: <info>  [1713963353.1421] manager: NetworkManager state is now CONNECTED_SITE
Apr 24 08:55:53 host0 NetworkManager[770]: <info>  [1713963353.1429] device (enp1s0): Activation: successful, device activated.
Apr 24 08:55:53 host0 NetworkManager[770]: <info>  [1713963353.1435] manager: NetworkManager state is now CONNECTED_GLOBAL
Apr 24 08:55:53 host0 NetworkManager[770]: <info>  [1713963353.1441] manager: startup complete
Apr 24 08:55:53 host0 systemd[1]: Finished Network Manager Wait Online.
Apr 24 08:55:53 host0 systemd[1]: Reached target Network is Online.
Apr 24 08:55:53 host0 systemd[1]: Started Insights Client Timer Task.
Apr 24 08:55:53 host0 systemd[1]: Reached target Timer Units.
Apr 24 08:55:53 host0 systemd[1]: Run Insights Client at boot was skipped because of an unmet condition check (ConditionPathExists=/etc/insights-client/.run_insights_client_next_boot).
Apr 24 08:55:53 host0 systemd[1]: Login and scanning of iSCSI devices was skipped because of an unmet condition check (ConditionDirectoryNotEmpty=/var/lib/iscsi/nodes).
Apr 24 08:55:53 host0 systemd[1]: Reached target Preparation for Remote File Systems.
Apr 24 08:55:53 host0 systemd[1]: Reached target Remote File Systems.
Apr 24 08:55:53 host0 systemd[1]: Starting Crash recovery kernel arming...
Apr 24 08:55:53 host0 systemd[1]: Starting System Logging Service...
Apr 24 08:55:53 host0 systemd[1]: TPM2 PCR Barrier (User) was skipped because of an unmet condition check (ConditionPathExists=/sys/firmware/efi/efivars/StubPcrKernelImage-4a53:4f:53:38:93:940b29bb8c4f).
Apr 24 08:55:53 host0 systemd[1]: Starting Permit User Sessions...
Apr 24 08:55:53 host0 systemd[1]: Finished Permit User Sessions.
Apr 24 08:55:53 host0 systemd[1]: Started Deferred execution scheduler.
Apr 24 08:55:53 host0 systemd[1]: Started Command Scheduler.
Apr 24 08:55:53 host0 systemd[1]: Starting Hold until boot process finishes up...
Apr 24 08:55:53 host0 systemd[1]: Starting Terminate Plymouth Boot Screen...
Apr 24 08:55:53 host0 systemd[1]: iscsi.service: Unit cannot be reloaded because it is inactive.
Apr 24 08:55:53 host0 systemd[1]: Received SIGRTMIN+21 from PID 407 (plymouthd).
Apr 24 08:55:53 host0 systemd[1]: Finished Hold until boot process finishes up.
